Component: ARM Compiler 5.06 update 6 (build 750) Tool: armlink [4d35ed]

==============================================================================

Section Cross References

    main.o(i.main) refers to board.o(i.APM_MINI_LEDInit) for APM_MINI_LEDInit
    main.o(i.main) refers to main.o(i.Delay) for Delay
    main.o(i.main) refers to board.o(i.APM_MINI_LEDToggle) for APM_MINI_LEDToggle
    system_apm32e10x.o(i.SystemClockConfig) refers to system_apm32e10x.o(i.SystemClock120M) for SystemClock120M
    system_apm32e10x.o(i.SystemCoreClockUpdate) refers to system_apm32e10x.o(.data) for SystemCoreClock
    system_apm32e10x.o(i.SystemInit) refers to system_apm32e10x.o(i.SystemClockConfig) for SystemClockConfig
    startup_apm32e10x_hd.o(STACK) refers (Special) to heapauxi.o(.text) for __use_two_region_memory
    startup_apm32e10x_hd.o(HEAP) refers (Special) to heapauxi.o(.text) for __use_two_region_memory
    startup_apm32e10x_hd.o(RESET) refers (Special) to heapauxi.o(.text) for __use_two_region_memory
    startup_apm32e10x_hd.o(RESET) refers to startup_apm32e10x_hd.o(STACK) for __initial_sp
    startup_apm32e10x_hd.o(RESET) refers to startup_apm32e10x_hd.o(.text) for Reset_Handler
    startup_apm32e10x_hd.o(RESET) refers to apm32e10x_it.o(i.NMI_Handler) for NMI_Handler
    startup_apm32e10x_hd.o(RESET) refers to apm32e10x_it.o(i.HardFault_Handler) for HardFault_Handler
    startup_apm32e10x_hd.o(RESET) refers to apm32e10x_it.o(i.MemManage_Handler) for MemManage_Handler
    startup_apm32e10x_hd.o(RESET) refers to apm32e10x_it.o(i.BusFault_Handler) for BusFault_Handler
    startup_apm32e10x_hd.o(RESET) refers to apm32e10x_it.o(i.UsageFault_Handler) for UsageFault_Handler
    startup_apm32e10x_hd.o(RESET) refers to apm32e10x_it.o(i.SVC_Handler) for SVC_Handler
    startup_apm32e10x_hd.o(RESET) refers to apm32e10x_it.o(i.DebugMon_Handler) for DebugMon_Handler
    startup_apm32e10x_hd.o(RESET) refers to apm32e10x_it.o(i.PendSV_Handler) for PendSV_Handler
    startup_apm32e10x_hd.o(RESET) refers to apm32e10x_it.o(i.SysTick_Handler) for SysTick_Handler
    startup_apm32e10x_hd.o(.text) refers (Special) to heapauxi.o(.text) for __use_two_region_memory
    startup_apm32e10x_hd.o(.text) refers to system_apm32e10x.o(i.SystemInit) for SystemInit
    startup_apm32e10x_hd.o(.text) refers to __main.o(!!!main) for __main
    startup_apm32e10x_hd.o(.text) refers to startup_apm32e10x_hd.o(HEAP) for Heap_Mem
    startup_apm32e10x_hd.o(.text) refers to startup_apm32e10x_hd.o(STACK) for Stack_Mem
    apm32e10x_adc.o(i.ADC_Reset) refers to apm32e10x_rcm.o(i.RCM_EnableAPB2PeriphReset) for RCM_EnableAPB2PeriphReset
    apm32e10x_adc.o(i.ADC_Reset) refers to apm32e10x_rcm.o(i.RCM_DisableAPB2PeriphReset) for RCM_DisableAPB2PeriphReset
    apm32e10x_bakpr.o(i.BAKPR_Reset) refers to apm32e10x_rcm.o(i.RCM_EnableBackupReset) for RCM_EnableBackupReset
    apm32e10x_bakpr.o(i.BAKPR_Reset) refers to apm32e10x_rcm.o(i.RCM_DisableBackupReset) for RCM_DisableBackupReset
    apm32e10x_can.o(i.CAN_Reset) refers to apm32e10x_rcm.o(i.RCM_EnableAPB1PeriphReset) for RCM_EnableAPB1PeriphReset
    apm32e10x_can.o(i.CAN_Reset) refers to apm32e10x_rcm.o(i.RCM_DisableAPB1PeriphReset) for RCM_DisableAPB1PeriphReset
    apm32e10x_dac.o(i.DAC_Reset) refers to apm32e10x_rcm.o(i.RCM_EnableAPB1PeriphReset) for RCM_EnableAPB1PeriphReset
    apm32e10x_dac.o(i.DAC_Reset) refers to apm32e10x_rcm.o(i.RCM_DisableAPB1PeriphReset) for RCM_DisableAPB1PeriphReset
    apm32e10x_dmc.o(i.DMC_Config) refers to apm32e10x_dmc.o(i.DMC_ConfigTiming) for DMC_ConfigTiming
    apm32e10x_dmc.o(i.DMC_ConfigStructInit) refers to apm32e10x_dmc.o(i.DMC_ConfigTimingStructInit) for DMC_ConfigTimingStructInit
    apm32e10x_fmc.o(i.FMC_ConfigUserOptionByte) refers to apm32e10x_fmc.o(i.FMC_WaitForLastOperation) for FMC_WaitForLastOperation
    apm32e10x_fmc.o(i.FMC_DisableReadOutProtection) refers to apm32e10x_fmc.o(i.FMC_WaitForLastOperation) for FMC_WaitForLastOperation
    apm32e10x_fmc.o(i.FMC_EnableReadOutProtection) refers to apm32e10x_fmc.o(i.FMC_WaitForLastOperation) for FMC_WaitForLastOperation
    apm32e10x_fmc.o(i.FMC_EnableWriteProtection) refers to apm32e10x_fmc.o(i.FMC_WaitForLastOperation) for FMC_WaitForLastOperation
    apm32e10x_fmc.o(i.FMC_EraseAllPage) refers to apm32e10x_fmc.o(i.FMC_WaitForLastOperation) for FMC_WaitForLastOperation
    apm32e10x_fmc.o(i.FMC_EraseOptionBytes) refers to apm32e10x_fmc.o(i.FMC_GetReadProtectionStatus) for FMC_GetReadProtectionStatus
    apm32e10x_fmc.o(i.FMC_EraseOptionBytes) refers to apm32e10x_fmc.o(i.FMC_WaitForLastOperation) for FMC_WaitForLastOperation
    apm32e10x_fmc.o(i.FMC_ErasePage) refers to apm32e10x_fmc.o(i.FMC_WaitForLastOperation) for FMC_WaitForLastOperation
    apm32e10x_fmc.o(i.FMC_ProgramHalfWord) refers to apm32e10x_fmc.o(i.__set_PRIMASK) for __set_PRIMASK
[...]
    Removing apm32e10x_dma.o(i.DMA_ReadStatusFlag), (48 bytes).
    Removing apm32e10x_dma.o(i.DMA_Reset), (332 bytes).
    Removing apm32e10x_dmc.o(.rev16_text), (4 bytes).
    Removing apm32e10x_dmc.o(.revsh_text), (4 bytes).
    Removing apm32e10x_dmc.o(.rrx_text), (6 bytes).
    Removing apm32e10x_dmc.o(i.DMC_Config), (204 bytes).
    Removing apm32e10x_dmc.o(i.DMC_ConfigAddrWidth), (28 bytes).
    Removing apm32e10x_dmc.o(i.DMC_ConfigAutoRefreshNumDuringInit), (18 bytes).
    Removing apm32e10x_dmc.o(i.DMC_ConfigBankWidth), (18 bytes).
    Removing apm32e10x_dmc.o(i.DMC_ConfigClockPhase), (20 bytes).
    Removing apm32e10x_dmc.o(i.DMC_ConfigFullRefreshAfterSR), (18 bytes).
    Removing apm32e10x_dmc.o(i.DMC_ConfigFullRefreshBeforeSR), (18 bytes).
    Removing apm32e10x_dmc.o(i.DMC_ConfigMemorySize), (18 bytes).
    Removing apm32e10x_dmc.o(i.DMC_ConfigOpenBank), (18 bytes).
    Removing apm32e10x_dmc.o(i.DMC_ConfigPrechargeType), (18 bytes).
    Removing apm32e10x_dmc.o(i.DMC_ConfigRefreshPeriod), (18 bytes).
    Removing apm32e10x_dmc.o(i.DMC_ConfigStableTimePowerup), (18 bytes).
    Removing apm32e10x_dmc.o(i.DMC_ConfigStructInit), (32 bytes).
    Removing apm32e10x_dmc.o(i.DMC_ConfigTiming), (202 bytes).
    Removing apm32e10x_dmc.o(i.DMC_ConfigTimingStructInit), (94 bytes).
    Removing apm32e10x_dmc.o(i.DMC_Disable), (20 bytes).
    Removing apm32e10x_dmc.o(i.DMC_EixtSlefRefreshMode), (18 bytes).
    Removing apm32e10x_dmc.o(i.DMC_Enable), (20 bytes).
    Removing apm32e10x_dmc.o(i.DMC_EnableInit), (20 bytes).
    Removing apm32e10x_dmc.o(i.DMC_EnableUpdateMode), (22 bytes).
    Removing apm32e10x_dmc.o(i.DMC_EnterPowerdownMode), (20 bytes).
    Removing apm32e10x_dmc.o(i.DMC_EnterSlefRefreshMode), (20 bytes).
    Removing apm32e10x_dmc.o(i.DMC_ReadSelfRefreshStatus), (12 bytes).
    Removing apm32e10x_eint.o(.rev16_text), (4 bytes).
    Removing apm32e10x_eint.o(.revsh_text), (4 bytes).
    Removing apm32e10x_eint.o(.rrx_text), (6 bytes).
    Removing apm32e10x_eint.o(i.EINT_ClearIntFlag), (12 bytes).
    Removing apm32e10x_eint.o(i.EINT_ClearStatusFlag), (12 bytes).
    Removing apm32e10x_eint.o(i.EINT_Config), (148 bytes).
    Removing apm32e10x_eint.o(i.EINT_ReadIntFlag), (40 bytes).
    Removing apm32e10x_eint.o(i.EINT_ReadStatusFlag), (24 bytes).
    Removing apm32e10x_eint.o(i.EINT_Reset), (36 bytes).
    Removing apm32e10x_eint.o(i.EINT_SelectSWInterrupt), (16 bytes).
    Removing apm32e10x_emmc.o(.rev16_text), (4 bytes).
    Removing apm32e10x_emmc.o(.revsh_text), (4 bytes).
    Removing apm32e10x_emmc.o(.rrx_text), (6 bytes).
    Removing apm32e10x_emmc.o(i.EMMC_ClearIntFlag), (72 bytes).
    Removing apm32e10x_emmc.o(i.EMMC_ClearStatusFlag), (64 bytes).
    Removing apm32e10x_emmc.o(i.EMMC_ConfigNAND), (136 bytes).
    Removing apm32e10x_emmc.o(i.EMMC_ConfigNANDStructInit), (54 bytes).
    Removing apm32e10x_emmc.o(i.EMMC_ConfigNORSRAM), (230 bytes).
    Removing apm32e10x_emmc.o(i.EMMC_ConfigNORSRAMStructInit), (114 bytes).
    Removing apm32e10x_emmc.o(i.EMMC_ConfigPCCard), (132 bytes).
    Removing apm32e10x_emmc.o(i.EMMC_ConfigPCCardStructInit), (60 bytes).
    Removing apm32e10x_emmc.o(i.EMMC_DisableInterrupt), (64 bytes).
    Removing apm32e10x_emmc.o(i.EMMC_DisableNAND), (44 bytes).
    Removing apm32e10x_emmc.o(i.EMMC_DisableNANDECC), (48 bytes).
    Removing apm32e10x_emmc.o(i.EMMC_DisableNORSRAM), (28 bytes).
    Removing apm32e10x_emmc.o(i.EMMC_DisablePCCARD), (24 bytes).
    Removing apm32e10x_emmc.o(i.EMMC_EnableInterrupt), (64 bytes).
    Removing apm32e10x_emmc.o(i.EMMC_EnableNAND), (48 bytes).
    Removing apm32e10x_emmc.o(i.EMMC_EnableNANDECC), (44 bytes).
    Removing apm32e10x_emmc.o(i.EMMC_EnableNORSRAM), (22 bytes).
    Removing apm32e10x_emmc.o(i.EMMC_EnablePCCARD), (24 bytes).
    Removing apm32e10x_emmc.o(i.EMMC_ReadECC), (28 bytes).
    Removing apm32e10x_emmc.o(i.EMMC_ReadIntFlag), (64 bytes).
    Removing apm32e10x_emmc.o(i.EMMC_ReadStatusFlag), (52 bytes).
    Removing apm32e10x_emmc.o(i.EMMC_ResetNAND), (68 bytes).
    Removing apm32e10x_emmc.o(i.EMMC_ResetNORSRAM), (54 bytes).
    Removing apm32e10x_emmc.o(i.EMMC_ResetPCCard), (40 bytes).
    Removing apm32e10x_fmc.o(.rev16_text), (4 bytes).
    Removing apm32e10x_fmc.o(.revsh_text), (4 bytes).
    Removing apm32e10x_fmc.o(.rrx_text), (6 bytes).
    Removing apm32e10x_fmc.o(i.FMC_ClearStatusFlag), (12 bytes).
    Removing apm32e10x_fmc.o(i.FMC_ConfigLatency), (20 bytes).
    Removing apm32e10x_fmc.o(i.FMC_ConfigUserOptionByte), (108 bytes).
    Removing apm32e10x_fmc.o(i.FMC_DisableHalfCycleAccess), (20 bytes).
    Removing apm32e10x_fmc.o(i.FMC_DisableInterrupt), (36 bytes).
    Removing apm32e10x_fmc.o(i.FMC_DisablePrefetchBuffer), (20 bytes).
    Removing apm32e10x_fmc.o(i.FMC_DisableReadOutProtection), (160 bytes).
    Removing apm32e10x_fmc.o(i.FMC_EnableHalfCycleAccess), (20 bytes).
    Removing apm32e10x_fmc.o(i.FMC_EnableInterrupt), (44 bytes).
    Removing apm32e10x_fmc.o(i.FMC_EnablePrefetchBuffer), (20 bytes).
    Removing apm32e10x_fmc.o(i.FMC_EnableReadOutProtection), (160 bytes).
    Removing apm32e10x_fmc.o(i.FMC_EnableWriteProtection), (208 bytes).
    Removing apm32e10x_fmc.o(i.FMC_EraseAllPage), (76 bytes).
    Removing apm32e10x_fmc.o(i.FMC_EraseOptionBytes), (168 bytes).
    Removing apm32e10x_fmc.o(i.FMC_ErasePage), (80 bytes).
    Removing apm32e10x_fmc.o(i.FMC_GetReadProtectionStatus), (24 bytes).
    Removing apm32e10x_fmc.o(i.FMC_Lock), (20 bytes).
    Removing apm32e10x_fmc.o(i.FMC_ProgramHalfWord), (80 bytes).
    Removing apm32e10x_fmc.o(i.FMC_ProgramOptionByteData), (88 bytes).
    Removing apm32e10x_fmc.o(i.FMC_ProgramWord), (124 bytes).
    Removing apm32e10x_fmc.o(i.FMC_ReadOptionByteWriteProtection), (12 bytes).
    Removing apm32e10x_fmc.o(i.FMC_ReadPrefetchBufferStatus), (16 bytes).
    Removing apm32e10x_fmc.o(i.FMC_ReadStatus), (52 bytes).
    Removing apm32e10x_fmc.o(i.FMC_ReadStatusFlag), (44 bytes).
    Removing apm32e10x_fmc.o(i.FMC_ReadUserOptionByte), (16 bytes).
    Removing apm32e10x_fmc.o(i.FMC_Unlock), (24 bytes).
    Removing apm32e10x_fmc.o(i.FMC_WaitForLastOperation), (38 bytes).
    Removing apm32e10x_fmc.o(i.__set_PRIMASK), (6 bytes).
    Removing apm32e10x_gpio.o(.rev16_text), (4 bytes).
    Removing apm32e10x_gpio.o(.revsh_text), (4 bytes).
    Removing apm32e10x_gpio.o(.rrx_text), (6 bytes).
    Removing apm32e10x_gpio.o(i.GPIO_AFIOReset), (16 bytes).
    Removing apm32e10x_gpio.o(i.GPIO_ConfigEINTLine), (164 bytes).
    Removing apm32e10x_gpio.o(i.GPIO_ConfigEventOutput), (28 bytes).
    Removing apm32e10x_gpio.o(i.GPIO_ConfigPinLock), (18 bytes).
    Removing apm32e10x_gpio.o(i.GPIO_ConfigPinRemap), (88 bytes).
    Removing apm32e10x_gpio.o(i.GPIO_DisableEventOutput), (20 bytes).
    Removing apm32e10x_gpio.o(i.GPIO_EnableEventOutput), (20 bytes).
    Removing apm32e10x_gpio.o(i.GPIO_ReadInputBit), (18 bytes).
    Removing apm32e10x_gpio.o(i.GPIO_ReadInputPort), (8 bytes).
    Removing apm32e10x_gpio.o(i.GPIO_ReadOutputBit), (18 bytes).
    Removing apm32e10x_gpio.o(i.GPIO_ReadOutputPort), (8 bytes).
    Removing apm32e10x_gpio.o(i.GPIO_Reset), (116 bytes).
    Removing apm32e10x_gpio.o(i.GPIO_ResetBits), (4 bytes).
    Removing apm32e10x_gpio.o(i.GPIO_SetBits), (4 bytes).
    Removing apm32e10x_gpio.o(i.GPIO_StructInit), (16 bytes).
    Removing apm32e10x_gpio.o(i.GPIO_WriteBitValue), (10 bytes).
    Removing apm32e10x_gpio.o(i.GPIO_WriteOutputPort), (4 bytes).
    Removing apm32e10x_i2c.o(.rev16_text), (4 bytes).
    Removing apm32e10x_i2c.o(.revsh_text), (4 bytes).
    Removing apm32e10x_i2c.o(.rrx_text), (6 bytes).
    Removing apm32e10x_i2c.o(i.I2C_ClearIntFlag), (12 bytes).
    Removing apm32e10x_i2c.o(i.I2C_ClearStatusFlag), (94 bytes).
    Removing apm32e10x_i2c.o(i.I2C_Config), (260 bytes).
    Removing apm32e10x_i2c.o(i.I2C_ConfigFastModeDutyCycle), (30 bytes).
    Removing apm32e10x_i2c.o(i.I2C_ConfigNACKPosition), (26 bytes).
    Removing apm32e10x_i2c.o(i.I2C_ConfigOwnAddress2), (10 bytes).
    Removing apm32e10x_i2c.o(i.I2C_ConfigPECPosition), (26 bytes).
    Removing apm32e10x_i2c.o(i.I2C_ConfigSMBusAlert), (26 bytes).
    Removing apm32e10x_i2c.o(i.I2C_ConfigStructInit), (30 bytes).
    Removing apm32e10x_i2c.o(i.I2C_Disable), (10 bytes).
    Removing apm32e10x_i2c.o(i.I2C_DisableARP), (10 bytes).
    Removing apm32e10x_i2c.o(i.I2C_DisableAcknowledge), (10 bytes).
    Removing apm32e10x_i2c.o(i.I2C_DisableDMA), (10 bytes).
    Removing apm32e10x_i2c.o(i.I2C_DisableDMALastTransfer), (10 bytes).
    Removing apm32e10x_i2c.o(i.I2C_DisableDualAddress), (10 bytes).
    Removing apm32e10x_i2c.o(i.I2C_DisableGeneralCall), (10 bytes).
    Removing apm32e10x_i2c.o(i.I2C_DisableGenerateStart), (10 bytes).
    Removing apm32e10x_i2c.o(i.I2C_DisableGenerateStop), (10 bytes).
    Removing apm32e10x_i2c.o(i.I2C_DisableInterrupt), (8 bytes).
    Removing apm32e10x_i2c.o(i.I2C_DisablePEC), (10 bytes).
    Removing apm32e10x_i2c.o(i.I2C_DisablePECTransmit), (10 bytes).
    Removing apm32e10x_i2c.o(i.I2C_DisableSoftwareReset), (10 bytes).
    Removing apm32e10x_i2c.o(i.I2C_DisableStretchClock), (12 bytes).
    Removing apm32e10x_i2c.o(i.I2C_Enable), (12 bytes).
    Removing apm32e10x_i2c.o(i.I2C_EnableARP), (12 bytes).
    Removing apm32e10x_i2c.o(i.I2C_EnableAcknowledge), (14 bytes).
    Removing apm32e10x_i2c.o(i.I2C_EnableDMA), (14 bytes).
    Removing apm32e10x_i2c.o(i.I2C_EnableDMALastTransfer), (14 bytes).
    Removing apm32e10x_i2c.o(i.I2C_EnableDualAddress), (12 bytes).
    Removing apm32e10x_i2c.o(i.I2C_EnableGeneralCall), (12 bytes).
    Removing apm32e10x_i2c.o(i.I2C_EnableGenerateStart), (14 bytes).
    Removing apm32e10x_i2c.o(i.I2C_EnableGenerateStop), (14 bytes).
    Removing apm32e10x_i2c.o(i.I2C_EnableInterrupt), (8 bytes).
    Removing apm32e10x_i2c.o(i.I2C_EnablePEC), (12 bytes).
    Removing apm32e10x_i2c.o(i.I2C_EnablePECTransmit), (14 bytes).
    Removing apm32e10x_i2c.o(i.I2C_EnableSoftwareReset), (14 bytes).
    Removing apm32e10x_i2c.o(i.I2C_EnableStretchClock), (10 bytes).
    Removing apm32e10x_i2c.o(i.I2C_ReadEventStatus), (44 bytes).
    Removing apm32e10x_i2c.o(i.I2C_ReadIntFlag), (36 bytes).
    Removing apm32e10x_i2c.o(i.I2C_ReadLastEvent), (30 bytes).
    Removing apm32e10x_i2c.o(i.I2C_ReadPEC), (10 bytes).
    Removing apm32e10x_i2c.o(i.I2C_ReadRegister), (86 bytes).
    Removing apm32e10x_i2c.o(i.I2C_ReadStatusFlag), (208 bytes).
    Removing apm32e10x_i2c.o(i.I2C_Reset), (52 bytes).
    Removing apm32e10x_i2c.o(i.I2C_RxData), (8 bytes).
    Removing apm32e10x_i2c.o(i.I2C_Tx7BitAddress), (32 bytes).
    Removing apm32e10x_i2c.o(i.I2C_TxData), (10 bytes).
    Removing apm32e10x_iwdt.o(.rev16_text), (4 bytes).
    Removing apm32e10x_iwdt.o(.revsh_text), (4 bytes).
    Removing apm32e10x_iwdt.o(.rrx_text), (6 bytes).
    Removing apm32e10x_iwdt.o(i.IWDT_ConfigDivider), (12 bytes).
    Removing apm32e10x_iwdt.o(i.IWDT_ConfigReload), (12 bytes).
    Removing apm32e10x_iwdt.o(i.IWDT_DisableWriteAccess), (20 bytes).
    Removing apm32e10x_iwdt.o(i.IWDT_Enable), (16 bytes).
    Removing apm32e10x_iwdt.o(i.IWDT_EnableWriteAccess), (24 bytes).
    Removing apm32e10x_iwdt.o(i.IWDT_ReadStatusFlag), (24 bytes).
    Removing apm32e10x_iwdt.o(i.IWDT_Refresh), (16 bytes).
    Removing apm32e10x_misc.o(.rev16_text), (4 bytes).
    Removing apm32e10x_misc.o(.revsh_text), (4 bytes).
    Removing apm32e10x_misc.o(.rrx_text), (6 bytes).
    Removing apm32e10x_misc.o(i.NVIC_ConfigPriorityGroup), (20 bytes).
    Removing apm32e10x_misc.o(i.NVIC_ConfigVectorTable), (20 bytes).
    Removing apm32e10x_misc.o(i.NVIC_DisableIRQRequest), (24 bytes).
    Removing apm32e10x_misc.o(i.NVIC_EnableIRQRequest), (160 bytes).
    Removing apm32e10x_misc.o(i.NVIC_ResetystemLowPower), (16 bytes).
    Removing apm32e10x_misc.o(i.NVIC_SetSystemLowPower), (16 bytes).
    Removing apm32e10x_misc.o(i.SysTick_ConfigCLKSource), (40 bytes).
    Removing apm32e10x_pmu.o(.rev16_text), (4 bytes).
    Removing apm32e10x_pmu.o(.revsh_text), (4 bytes).
    Removing apm32e10x_pmu.o(.rrx_text), (6 bytes).
    Removing apm32e10x_pmu.o(i.PMU_ClearStatusFlag), (44 bytes).
    Removing apm32e10x_pmu.o(i.PMU_ConfigPVDLevel), (28 bytes).
    Removing apm32e10x_pmu.o(i.PMU_DisableBackupAccess), (20 bytes).
    Removing apm32e10x_pmu.o(i.PMU_DisablePVD), (20 bytes).
    Removing apm32e10x_pmu.o(i.PMU_DisableWakeUpPin), (20 bytes).
    Removing apm32e10x_pmu.o(i.PMU_EnableBackupAccess), (24 bytes).
    Removing apm32e10x_pmu.o(i.PMU_EnablePVD), (20 bytes).
    Removing apm32e10x_pmu.o(i.PMU_EnableWakeUpPin), (24 bytes).
    Removing apm32e10x_pmu.o(i.PMU_EnterSTANDBYMode), (56 bytes).
    Removing apm32e10x_pmu.o(i.PMU_EnterSTOPMode), (64 bytes).
    Removing apm32e10x_pmu.o(i.PMU_ReadStatusFlag), (48 bytes).
    Removing apm32e10x_pmu.o(i.PMU_Reset), (20 bytes).
    Removing apm32e10x_rcm.o(.rev16_text), (4 bytes).
    Removing apm32e10x_rcm.o(.revsh_text), (4 bytes).
    Removing apm32e10x_rcm.o(.rrx_text), (6 bytes).
    Removing apm32e10x_rcm.o(i.RCM_ClearIntFlag), (20 bytes).
    Removing apm32e10x_rcm.o(i.RCM_ClearStatusFlag), (24 bytes).
    Removing apm32e10x_rcm.o(i.RCM_ConfigADCCLK), (20 bytes).
    Removing apm32e10x_rcm.o(i.RCM_ConfigAHB), (20 bytes).
    Removing apm32e10x_rcm.o(i.RCM_ConfigAPB1), (20 bytes).
    Removing apm32e10x_rcm.o(i.RCM_ConfigAPB2), (20 bytes).
    Removing apm32e10x_rcm.o(i.RCM_ConfigFPUCLK), (20 bytes).
    Removing apm32e10x_rcm.o(i.RCM_ConfigHSE), (84 bytes).
    Removing apm32e10x_rcm.o(i.RCM_ConfigLSE), (76 bytes).
    Removing apm32e10x_rcm.o(i.RCM_ConfigMCO), (20 bytes).
    Removing apm32e10x_rcm.o(i.RCM_ConfigPLL), (44 bytes).
    Removing apm32e10x_rcm.o(i.RCM_ConfigRTCCLK), (20 bytes).
    Removing apm32e10x_rcm.o(i.RCM_ConfigSYSCLK), (20 bytes).
    Removing apm32e10x_rcm.o(i.RCM_ConfigUSBCLK), (20 bytes).
    Removing apm32e10x_rcm.o(i.RCM_DisableAHBPeriphClock), (16 bytes).
    Removing apm32e10x_rcm.o(i.RCM_DisableAPB1PeriphClock), (16 bytes).
    Removing apm32e10x_rcm.o(i.RCM_DisableAPB1PeriphReset), (16 bytes).
    Removing apm32e10x_rcm.o(i.RCM_DisableAPB2PeriphClock), (16 bytes).
    Removing apm32e10x_rcm.o(i.RCM_DisableAPB2PeriphReset), (16 bytes).
    Removing apm32e10x_rcm.o(i.RCM_DisableBackupReset), (20 bytes).
    Removing apm32e10x_rcm.o(i.RCM_DisableCSS), (20 bytes).
    Removing apm32e10x_rcm.o(i.RCM_DisableHSI), (20 bytes).
    Removing apm32e10x_rcm.o(i.RCM_DisableInterrupt), (20 bytes).
    Removing apm32e10x_rcm.o(i.RCM_DisableLSI), (20 bytes).
    Removing apm32e10x_rcm.o(i.RCM_DisablePLL), (20 bytes).
    Removing apm32e10x_rcm.o(i.RCM_DisableRTCCLK), (20 bytes).
    Removing apm32e10x_rcm.o(i.RCM_EnableAHBPeriphClock), (16 bytes).
    Removing apm32e10x_rcm.o(i.RCM_EnableAPB1PeriphClock), (16 bytes).
    Removing apm32e10x_rcm.o(i.RCM_EnableAPB1PeriphReset), (16 bytes).
    Removing apm32e10x_rcm.o(i.RCM_EnableAPB2PeriphReset), (16 bytes).
    Removing apm32e10x_rcm.o(i.RCM_EnableBackupReset), (24 bytes).
    Removing apm32e10x_rcm.o(i.RCM_EnableCSS), (24 bytes).
    Removing apm32e10x_rcm.o(i.RCM_EnableHSI), (20 bytes).
    Removing apm32e10x_rcm.o(i.RCM_EnableInterrupt), (20 bytes).
    Removing apm32e10x_rcm.o(i.RCM_EnableLSI), (20 bytes).
    Removing apm32e10x_rcm.o(i.RCM_EnablePLL), (24 bytes).
    Removing apm32e10x_rcm.o(i.RCM_EnableRTCCLK), (24 bytes).
    Removing apm32e10x_rcm.o(i.RCM_ReadADCCLKFreq), (48 bytes).
    Removing apm32e10x_rcm.o(i.RCM_ReadHCLKFreq), (60 bytes).
    Removing apm32e10x_rcm.o(i.RCM_ReadIntFlag), (24 bytes).
    Removing apm32e10x_rcm.o(i.RCM_ReadPCLKFreq), (76 bytes).
    Removing apm32e10x_rcm.o(i.RCM_ReadSYSCLKFreq), (100 bytes).
    Removing apm32e10x_rcm.o(i.RCM_ReadSYSCLKSource), (16 bytes).
    Removing apm32e10x_rcm.o(i.RCM_ReadStatusFlag), (64 bytes).
    Removing apm32e10x_rcm.o(i.RCM_Reset), (80 bytes).
    Removing apm32e10x_rcm.o(i.RCM_SetHSITrim), (20 bytes).
    Removing apm32e10x_rcm.o(i.RCM_WaitHSEReady), (44 bytes).
    Removing apm32e10x_rtc.o(.rev16_text), (4 bytes).
    Removing apm32e10x_rtc.o(.revsh_text), (4 bytes).
    Removing apm32e10x_rtc.o(.rrx_text), (6 bytes).
    Removing apm32e10x_rtc.o(i.RTC_ClearIntFlag), (16 bytes).
    Removing apm32e10x_rtc.o(i.RTC_ClearStatusFlag), (16 bytes).
    Removing apm32e10x_rtc.o(i.RTC_ConfigAlarm), (44 bytes).
    Removing apm32e10x_rtc.o(i.RTC_ConfigCounter), (44 bytes).
    Removing apm32e10x_rtc.o(i.RTC_ConfigPrescaler), (44 bytes).
    Removing apm32e10x_rtc.o(i.RTC_DisableConfigMode), (20 bytes).
    Removing apm32e10x_rtc.o(i.RTC_DisableInterrupt), (16 bytes).
    Removing apm32e10x_rtc.o(i.RTC_EnableConfigMode), (20 bytes).
    Removing apm32e10x_rtc.o(i.RTC_EnableInterrupt), (16 bytes).
    Removing apm32e10x_rtc.o(i.RTC_ReadCounter), (20 bytes).
    Removing apm32e10x_rtc.o(i.RTC_ReadDivider), (24 bytes).
    Removing apm32e10x_rtc.o(i.RTC_ReadIntFlag), (24 bytes).
    Removing apm32e10x_rtc.o(i.RTC_ReadStatusFlag), (24 bytes).
    Removing apm32e10x_rtc.o(i.RTC_WaitForLastTask), (20 bytes).
    Removing apm32e10x_rtc.o(i.RTC_WaitForSynchor), (32 bytes).
    Removing apm32e10x_sci2c.o(.rev16_text), (4 bytes).
    Removing apm32e10x_sci2c.o(.revsh_text), (4 bytes).
    Removing apm32e10x_sci2c.o(.rrx_text), (6 bytes).
    Removing apm32e10x_sci2c.o(i.SCI2C_Abort), (12 bytes).
    Removing apm32e10x_sci2c.o(i.SCI2C_BlockTxCmd), (10 bytes).
    Removing apm32e10x_sci2c.o(i.SCI2C_ClearIntFlag), (126 bytes).
    Removing apm32e10x_sci2c.o(i.SCI2C_Config), (148 bytes).
    Removing apm32e10x_sci2c.o(i.SCI2C_ConfigClkPeriod), (30 bytes).
    Removing apm32e10x_sci2c.o(i.SCI2C_ConfigDMARxDataLevel), (6 bytes).
    Removing apm32e10x_sci2c.o(i.SCI2C_ConfigDMATxDataLevel), (6 bytes).
    Removing apm32e10x_sci2c.o(i.SCI2C_ConfigDataDir), (6 bytes).
    Removing apm32e10x_sci2c.o(i.SCI2C_ConfigDataRegister), (14 bytes).
    Removing apm32e10x_sci2c.o(i.SCI2C_ConfigMasterAddr), (18 bytes).
    Removing apm32e10x_sci2c.o(i.SCI2C_ConfigMasterCode), (4 bytes).
    Removing apm32e10x_sci2c.o(i.SCI2C_ConfigRxFifoThreshold), (4 bytes).
    Removing apm32e10x_sci2c.o(i.SCI2C_ConfigSDADelayTime), (6 bytes).
    Removing apm32e10x_sci2c.o(i.SCI2C_ConfigSDAHoldTime), (18 bytes).
    Removing apm32e10x_sci2c.o(i.SCI2C_ConfigSlaveAddr), (12 bytes).
    Removing apm32e10x_sci2c.o(i.SCI2C_ConfigSpeed), (10 bytes).
    Removing apm32e10x_sci2c.o(i.SCI2C_ConfigSpikeSuppressionLimit), (16 bytes).
    Removing apm32e10x_sci2c.o(i.SCI2C_ConfigStructInit), (36 bytes).
    Removing apm32e10x_sci2c.o(i.SCI2C_ConfigTxFifoThreshold), (4 bytes).
    Removing apm32e10x_sci2c.o(i.SCI2C_Disable), (10 bytes).
    Removing apm32e10x_sci2c.o(i.SCI2C_DisableDMA), (12 bytes).
    Removing apm32e10x_sci2c.o(i.SCI2C_DisableInterrupt), (8 bytes).
    Removing apm32e10x_sci2c.o(i.SCI2C_DisableMasterMode), (10 bytes).
    Removing apm32e10x_sci2c.o(i.SCI2C_DisableRestart), (10 bytes).
    Removing apm32e10x_sci2c.o(i.SCI2C_DisableSlaveMode), (12 bytes).
    Removing apm32e10x_sci2c.o(i.SCI2C_DisableStopDetectAddressed), (10 bytes).
    Removing apm32e10x_sci2c.o(i.SCI2C_DisableStopDetectMasterActivity), (10 bytes).
    Removing apm32e10x_sci2c.o(i.SCI2C_Enable), (12 bytes).
    Removing apm32e10x_sci2c.o(i.SCI2C_EnableDMA), (12 bytes).
    Removing apm32e10x_sci2c.o(i.SCI2C_EnableInterrupt), (8 bytes).
    Removing apm32e10x_sci2c.o(i.SCI2C_EnableMasterMode), (12 bytes).
    Removing apm32e10x_sci2c.o(i.SCI2C_EnableRestart), (12 bytes).
    Removing apm32e10x_sci2c.o(i.SCI2C_EnableSlaveMode), (10 bytes).
    Removing apm32e10x_sci2c.o(i.SCI2C_EnableStopDetectAddressed), (12 bytes).
    Removing apm32e10x_sci2c.o(i.SCI2C_EnableStopDetectMasterActivity), (14 bytes).
    Removing apm32e10x_sci2c.o(i.SCI2C_GernalCallAck), (6 bytes).
    Removing apm32e10x_sci2c.o(i.SCI2C_ReadIntFlag), (20 bytes).
    Removing apm32e10x_sci2c.o(i.SCI2C_ReadRawIntFlag), (20 bytes).
    Removing apm32e10x_sci2c.o(i.SCI2C_ReadRxFifoDataCnt), (8 bytes).
    Removing apm32e10x_sci2c.o(i.SCI2C_ReadStatusFlag), (44 bytes).
    Removing apm32e10x_sci2c.o(i.SCI2C_ReadTxAbortSource), (8 bytes).
    Removing apm32e10x_sci2c.o(i.SCI2C_ReadTxFifoDataCnt), (8 bytes).
    Removing apm32e10x_sci2c.o(i.SCI2C_Reset), (68 bytes).
    Removing apm32e10x_sci2c.o(i.SCI2C_RxData), (8 bytes).
    Removing apm32e10x_sci2c.o(i.SCI2C_SlaveDataNackOnly), (6 bytes).
    Removing apm32e10x_sci2c.o(i.SCI2C_TxData), (10 bytes).
    Removing apm32e10x_sdio.o(.rev16_text), (4 bytes).
    Removing apm32e10x_sdio.o(.revsh_text), (4 bytes).
    Removing apm32e10x_sdio.o(.rrx_text), (6 bytes).
    Removing apm32e10x_sdio.o(i.SDIO_ClearIntFlag), (12 bytes).
    Removing apm32e10x_sdio.o(i.SDIO_ClearStatusFlag), (12 bytes).
    Removing apm32e10x_sdio.o(i.SDIO_Config), (48 bytes).
    Removing apm32e10x_sdio.o(i.SDIO_ConfigData), (48 bytes).
    Removing apm32e10x_sdio.o(i.SDIO_ConfigDataStructInit), (20 bytes).
    Removing apm32e10x_sdio.o(i.SDIO_ConfigPowerState), (28 bytes).
    Removing apm32e10x_sdio.o(i.SDIO_ConfigSDIOReadWaitMode), (12 bytes).
    Removing apm32e10x_sdio.o(i.SDIO_ConfigStructInit), (16 bytes).
    Removing apm32e10x_sdio.o(i.SDIO_DisableCEATAInterrupt), (12 bytes).
    Removing apm32e10x_sdio.o(i.SDIO_DisableClock), (12 bytes).
    Removing apm32e10x_sdio.o(i.SDIO_DisableCommandCompletion), (12 bytes).
    Removing apm32e10x_sdio.o(i.SDIO_DisableDMA), (12 bytes).
    Removing apm32e10x_sdio.o(i.SDIO_DisableInterrupt), (16 bytes).
    Removing apm32e10x_sdio.o(i.SDIO_DisableSDIO), (12 bytes).
    Removing apm32e10x_sdio.o(i.SDIO_DisableStartReadWait), (12 bytes).
    Removing apm32e10x_sdio.o(i.SDIO_DisableStopReadWait), (12 bytes).
    Removing apm32e10x_sdio.o(i.SDIO_DisableTxCEATA), (12 bytes).
    Removing apm32e10x_sdio.o(i.SDIO_DisableTxSDIOSuspend), (12 bytes).
    Removing apm32e10x_sdio.o(i.SDIO_EnableCEATAInterrupt), (12 bytes).
    Removing apm32e10x_sdio.o(i.SDIO_EnableClock), (12 bytes).
    Removing apm32e10x_sdio.o(i.SDIO_EnableCommandCompletion), (12 bytes).
    Removing apm32e10x_sdio.o(i.SDIO_EnableDMA), (12 bytes).
    Removing apm32e10x_sdio.o(i.SDIO_EnableInterrupt), (16 bytes).
    Removing apm32e10x_sdio.o(i.SDIO_EnableSDIO), (12 bytes).
    Removing apm32e10x_sdio.o(i.SDIO_EnableStartReadWait), (12 bytes).
    Removing apm32e10x_sdio.o(i.SDIO_EnableStopReadWait), (12 bytes).
    Removing apm32e10x_sdio.o(i.SDIO_EnableTxCEATA), (12 bytes).
    Removing apm32e10x_sdio.o(i.SDIO_EnableTxSDIOSuspend), (12 bytes).
    Removing apm32e10x_sdio.o(i.SDIO_ReadCommandResponse), (12 bytes).
    Removing apm32e10x_sdio.o(i.SDIO_ReadData), (12 bytes).
    Removing apm32e10x_sdio.o(i.SDIO_ReadDataCounter), (12 bytes).
    Removing apm32e10x_sdio.o(i.SDIO_ReadFIFOCount), (12 bytes).
    Removing apm32e10x_sdio.o(i.SDIO_ReadIntFlag), (36 bytes).
    Removing apm32e10x_sdio.o(i.SDIO_ReadPowerState), (16 bytes).
    Removing apm32e10x_sdio.o(i.SDIO_ReadResponse), (24 bytes).
    Removing apm32e10x_sdio.o(i.SDIO_ReadStatusFlag), (24 bytes).
    Removing apm32e10x_sdio.o(i.SDIO_Reset), (36 bytes).
    Removing apm32e10x_sdio.o(i.SDIO_TxCommand), (44 bytes).
    Removing apm32e10x_sdio.o(i.SDIO_TxCommandStructInit), (14 bytes).
    Removing apm32e10x_sdio.o(i.SDIO_WriteData), (12 bytes).
    Removing apm32e10x_spi.o(.rev16_text), (4 bytes).
    Removing apm32e10x_spi.o(.revsh_text), (4 bytes).
    Removing apm32e10x_spi.o(.rrx_text), (6 bytes).
    Removing apm32e10x_spi.o(i.I2S_Config), (224 bytes).
    Removing apm32e10x_spi.o(i.I2S_ConfigStructInit), (20 bytes).
    Removing apm32e10x_spi.o(i.I2S_Disable), (10 bytes).
    Removing apm32e10x_spi.o(i.I2S_Enable), (14 bytes).
    Removing apm32e10x_spi.o(i.SPI_Config), (50 bytes).
    Removing apm32e10x_spi.o(i.SPI_ConfigBiDirectionalLine), (28 bytes).
    Removing apm32e10x_spi.o(i.SPI_ConfigDataSize), (16 bytes).
    Removing apm32e10x_spi.o(i.SPI_ConfigStructInit), (24 bytes).
    Removing apm32e10x_spi.o(i.SPI_Disable), (10 bytes).
    Removing apm32e10x_spi.o(i.SPI_DisableCRC), (10 bytes).
    Removing apm32e10x_spi.o(i.SPI_DisableSSOutput), (10 bytes).
    Removing apm32e10x_spi.o(i.SPI_Enable), (12 bytes).
    Removing apm32e10x_spi.o(i.SPI_EnableCRC), (14 bytes).
    Removing apm32e10x_spi.o(i.SPI_EnableSSOutput), (12 bytes).
    Removing apm32e10x_spi.o(i.SPI_I2S_ClearIntFlag), (10 bytes).
    Removing apm32e10x_spi.o(i.SPI_I2S_ClearStatusFlag), (10 bytes).
    Removing apm32e10x_spi.o(i.SPI_I2S_DisableDMA), (24 bytes).
    Removing apm32e10x_spi.o(i.SPI_I2S_DisableInterrupt), (10 bytes).
    Removing apm32e10x_spi.o(i.SPI_I2S_EnableDMA), (28 bytes).
    Removing apm32e10x_spi.o(i.SPI_I2S_EnableInterrupt), (10 bytes).
    Removing apm32e10x_spi.o(i.SPI_I2S_ReadIntFlag), (28 bytes).
    Removing apm32e10x_spi.o(i.SPI_I2S_ReadStatusFlag), (16 bytes).
    Removing apm32e10x_spi.o(i.SPI_I2S_Reset), (76 bytes).
    Removing apm32e10x_spi.o(i.SPI_I2S_RxData), (8 bytes).
    Removing apm32e10x_spi.o(i.SPI_I2S_TxData), (4 bytes).
    Removing apm32e10x_spi.o(i.SPI_ReadCRCPolynomial), (8 bytes).
    Removing apm32e10x_spi.o(i.SPI_ReadRxCRC), (8 bytes).
    Removing apm32e10x_spi.o(i.SPI_ReadTxCRC), (8 bytes).
    Removing apm32e10x_spi.o(i.SPI_ResetSoftwareNSS), (10 bytes).
    Removing apm32e10x_spi.o(i.SPI_SetSoftwareNSS), (14 bytes).
    Removing apm32e10x_spi.o(i.SPI_TxCRC), (14 bytes).
    Removing apm32e10x_tmr.o(.rev16_text), (4 bytes).
    Removing apm32e10x_tmr.o(.revsh_text), (4 bytes).
    Removing apm32e10x_tmr.o(.rrx_text), (6 bytes).
    Removing apm32e10x_tmr.o(i.TI1Config), (168 bytes).
    Removing apm32e10x_tmr.o(i.TI2Config), (176 bytes).
    Removing apm32e10x_tmr.o(i.TI3Config), (180 bytes).
    Removing apm32e10x_tmr.o(i.TI4Config), (78 bytes).
    Removing apm32e10x_tmr.o(i.TMR_ClearIntFlag), (6 bytes).
    Removing apm32e10x_tmr.o(i.TMR_ClearOC1Ref), (10 bytes).
    Removing apm32e10x_tmr.o(i.TMR_ClearOC2Ref), (10 bytes).
    Removing apm32e10x_tmr.o(i.TMR_ClearOC3Ref), (10 bytes).
    Removing apm32e10x_tmr.o(i.TMR_ClearOC4Ref), (10 bytes).
    Removing apm32e10x_tmr.o(i.TMR_ClearStatusFlag), (6 bytes).
    Removing apm32e10x_tmr.o(i.TMR_ConfigAutoreload), (4 bytes).
    Removing apm32e10x_tmr.o(i.TMR_ConfigBDT), (42 bytes).
    Removing apm32e10x_tmr.o(i.TMR_ConfigBDTStructInit), (18 bytes).
    Removing apm32e10x_tmr.o(i.TMR_ConfigClockDivision), (10 bytes).
    Removing apm32e10x_tmr.o(i.TMR_ConfigCompare1), (4 bytes).
    Removing apm32e10x_tmr.o(i.TMR_ConfigCompare2), (4 bytes).
    Removing apm32e10x_tmr.o(i.TMR_ConfigCompare3), (4 bytes).
    Removing apm32e10x_tmr.o(i.TMR_ConfigCompare4), (4 bytes).
    Removing apm32e10x_tmr.o(i.TMR_ConfigCounter), (4 bytes).
    Removing apm32e10x_tmr.o(i.TMR_ConfigCounterMode), (24 bytes).
    Removing apm32e10x_tmr.o(i.TMR_ConfigDMA), (8 bytes).
    Removing apm32e10x_tmr.o(i.TMR_ConfigETR), (34 bytes).
    Removing apm32e10x_tmr.o(i.TMR_ConfigETRClockMode1), (52 bytes).
    Removing apm32e10x_tmr.o(i.TMR_ConfigETRClockMode2), (36 bytes).
    Removing apm32e10x_tmr.o(i.TMR_ConfigEncodeInterface), (84 bytes).
    Removing apm32e10x_tmr.o(i.TMR_ConfigForcedOC1), (18 bytes).
    Removing apm32e10x_tmr.o(i.TMR_ConfigForcedOC2), (18 bytes).
    Removing apm32e10x_tmr.o(i.TMR_ConfigForcedOC3), (18 bytes).
    Removing apm32e10x_tmr.o(i.TMR_ConfigForcedOC4), (18 bytes).
    Removing apm32e10x_tmr.o(i.TMR_ConfigIC), (116 bytes).
    Removing apm32e10x_tmr.o(i.TMR_ConfigIC1Prescal), (18 bytes).
    Removing apm32e10x_tmr.o(i.TMR_ConfigIC2Prescal), (18 bytes).
    Removing apm32e10x_tmr.o(i.TMR_ConfigIC3Prescal), (18 bytes).
    Removing apm32e10x_tmr.o(i.TMR_ConfigIC4Prescal), (18 bytes).
    Removing apm32e10x_tmr.o(i.TMR_ConfigICStructInit), (18 bytes).
    Removing apm32e10x_tmr.o(i.TMR_ConfigIntTrigExternalClock), (26 bytes).
    Removing apm32e10x_tmr.o(i.TMR_ConfigInternalClock), (10 bytes).
    Removing apm32e10x_tmr.o(i.TMR_ConfigOC1), (128 bytes).
    Removing apm32e10x_tmr.o(i.TMR_ConfigOC1Fast), (10 bytes).
    Removing apm32e10x_tmr.o(i.TMR_ConfigOC1NPolarity), (10 bytes).
    Removing apm32e10x_tmr.o(i.TMR_ConfigOC1Polarity), (10 bytes).
    Removing apm32e10x_tmr.o(i.TMR_ConfigOC1Preload), (10 bytes).
    Removing apm32e10x_tmr.o(i.TMR_ConfigOC2), (160 bytes).
    Removing apm32e10x_tmr.o(i.TMR_ConfigOC2Fast), (10 bytes).
    Removing apm32e10x_tmr.o(i.TMR_ConfigOC2NPolarity), (10 bytes).
    Removing apm32e10x_tmr.o(i.TMR_ConfigOC2Polarity), (10 bytes).
    Removing apm32e10x_tmr.o(i.TMR_ConfigOC2Preload), (10 bytes).
    Removing apm32e10x_tmr.o(i.TMR_ConfigOC3), (160 bytes).
    Removing apm32e10x_tmr.o(i.TMR_ConfigOC3Fast), (10 bytes).
    Removing apm32e10x_tmr.o(i.TMR_ConfigOC3NPolarity), (10 bytes).
    Removing apm32e10x_tmr.o(i.TMR_ConfigOC3Polarity), (10 bytes).
    Removing apm32e10x_tmr.o(i.TMR_ConfigOC3Preload), (10 bytes).
    Removing apm32e10x_tmr.o(i.TMR_ConfigOC4), (108 bytes).
    Removing apm32e10x_tmr.o(i.TMR_ConfigOC4Fast), (10 bytes).
    Removing apm32e10x_tmr.o(i.TMR_ConfigOC4Polarity), (10 bytes).
    Removing apm32e10x_tmr.o(i.TMR_ConfigOC4Preload), (10 bytes).
    Removing apm32e10x_tmr.o(i.TMR_ConfigOCStructInit), (20 bytes).
    Removing apm32e10x_tmr.o(i.TMR_ConfigPWM), (124 bytes).
    Removing apm32e10x_tmr.o(i.TMR_ConfigPrescaler), (12 bytes).
    Removing apm32e10x_tmr.o(i.TMR_ConfigTimeBase), (140 bytes).
    Removing apm32e10x_tmr.o(i.TMR_ConfigTimeBaseStructInit), (18 bytes).
    Removing apm32e10x_tmr.o(i.TMR_ConfigTrigExternalClock), (64 bytes).
    Removing apm32e10x_tmr.o(i.TMR_ConfigUPdateRequest), (24 bytes).
    Removing apm32e10x_tmr.o(i.TMR_Disable), (10 bytes).
    Removing apm32e10x_tmr.o(i.TMR_DisableAUTOReload), (10 bytes).
    Removing apm32e10x_tmr.o(i.TMR_DisableCCDMA), (10 bytes).
    Removing apm32e10x_tmr.o(i.TMR_DisableCCPreload), (10 bytes).
    Removing apm32e10x_tmr.o(i.TMR_DisableCCxChannel), (12 bytes).
    Removing apm32e10x_tmr.o(i.TMR_DisableCCxNChannel), (12 bytes).
    Removing apm32e10x_tmr.o(i.TMR_DisableDMASoure), (8 bytes).
    Removing apm32e10x_tmr.o(i.TMR_DisableHallSensor), (10 bytes).
    Removing apm32e10x_tmr.o(i.TMR_DisableInterrupt), (8 bytes).
    Removing apm32e10x_tmr.o(i.TMR_DisableMasterSlaveMode), (10 bytes).
    Removing apm32e10x_tmr.o(i.TMR_DisableNoUpdate), (10 bytes).
    Removing apm32e10x_tmr.o(i.TMR_DisablePWMOutputs), (10 bytes).
    Removing apm32e10x_tmr.o(i.TMR_DisableSelectCOM), (10 bytes).
    Removing apm32e10x_tmr.o(i.TMR_Enable), (12 bytes).
    Removing apm32e10x_tmr.o(i.TMR_EnableAUTOReload), (12 bytes).
    Removing apm32e10x_tmr.o(i.TMR_EnableCCDMA), (12 bytes).
    Removing apm32e10x_tmr.o(i.TMR_EnableCCPreload), (12 bytes).
    Removing apm32e10x_tmr.o(i.TMR_EnableCCxChannel), (12 bytes).
    Removing apm32e10x_tmr.o(i.TMR_EnableCCxNChannel), (12 bytes).
    Removing apm32e10x_tmr.o(i.TMR_EnableDMASoure), (8 bytes).
    Removing apm32e10x_tmr.o(i.TMR_EnableHallSensor), (12 bytes).
    Removing apm32e10x_tmr.o(i.TMR_EnableInterrupt), (8 bytes).
    Removing apm32e10x_tmr.o(i.TMR_EnableMasterSlaveMode), (12 bytes).
    Removing apm32e10x_tmr.o(i.TMR_EnableNoUpdate), (12 bytes).
    Removing apm32e10x_tmr.o(i.TMR_EnablePWMOutputs), (14 bytes).
    Removing apm32e10x_tmr.o(i.TMR_EnableSelectCOM), (12 bytes).
    Removing apm32e10x_tmr.o(i.TMR_GenerateEvent), (4 bytes).
    Removing apm32e10x_tmr.o(i.TMR_ReadCaputer1), (8 bytes).
    Removing apm32e10x_tmr.o(i.TMR_ReadCaputer2), (8 bytes).
    Removing apm32e10x_tmr.o(i.TMR_ReadCaputer3), (8 bytes).
    Removing apm32e10x_tmr.o(i.TMR_ReadCaputer4), (8 bytes).
    Removing apm32e10x_tmr.o(i.TMR_ReadCounter), (8 bytes).
    Removing apm32e10x_tmr.o(i.TMR_ReadIntFlag), (22 bytes).
    Removing apm32e10x_tmr.o(i.TMR_ReadPrescaler), (8 bytes).
    Removing apm32e10x_tmr.o(i.TMR_ReadStatusFlag), (16 bytes).
    Removing apm32e10x_tmr.o(i.TMR_Reset), (192 bytes).
    Removing apm32e10x_tmr.o(i.TMR_SelectInputTrigger), (18 bytes).
    Removing apm32e10x_tmr.o(i.TMR_SelectOCxMode), (66 bytes).
    Removing apm32e10x_tmr.o(i.TMR_SelectOutputTrigger), (10 bytes).
    Removing apm32e10x_tmr.o(i.TMR_SelectSinglePulseMode), (10 bytes).
    Removing apm32e10x_tmr.o(i.TMR_SelectSlaveMode), (10 bytes).
    Removing apm32e10x_usart.o(.rev16_text), (4 bytes).
    Removing apm32e10x_usart.o(.revsh_text), (4 bytes).
    Removing apm32e10x_usart.o(.rrx_text), (6 bytes).
    Removing apm32e10x_usart.o(i.USART_Address), (10 bytes).
    Removing apm32e10x_usart.o(i.USART_ClearIntFlag), (16 bytes).
    Removing apm32e10x_usart.o(i.USART_ClearStatusFlag), (8 bytes).
    Removing apm32e10x_usart.o(i.USART_Config), (144 bytes).
    Removing apm32e10x_usart.o(i.USART_ConfigClock), (42 bytes).
    Removing apm32e10x_usart.o(i.USART_ConfigClockStructInit), (12 bytes).
    Removing apm32e10x_usart.o(i.USART_ConfigGuardTime), (10 bytes).
    Removing apm32e10x_usart.o(i.USART_ConfigIrDA), (10 bytes).
    Removing apm32e10x_usart.o(i.USART_ConfigLINBreakDetectLength), (10 bytes).
    Removing apm32e10x_usart.o(i.USART_ConfigPrescaler), (10 bytes).
    Removing apm32e10x_usart.o(i.USART_ConfigStructInit), (24 bytes).
    Removing apm32e10x_usart.o(i.USART_ConfigWakeUp), (10 bytes).
    Removing apm32e10x_usart.o(i.USART_Disable), (10 bytes).
    Removing apm32e10x_usart.o(i.USART_DisableDMA), (8 bytes).
    Removing apm32e10x_usart.o(i.USART_DisableHalfDuplex), (10 bytes).
    Removing apm32e10x_usart.o(i.USART_DisableInterrupt), (42 bytes).
    Removing apm32e10x_usart.o(i.USART_DisableIrDA), (10 bytes).
    Removing apm32e10x_usart.o(i.USART_DisableLIN), (10 bytes).
    Removing apm32e10x_usart.o(i.USART_DisableMuteMode), (10 bytes).
    Removing apm32e10x_usart.o(i.USART_DisableRx), (10 bytes).
    Removing apm32e10x_usart.o(i.USART_DisableSmartCard), (10 bytes).
    Removing apm32e10x_usart.o(i.USART_DisableSmartCardNACK), (10 bytes).
    Removing apm32e10x_usart.o(i.USART_DisableTx), (10 bytes).
    Removing apm32e10x_usart.o(i.USART_Enable), (14 bytes).
    Removing apm32e10x_usart.o(i.USART_EnableDMA), (8 bytes).
    Removing apm32e10x_usart.o(i.USART_EnableHalfDuplex), (12 bytes).
    Removing apm32e10x_usart.o(i.USART_EnableInterrupt), (40 bytes).
    Removing apm32e10x_usart.o(i.USART_EnableIrDA), (12 bytes).
    Removing apm32e10x_usart.o(i.USART_EnableLIN), (14 bytes).
    Removing apm32e10x_usart.o(i.USART_EnableMuteMode), (12 bytes).
    Removing apm32e10x_usart.o(i.USART_EnableRx), (12 bytes).
    Removing apm32e10x_usart.o(i.USART_EnableSmartCard), (12 bytes).
    Removing apm32e10x_usart.o(i.USART_EnableSmartCardNACK), (12 bytes).
    Removing apm32e10x_usart.o(i.USART_EnableTx), (12 bytes).
    Removing apm32e10x_usart.o(i.USART_ReadIntFlag), (62 bytes).
    Removing apm32e10x_usart.o(i.USART_ReadStatusFlag), (16 bytes).
    Removing apm32e10x_usart.o(i.USART_Reset), (144 bytes).
    Removing apm32e10x_usart.o(i.USART_RxData), (10 bytes).
    Removing apm32e10x_usart.o(i.USART_TxBreak), (12 bytes).
    Removing apm32e10x_usart.o(i.USART_TxData), (10 bytes).
    Removing apm32e10x_usb.o(.rev16_text), (4 bytes).
    Removing apm32e10x_usb.o(.revsh_text), (4 bytes).
    Removing apm32e10x_usb.o(.rrx_text), (6 bytes).
    Removing apm32e10x_usb.o(i.USBD_ReadDataFromEP), (64 bytes).
    Removing apm32e10x_usb.o(i.USBD_ResetEPKind), (52 bytes).
    Removing apm32e10x_usb.o(i.USBD_ResetEPRxFlag), (52 bytes).
    Removing apm32e10x_usb.o(i.USBD_ResetEPTxFlag), (52 bytes).
    Removing apm32e10x_usb.o(i.USBD_ResetRxToggle), (32 bytes).
    Removing apm32e10x_usb.o(i.USBD_ResetTxToggle), (32 bytes).
    Removing apm32e10x_usb.o(i.USBD_SetEPKind), (52 bytes).
    Removing apm32e10x_usb.o(i.USBD_SetEPRxCnt), (88 bytes).
    Removing apm32e10x_usb.o(i.USBD_SetEPRxStatus), (56 bytes).
    Removing apm32e10x_usb.o(i.USBD_SetEPRxTxStatus), (68 bytes).
    Removing apm32e10x_usb.o(i.USBD_SetEPTxStatus), (56 bytes).
    Removing apm32e10x_usb.o(i.USBD_SetEPType), (60 bytes).
    Removing apm32e10x_usb.o(i.USBD_SetEpAddr), (56 bytes).
    Removing apm32e10x_usb.o(i.USBD_ToggleRx), (52 bytes).
    Removing apm32e10x_usb.o(i.USBD_ToggleTx), (52 bytes).
    Removing apm32e10x_usb.o(i.USBD_WriteDataToEP), (64 bytes).
    Removing apm32e10x_wwdt.o(.rev16_text), (4 bytes).
    Removing apm32e10x_wwdt.o(.revsh_text), (4 bytes).
    Removing apm32e10x_wwdt.o(.rrx_text), (6 bytes).
    Removing apm32e10x_wwdt.o(i.WWDT_ClearFlag), (20 bytes).
    Removing apm32e10x_wwdt.o(i.WWDT_ConfigCounter), (16 bytes).
    Removing apm32e10x_wwdt.o(i.WWDT_ConfigTimebase), (32 bytes).
    Removing apm32e10x_wwdt.o(i.WWDT_ConfigWindowData), (36 bytes).
    Removing apm32e10x_wwdt.o(i.WWDT_Enable), (16 bytes).
    Removing apm32e10x_wwdt.o(i.WWDT_EnableEWI), (24 bytes).
    Removing apm32e10x_wwdt.o(i.WWDT_ReadFlag), (12 bytes).
    Removing apm32e10x_wwdt.o(i.WWDT_Reset), (20 bytes).
    Removing board.o(.rev16_text), (4 bytes).
    Removing board.o(.revsh_text), (4 bytes).
    Removing board.o(.rrx_text), (6 bytes).
    Removing board.o(i.APM_MINI_COMInit), (168 bytes).
    Removing board.o(i.APM_MINI_LEDOff), (24 bytes).
    Removing board.o(i.APM_MINI_LEDOn), (24 bytes).
    Removing board.o(i.APM_MINI_PBGetState), (32 bytes).
    Removing board.o(i.APM_MINI_PBInit), (140 bytes).

741 unused section(s) (total 22732 bytes) removed from the image.

==============================================================================

Image Symbol Table

    Local Symbols

    Symbol Name                              Value     Ov Type        Size  Object(Section)

    ../clib/angel/boardlib.s                 0x00000000   Number         0  boardinit3.o ABSOLUTE
    ../clib/angel/boardlib.s                 0x00000000   Number         0  boardshut.o ABSOLUTE
    ../clib/angel/boardlib.s                 0x00000000   Number         0  boardinit2.o ABSOLUTE
    ../clib/angel/boardlib.s                 0x00000000   Number         0  boardinit1.o ABSOLUTE
    ../clib/angel/handlers.s                 0x00000000   Number         0  __scatter_zi.o ABSOLUTE
    ../clib/angel/handlers.s                 0x00000000   Number         0  __scatter_copy.o ABSOLUTE
    ../clib/angel/kernel.s                   0x00000000   Number         0  __rtentry4.o ABSOLUTE
    ../clib/angel/kernel.s                   0x00000000   Number         0  rtexit2.o ABSOLUTE
    ../clib/angel/kernel.s                   0x00000000   Number         0  __rtentry2.o ABSOLUTE
    ../clib/angel/kernel.s                   0x00000000   Number         0  rtexit.o ABSOLUTE
    ../clib/angel/kernel.s                   0x00000000   Number         0  __rtentry.o ABSOLUTE
    ../clib/angel/rt.s                       0x00000000   Number         0  rt_raise.o ABSOLUTE
    ../clib/angel/scatter.s                  0x00000000   Number         0  __scatter.o ABSOLUTE
    ../clib/angel/startup.s                  0x00000000   Number         0  __main.o ABSOLUTE
    ../clib/angel/sys.s                      0x00000000   Number         0  libspace.o ABSOLUTE
    ../clib/angel/sys.s                      0x00000000   Number         0  indicate_semi.o ABSOLUTE
    ../clib/angel/sys.s                      0x00000000   Number         0  sys_stackheap_outer.o ABSOLUTE
    ../clib/angel/sys.s                      0x00000000   Number         0  use_no_semi.o ABSOLUTE
    ../clib/angel/sysapp.c                   0x00000000   Number         0  sys_command.o ABSOLUTE
    ../clib/angel/sysapp.c                   0x00000000   Number         0  sys_exit.o ABSOLUTE
    ../clib/angel/sysapp.c                   0x00000000   Number         0  sys_wrch.o ABSOLUTE
    ../clib/armsys.c                         0x00000000   Number         0  _get_argv_nomalloc.o ABSOLUTE
    ../clib/armsys.c                         0x00000000   Number         0  no_argv.o ABSOLUTE
    ../clib/armsys.c                         0x00000000   Number         0  argv_veneer.o ABSOLUTE
    ../clib/armsys.c                         0x00000000   Number         0  argv_veneer.o ABSOLUTE
    ../clib/heapalloc.c                      0x00000000   Number         0  hrguard.o ABSOLUTE
    ../clib/heapaux.c                        0x00000000   Number         0  heapauxi.o ABSOLUTE
    ../clib/libinit.s                        0x00000000   Number         0  libinit2.o ABSOLUTE
    ../clib/libinit.s                        0x00000000   Number         0  libshutdown.o ABSOLUTE
    ../clib/libinit.s                        0x00000000   Number         0  libinit.o ABSOLUTE
    ../clib/libinit.s                        0x00000000   Number         0  libshutdown2.o ABSOLUTE
    ../clib/signal.c                         0x00000000   Number         0  defsig_fpe_inner.o ABSOLUTE
    ../clib/signal.c                         0x00000000   Number         0  defsig_abrt_inner.o ABSOLUTE
    ../clib/signal.c                         0x00000000   Number         0  defsig_general.o ABSOLUTE
    ../clib/signal.c                         0x00000000   Number         0  __raise.o ABSOLUTE
    ../clib/signal.c                         0x00000000   Number         0  defsig_rtmem_inner.o ABSOLUTE
    ../clib/signal.c                         0x00000000   Number         0  defsig_other.o ABSOLUTE
    ../clib/signal.c                         0x00000000   Number         0  defsig_segv_inner.o ABSOLUTE
    ../clib/signal.c                         0x00000000   Number         0  defsig_cppl_inner.o ABSOLUTE
    ../clib/signal.c                         0x00000000   Number         0  defsig_pvfn_inner.o ABSOLUTE
    ../clib/signal.c                         0x00000000   Number         0  defsig_rtred_inner.o ABSOLUTE
    ../clib/signal.c                         0x00000000   Number         0  defsig_rtmem_outer.o ABSOLUTE
    ../clib/signal.c                         0x00000000   Number         0  defsig_rtmem_formal.o ABSOLUTE
    ../clib/signal.c                         0x00000000   Number         0  defsig_exit.o ABSOLUTE
    ../clib/signal.c                         0x00000000   Number         0  defsig_stak_inner.o ABSOLUTE
    ../clib/signal.s                         0x00000000   Number         0  defsig.o ABSOLUTE
    ../clib/stdlib.c                         0x00000000   Number         0  exit.o ABSOLUTE
    ../fplib/fpinit.s                        0x00000000   Number         0  fpinit.o ABSOLUTE
    ..\..\..\..\Board\Board.c                0x00000000   Number         0  board.o ABSOLUTE
    ..\..\..\..\Library\APM32E10x_StdPeriphDriver\src\apm32e10x_adc.c 0x00000000   Number         0  apm32e10x_adc.o ABSOLUTE
    ..\..\..\..\Library\APM32E10x_StdPeriphDriver\src\apm32e10x_bakpr.c 0x00000000   Number         0  apm32e10x_bakpr.o ABSOLUTE
    ..\..\..\..\Library\APM32E10x_StdPeriphDriver\src\apm32e10x_can.c 0x00000000   Number         0  apm32e10x_can.o ABSOLUTE
    ..\..\..\..\Library\APM32E10x_StdPeriphDriver\src\apm32e10x_crc.c 0x00000000   Number         0  apm32e10x_crc.o ABSOLUTE
    ..\..\..\..\Library\APM32E10x_StdPeriphDriver\src\apm32e10x_dac.c 0x00000000   Number         0  apm32e10x_dac.o ABSOLUTE
    ..\..\..\..\Library\APM32E10x_StdPeriphDriver\src\apm32e10x_dbgmcu.c 0x00000000   Number         0  apm32e10x_dbgmcu.o ABSOLUTE
    ..\..\..\..\Library\APM32E10x_StdPeriphDriver\src\apm32e10x_dma.c 0x00000000   Number         0  apm32e10x_dma.o ABSOLUTE
    ..\..\..\..\Library\APM32E10x_StdPeriphDriver\src\apm32e10x_dmc.c 0x00000000   Number         0  apm32e10x_dmc.o ABSOLUTE
    ..\..\..\..\Library\APM32E10x_StdPeriphDriver\src\apm32e10x_eint.c 0x00000000   Number         0  apm32e10x_eint.o ABSOLUTE
    ..\..\..\..\Library\APM32E10x_StdPeriphDriver\src\apm32e10x_emmc.c 0x00000000   Number         0  apm32e10x_emmc.o ABSOLUTE
    ..\..\..\..\Library\APM32E10x_StdPeriphDriver\src\apm32e10x_fmc.c 0x00000000   Number         0  apm32e10x_fmc.o ABSOLUTE
    ..\..\..\..\Library\APM32E10x_StdPeriphDriver\src\apm32e10x_gpio.c 0x00000000   Number         0  apm32e10x_gpio.o ABSOLUTE
    ..\..\..\..\Library\APM32E10x_StdPeriphDriver\src\apm32e10x_i2c.c 0x00000000   Number         0  apm32e10x_i2c.o ABSOLUTE
    ..\..\..\..\Library\APM32E10x_StdPeriphDriver\src\apm32e10x_iwdt.c 0x00000000   Number         0  apm32e10x_iwdt.o ABSOLUTE
    ..\..\..\..\Library\APM32E10x_StdPeriphDriver\src\apm32e10x_misc.c 0x00000000   Number         0  apm32e10x_misc.o ABSOLUTE
    ..\..\..\..\Library\APM32E10x_StdPeriphDriver\src\apm32e10x_pmu.c 0x00000000   Number         0  apm32e10x_pmu.o ABSOLUTE
    ..\..\..\..\Library\APM32E10x_StdPeriphDriver\src\apm32e10x_rcm.c 0x00000000   Number         0  apm32e10x_rcm.o ABSOLUTE
    ..\..\..\..\Library\APM32E10x_StdPeriphDriver\src\apm32e10x_rtc.c 0x00000000   Number         0  apm32e10x_rtc.o ABSOLUTE
    ..\..\..\..\Library\APM32E10x_StdPeriphDriver\src\apm32e10x_sci2c.c 0x00000000   Number         0  apm32e10x_sci2c.o ABSOLUTE
    ..\..\..\..\Library\APM32E10x_StdPeriphDriver\src\apm32e10x_sdio.c 0x00000000   Number         0  apm32e10x_sdio.o ABSOLUTE
    ..\..\..\..\Library\APM32E10x_StdPeriphDriver\src\apm32e10x_spi.c 0x00000000   Number         0  apm32e10x_spi.o ABSOLUTE
    ..\..\..\..\Library\APM32E10x_StdPeriphDriver\src\apm32e10x_tmr.c 0x00000000   Number         0  apm32e10x_tmr.o ABSOLUTE
    ..\..\..\..\Library\APM32E10x_StdPeriphDriver\src\apm32e10x_usart.c 0x00000000   Number         0  apm32e10x_usart.o ABSOLUTE
    ..\..\..\..\Library\APM32E10x_StdPeriphDriver\src\apm32e10x_usb.c 0x00000000   Number         0  apm32e10x_usb.o ABSOLUTE
    ..\..\..\..\Library\APM32E10x_StdPeriphDriver\src\apm32e10x_wwdt.c 0x00000000   Number         0  apm32e10x_wwdt.o ABSOLUTE
    ..\..\..\..\Library\Device\Geehy\APM32E10x\Source\ARM\startup_apm32e10x_hd.s 0x00000000   Number         0  startup_apm32e10x_hd.o ABSOLUTE
    ..\..\..\..\Library\Device\Geehy\APM32E10x\Source\system_apm32e10x.c 0x00000000   Number         0  system_apm32e10x.o ABSOLUTE
    ..\\..\\..\\..\\Board\\Board.c           0x00000000   Number         0  board.o ABSOLUTE
    ..\\..\\..\\..\\Library\\APM32E10x_StdPeriphDriver\\src\\apm32e10x_adc.c 0x00000000   Number         0  apm32e10x_adc.o ABSOLUTE
    ..\\..\\..\\..\\Library\\APM32E10x_StdPeriphDriver\\src\\apm32e10x_bakpr.c 0x00000000   Number         0  apm32e10x_bakpr.o ABSOLUTE
    ..\\..\\..\\..\\Library\\APM32E10x_StdPeriphDriver\\src\\apm32e10x_can.c 0x00000000   Number         0  apm32e10x_can.o ABSOLUTE
    ..\\..\\..\\..\\Library\\APM32E10x_StdPeriphDriver\\src\\apm32e10x_crc.c 0x00000000   Number         0  apm32e10x_crc.o ABSOLUTE
    ..\\..\\..\\..\\Library\\APM32E10x_StdPeriphDriver\\src\\apm32e10x_dac.c 0x00000000   Number         0  apm32e10x_dac.o ABSOLUTE
    ..\\..\\..\\..\\Library\\APM32E10x_StdPeriphDriver\\src\\apm32e10x_dbgmcu.c 0x00000000   Number         0  apm32e10x_dbgmcu.o ABSOLUTE
    ..\\..\\..\\..\\Library\\APM32E10x_StdPeriphDriver\\src\\apm32e10x_dma.c 0x00000000   Number         0  apm32e10x_dma.o ABSOLUTE
    ..\\..\\..\\..\\Library\\APM32E10x_StdPeriphDriver\\src\\apm32e10x_dmc.c 0x00000000   Number         0  apm32e10x_dmc.o ABSOLUTE
    ..\\..\\..\\..\\Library\\APM32E10x_StdPeriphDriver\\src\\apm32e10x_eint.c 0x00000000   Number         0  apm32e10x_eint.o ABSOLUTE
    ..\\..\\..\\..\\Library\\APM32E10x_StdPeriphDriver\\src\\apm32e10x_emmc.c 0x00000000   Number         0  apm32e10x_emmc.o ABSOLUTE
    ..\\..\\..\\..\\Library\\APM32E10x_StdPeriphDriver\\src\\apm32e10x_fmc.c 0x00000000   Number         0  apm32e10x_fmc.o ABSOLUTE
    ..\\..\\..\\..\\Library\\APM32E10x_StdPeriphDriver\\src\\apm32e10x_gpio.c 0x00000000   Number         0  apm32e10x_gpio.o ABSOLUTE
    ..\\..\\..\\..\\Library\\APM32E10x_StdPeriphDriver\\src\\apm32e10x_i2c.c 0x00000000   Number         0  apm32e10x_i2c.o ABSOLUTE
    ..\\..\\..\\..\\Library\\APM32E10x_StdPeriphDriver\\src\\apm32e10x_iwdt.c 0x00000000   Number         0  apm32e10x_iwdt.o ABSOLUTE
    ..\\..\\..\\..\\Library\\APM32E10x_StdPeriphDriver\\src\\apm32e10x_misc.c 0x00000000   Number         0  apm32e10x_misc.o ABSOLUTE
    ..\\..\\..\\..\\Library\\APM32E10x_StdPeriphDriver\\src\\apm32e10x_pmu.c 0x00000000   Number         0  apm32e10x_pmu.o ABSOLUTE
    ..\\..\\..\\..\\Library\\APM32E10x_StdPeriphDriver\\src\\apm32e10x_rcm.c 0x00000000   Number         0  apm32e10x_rcm.o ABSOLUTE
    ..\\..\\..\\..\\Library\\APM32E10x_StdPeriphDriver\\src\\apm32e10x_rtc.c 0x00000000   Number         0  apm32e10x_rtc.o ABSOLUTE
    ..\\..\\..\\..\\Library\\APM32E10x_StdPeriphDriver\\src\\apm32e10x_sci2c.c 0x00000000   Number         0  apm32e10x_sci2c.o ABSOLUTE
    ..\\..\\..\\..\\Library\\APM32E10x_StdPeriphDriver\\src\\apm32e10x_sdio.c 0x00000000   Number         0  apm32e10x_sdio.o ABSOLUTE
    ..\\..\\..\\..\\Library\\APM32E10x_StdPeriphDriver\\src\\apm32e10x_spi.c 0x00000000   Number         0  apm32e10x_spi.o ABSOLUTE
    ..\\..\\..\\..\\Library\\APM32E10x_StdPeriphDriver\\src\\apm32e10x_tmr.c 0x00000000   Number         0  apm32e10x_tmr.o ABSOLUTE
    ..\\..\\..\\..\\Library\\APM32E10x_StdPeriphDriver\\src\\apm32e10x_usart.c 0x00000000   Number         0  apm32e10x_usart.o ABSOLUTE
    ..\\..\\..\\..\\Library\\APM32E10x_StdPeriphDriver\\src\\apm32e10x_usb.c 0x00000000   Number         0  apm32e10x_usb.o ABSOLUTE
    ..\\..\\..\\..\\Library\\APM32E10x_StdPeriphDriver\\src\\apm32e10x_wwdt.c 0x00000000   Number         0  apm32e10x_wwdt.o ABSOLUTE
    ..\\..\\..\\..\\Library\\Device\\Geehy\\APM32E10x\\Source\\system_apm32e10x.c 0x00000000   Number         0  system_apm32e10x.o ABSOLUTE
    ..\\src\\apm32e10x_it.c                  0x00000000   Number         0  apm32e10x_it.o ABSOLUTE
    ..\\src\\main.c                          0x00000000   Number         0  main.o ABSOLUTE
    ..\src\apm32e10x_it.c                    0x00000000   Number         0  apm32e10x_it.o ABSOLUTE
    ..\src\main.c                            0x00000000   Number         0  main.o ABSOLUTE
    dc.s                                     0x00000000   Number         0  dc.o ABSOLUTE
    RESET                                    0x08000000   Section      324  startup_apm32e10x_hd.o(RESET)
    !!!main                                  0x08000144   Section        8  __main.o(!!!main)
    !!!scatter                               0x0800014c   Section       52  __scatter.o(!!!scatter)
    !!handler_copy                           0x08000180   Section       26  __scatter_copy.o(!!handler_copy)
    !!handler_zi                             0x0800019c   Section       28  __scatter_zi.o(!!handler_zi)
    .ARM.Collect$$libinit$$00000000          0x080001b8   Section        2  libinit.o(.ARM.Collect$$libinit$$00000000)
    .ARM.Collect$$libinit$$00000002          0x080001ba   Section        0  libinit2.o(.ARM.Collect$$libinit$$00000002)
    .ARM.Collect$$libinit$$00000004          0x080001ba   Section        0  libinit2.o(.ARM.Collect$$libinit$$00000004)
    .ARM.Collect$$libinit$$0000000A          0x080001ba   Section        0  libinit2.o(.ARM.Collect$$libinit$$0000000A)
    .ARM.Collect$$libinit$$0000000C          0x080001ba   Section        0  libinit2.o(.ARM.Collect$$libinit$$0000000C)
    .ARM.Collect$$libinit$$0000000E          0x080001ba   Section        0  libinit2.o(.ARM.Collect$$libinit$$0000000E)
    .ARM.Collect$$libinit$$00000011          0x080001ba   Section        0  libinit2.o(.ARM.Collect$$libinit$$00000011)
    .ARM.Collect$$libinit$$00000013          0x080001ba   Section        0  libinit2.o(.ARM.Collect$$libinit$$00000013)
    .ARM.Collect$$libinit$$00000015          0x080001ba   Section        0  libinit2.o(.ARM.Collect$$libinit$$00000015)
    .ARM.Collect$$libinit$$00000017          0x080001ba   Section        0  libinit2.o(.ARM.Collect$$libinit$$00000017)
    .ARM.Collect$$libinit$$00000019          0x080001ba   Section        0  libinit2.o(.ARM.Collect$$libinit$$00000019)
    .ARM.Collect$$libinit$$0000001B          0x080001ba   Section        0  libinit2.o(.ARM.Collect$$libinit$$0000001B)
    .ARM.Collect$$libinit$$0000001D          0x080001ba   Section        0  libinit2.o(.ARM.Collect$$libinit$$0000001D)
    .ARM.Collect$$libinit$$0000001F          0x080001ba   Section        0  libinit2.o(.ARM.Collect$$libinit$$0000001F)
    .ARM.Collect$$libinit$$00000021          0x080001ba   Section        0  libinit2.o(.ARM.Collect$$libinit$$00000021)
    .ARM.Collect$$libinit$$00000023          0x080001ba   Section        0  libinit2.o(.ARM.Collect$$libinit$$00000023)
    .ARM.Collect$$libinit$$00000025          0x080001ba   Section        0  libinit2.o(.ARM.Collect$$libinit$$00000025)
    .ARM.Collect$$libinit$$0000002C          0x080001ba   Section        0  libinit2.o(.ARM.Collect$$libinit$$0000002C)
    .ARM.Collect$$libinit$$0000002E          0x080001ba   Section        0  libinit2.o(.ARM.Collect$$libinit$$0000002E)
    .ARM.Collect$$libinit$$00000030          0x080001ba   Section        0  libinit2.o(.ARM.Collect$$libinit$$00000030)
    .ARM.Collect$$libinit$$00000032          0x080001ba   Section        0  libinit2.o(.ARM.Collect$$libinit$$00000032)
    .ARM.Collect$$libinit$$00000033          0x080001ba   Section        2  libinit2.o(.ARM.Collect$$libinit$$00000033)
    .ARM.Collect$$libshutdown$$00000000      0x080001bc   Section        2  libshutdown.o(.ARM.Collect$$libshutdown$$00000000)
    .ARM.Collect$$libshutdown$$00000002      0x080001be   Section        0  libshutdown2.o(.ARM.Collect$$libshutdown$$00000002)
    .ARM.Collect$$libshutdown$$00000004      0x080001be   Section        0  libshutdown2.o(.ARM.Collect$$libshutdown$$00000004)
    .ARM.Collect$$libshutdown$$00000007      0x080001be   Section        0  libshutdown2.o(.ARM.Collect$$libshutdown$$00000007)
    .ARM.Collect$$libshutdown$$0000000A      0x080001be   Section        0  libshutdown2.o(.ARM.Collect$$libshutdown$$0000000A)
    .ARM.Collect$$libshutdown$$0000000C      0x080001be   Section        0  libshutdown2.o(.ARM.Collect$$libshutdown$$0000000C)
    .ARM.Collect$$libshutdown$$0000000F      0x080001be   Section        0  libshutdown2.o(.ARM.Collect$$libshutdown$$0000000F)
    .ARM.Collect$$libshutdown$$00000010      0x080001be   Section        2  libshutdown2.o(.ARM.Collect$$libshutdown$$00000010)
    .ARM.Collect$$rtentry$$00000000          0x080001c0   Section        0  __rtentry.o(.ARM.Collect$$rtentry$$00000000)
    .ARM.Collect$$rtentry$$00000002          0x080001c0   Section        0  __rtentry2.o(.ARM.Collect$$rtentry$$00000002)
    .ARM.Collect$$rtentry$$00000004          0x080001c0   Section        6  __rtentry4.o(.ARM.Collect$$rtentry$$00000004)
    .ARM.Collect$$rtentry$$00000009          0x080001c6   Section        0  __rtentry2.o(.ARM.Collect$$rtentry$$00000009)
    .ARM.Collect$$rtentry$$0000000A          0x080001c6   Section        4  __rtentry2.o(.ARM.Collect$$rtentry$$0000000A)
    .ARM.Collect$$rtentry$$0000000C          0x080001ca   Section        0  __rtentry2.o(.ARM.Collect$$rtentry$$0000000C)
    .ARM.Collect$$rtentry$$0000000D          0x080001ca   Section        8  __rtentry2.o(.ARM.Collect$$rtentry$$0000000D)
    .ARM.Collect$$rtexit$$00000000           0x080001d2   Section        2  rtexit.o(.ARM.Collect$$rtexit$$00000000)
    .ARM.Collect$$rtexit$$00000002           0x080001d4   Section        0  rtexit2.o(.ARM.Collect$$rtexit$$00000002)
    .ARM.Collect$$rtexit$$00000003           0x080001d4   Section        4  rtexit2.o(.ARM.Collect$$rtexit$$00000003)
    .ARM.Collect$$rtexit$$00000004           0x080001d8   Section        6  rtexit2.o(.ARM.Collect$$rtexit$$00000004)
    .text                                    0x080001e0   Section       64  startup_apm32e10x_hd.o(.text)
    .text                                    0x08000220   Section        0  heapauxi.o(.text)
    .text                                    0x08000226   Section       74  sys_stackheap_outer.o(.text)
    .text                                    0x08000270   Section        0  exit.o(.text)
    .text                                    0x08000284   Section        8  libspace.o(.text)
    .text                                    0x0800028c   Section        0  sys_exit.o(.text)
    .text                                    0x08000298   Section        2  use_no_semi.o(.text)
    .text                                    0x0800029a   Section        0  indicate_semi.o(.text)
    i.APM_MINI_LEDInit                       0x0800029c   Section        0  board.o(i.APM_MINI_LEDInit)
    i.APM_MINI_LEDToggle                     0x080002e8   Section        0  board.o(i.APM_MINI_LEDToggle)
    i.BusFault_Handler                       0x0800030c   Section        0  apm32e10x_it.o(i.BusFault_Handler)
    i.DebugMon_Handler                       0x08000310   Section        0  apm32e10x_it.o(i.DebugMon_Handler)
    i.Delay                                  0x08000314   Section        0  main.o(i.Delay)
    i.GPIO_Config                            0x0800032c   Section        0  apm32e10x_gpio.o(i.GPIO_Config)
    i.HardFault_Handler                      0x080003c6   Section        0  apm32e10x_it.o(i.HardFault_Handler)
    i.MemManage_Handler                      0x080003ca   Section        0  apm32e10x_it.o(i.MemManage_Handler)
    i.NMI_Handler                            0x080003ce   Section        0  apm32e10x_it.o(i.NMI_Handler)
    i.PendSV_Handler                         0x080003d0   Section        0  apm32e10x_it.o(i.PendSV_Handler)
    i.RCM_EnableAPB2PeriphClock              0x080003d4   Section        0  apm32e10x_rcm.o(i.RCM_EnableAPB2PeriphClock)
    i.SVC_Handler                            0x080003e4   Section        0  apm32e10x_it.o(i.SVC_Handler)
    i.SysTick_Handler                        0x080003e6   Section        0  apm32e10x_it.o(i.SysTick_Handler)
    i.SystemClock120M                        0x080003e8   Section        0  system_apm32e10x.o(i.SystemClock120M)
    SystemClock120M                          0x080003e9   Thumb Code   212  system_apm32e10x.o(i.SystemClock120M)
    i.SystemClockConfig                      0x080004c4   Section        0  system_apm32e10x.o(i.SystemClockConfig)
    SystemClockConfig                        0x080004c5   Thumb Code     8  system_apm32e10x.o(i.SystemClockConfig)
    i.SystemInit                             0x080004cc   Section        0  system_apm32e10x.o(i.SystemInit)
    i.UsageFault_Handler                     0x0800052c   Section        0  apm32e10x_it.o(i.UsageFault_Handler)
    i.main                                   0x08000530   Section        0  main.o(i.main)
    .constdata                               0x08000550   Section       68  board.o(.constdata)
    .data                                    0x20000000   Section       40  board.o(.data)
    .bss                                     0x20000028   Section       96  libspace.o(.bss)
    HEAP                                     0x20000088   Section      512  startup_apm32e10x_hd.o(HEAP)
    Heap_Mem                                 0x20000088   Data         512  startup_apm32e10x_hd.o(HEAP)
    STACK                                    0x20000288   Section     1024  startup_apm32e10x_hd.o(STACK)
    Stack_Mem                                0x20000288   Data        1024  startup_apm32e10x_hd.o(STACK)
    __initial_sp                             0x20000688   Data           0  startup_apm32e10x_hd.o(STACK)

    Global Symbols

    Symbol Name                              Value     Ov Type        Size  Object(Section)

    BuildAttributes$$THM_ISAv4$P$D$K$B$S$PE$A:L22UL41UL21$X:L11$S22US41US21$IEEE1$IW$USESV6$~STKCKD$USESV7$~SHL$OSPACE$ROPI$EBA8$UX$STANDARDLIB$REQ8$PRES8$EABIv2 0x00000000   Number         0  anon$$obj.o ABSOLUTE
    __ARM_use_no_argv                        0x00000000   Number         0  main.o ABSOLUTE
    __ARM_exceptions_init                     - Undefined Weak Reference
    __alloca_initialize                       - Undefined Weak Reference
    __arm_preinit_                            - Undefined Weak Reference
    __cpp_initialize__aeabi_                  - Undefined Weak Reference
    __cxa_finalize                            - Undefined Weak Reference
    __rt_locale                               - Undefined Weak Reference
    __sigvec_lookup                           - Undefined Weak Reference
    _atexit_init                              - Undefined Weak Reference
    _call_atexit_fns                          - Undefined Weak Reference
    _clock_init                               - Undefined Weak Reference
    _fp_trap_init                             - Undefined Weak Reference
    _fp_trap_shutdown                         - Undefined Weak Reference
    _get_lc_collate                           - Undefined Weak Reference
    _get_lc_ctype                             - Undefined Weak Reference
    _get_lc_monetary                          - Undefined Weak Reference
    _get_lc_numeric                           - Undefined Weak Reference
    _get_lc_time                              - Undefined Weak Reference
    _getenv_init                              - Undefined Weak Reference
    _handle_redirection                       - Undefined Weak Reference
    _init_alloc                               - Undefined Weak Reference
    _init_user_alloc                          - Undefined Weak Reference
    _initio                                   - Undefined Weak Reference
    _rand_init                                - Undefined Weak Reference
    _signal_finish                            - Undefined Weak Reference
    _signal_init                              - Undefined Weak Reference
    _terminate_alloc                          - Undefined Weak Reference
    _terminate_user_alloc                     - Undefined Weak Reference
    _terminateio                              - Undefined Weak Reference
    __Vectors_Size                           0x00000144   Number         0  startup_apm32e10x_hd.o ABSOLUTE
    __Vectors                                0x08000000   Data           4  startup_apm32e10x_hd.o(RESET)
    __Vectors_End                            0x08000144   Data           0  startup_apm32e10x_hd.o(RESET)
    __main                                   0x08000145   Thumb Code     8  __main.o(!!!main)
    __scatterload                            0x0800014d   Thumb Code     0  __scatter.o(!!!scatter)
    __scatterload_rt2                        0x0800014d   Thumb Code    44  __scatter.o(!!!scatter)
    __scatterload_rt2_thumb_only             0x0800014d   Thumb Code     0  __scatter.o(!!!scatter)
    __scatterload_null                       0x0800015b   Thumb Code     0  __scatter.o(!!!scatter)
    __scatterload_copy                       0x08000181   Thumb Code    26  __scatter_copy.o(!!handler_copy)
    __scatterload_zeroinit                   0x0800019d   Thumb Code    28  __scatter_zi.o(!!handler_zi)
    __rt_lib_init                            0x080001b9   Thumb Code     0  libinit.o(.ARM.Collect$$libinit$$00000000)
    __rt_lib_init_alloca_1                   0x080001bb   Thumb Code     0  libinit2.o(.ARM.Collect$$libinit$$0000002E)
    __rt_lib_init_argv_1                     0x080001bb   Thumb Code     0  libinit2.o(.ARM.Collect$$libinit$$0000002C)
    __rt_lib_init_atexit_1                   0x080001bb   Thumb Code     0  libinit2.o(.ARM.Collect$$libinit$$0000001B)
    __rt_lib_init_clock_1                    0x080001bb   Thumb Code     0  libinit2.o(.ARM.Collect$$libinit$$00000021)
    __rt_lib_init_cpp_1                      0x080001bb   Thumb Code     0  libinit2.o(.ARM.Collect$$libinit$$00000032)
    __rt_lib_init_exceptions_1               0x080001bb   Thumb Code     0  libinit2.o(.ARM.Collect$$libinit$$00000030)
    __rt_lib_init_fp_1                       0x080001bb   Thumb Code     0  libinit2.o(.ARM.Collect$$libinit$$00000002)
    __rt_lib_init_fp_trap_1                  0x080001bb   Thumb Code     0  libinit2.o(.ARM.Collect$$libinit$$0000001F)
    __rt_lib_init_getenv_1                   0x080001bb   Thumb Code     0  libinit2.o(.ARM.Collect$$libinit$$00000023)
    __rt_lib_init_heap_1                     0x080001bb   Thumb Code     0  libinit2.o(.ARM.Collect$$libinit$$0000000A)
    __rt_lib_init_lc_collate_1               0x080001bb   Thumb Code     0  libinit2.o(.ARM.Collect$$libinit$$00000011)
    __rt_lib_init_lc_ctype_1                 0x080001bb   Thumb Code     0  libinit2.o(.ARM.Collect$$libinit$$00000013)
    __rt_lib_init_lc_monetary_1              0x080001bb   Thumb Code     0  libinit2.o(.ARM.Collect$$libinit$$00000015)
    __rt_lib_init_lc_numeric_1               0x080001bb   Thumb Code     0  libinit2.o(.ARM.Collect$$libinit$$00000017)
    __rt_lib_init_lc_time_1                  0x080001bb   Thumb Code     0  libinit2.o(.ARM.Collect$$libinit$$00000019)
    __rt_lib_init_preinit_1                  0x080001bb   Thumb Code     0  libinit2.o(.ARM.Collect$$libinit$$00000004)
    __rt_lib_init_rand_1                     0x080001bb   Thumb Code     0  libinit2.o(.ARM.Collect$$libinit$$0000000E)
    __rt_lib_init_return                     0x080001bb   Thumb Code     0  libinit2.o(.ARM.Collect$$libinit$$00000033)
    __rt_lib_init_signal_1                   0x080001bb   Thumb Code     0  libinit2.o(.ARM.Collect$$libinit$$0000001D)
    __rt_lib_init_stdio_1                    0x080001bb   Thumb Code     0  libinit2.o(.ARM.Collect$$libinit$$00000025)
    __rt_lib_init_user_alloc_1               0x080001bb   Thumb Code     0  libinit2.o(.ARM.Collect$$libinit$$0000000C)
    __rt_lib_shutdown                        0x080001bd   Thumb Code     0  libshutdown.o(.ARM.Collect$$libshutdown$$00000000)
    __rt_lib_shutdown_cpp_1                  0x080001bf   Thumb Code     0  libshutdown2.o(.ARM.Collect$$libshutdown$$00000002)
    __rt_lib_shutdown_fp_trap_1              0x080001bf   Thumb Code     0  libshutdown2.o(.ARM.Collect$$libshutdown$$00000007)
    __rt_lib_shutdown_heap_1                 0x080001bf   Thumb Code     0  libshutdown2.o(.ARM.Collect$$libshutdown$$0000000F)
    __rt_lib_shutdown_return                 0x080001bf   Thumb Code     0  libshutdown2.o(.ARM.Collect$$libshutdown$$00000010)
    __rt_lib_shutdown_signal_1               0x080001bf   Thumb Code     0  libshutdown2.o(.ARM.Collect$$libshutdown$$0000000A)
    __rt_lib_shutdown_stdio_1                0x080001bf   Thumb Code     0  libshutdown2.o(.ARM.Collect$$libshutdown$$00000004)
    __rt_lib_shutdown_user_alloc_1           0x080001bf   Thumb Code     0  libshutdown2.o(.ARM.Collect$$libshutdown$$0000000C)
    __rt_entry                               0x080001c1   Thumb Code     0  __rtentry.o(.ARM.Collect$$rtentry$$00000000)
    __rt_entry_presh_1                       0x080001c1   Thumb Code     0  __rtentry2.o(.ARM.Collect$$rtentry$$00000002)
    __rt_entry_sh                            0x080001c1   Thumb Code     0  __rtentry4.o(.ARM.Collect$$rtentry$$00000004)
    __rt_entry_li                            0x080001c7   Thumb Code     0  __rtentry2.o(.ARM.Collect$$rtentry$$0000000A)
    __rt_entry_postsh_1                      0x080001c7   Thumb Code     0  __rtentry2.o(.ARM.Collect$$rtentry$$00000009)
    __rt_entry_main                          0x080001cb   Thumb Code     0  __rtentry2.o(.ARM.Collect$$rtentry$$0000000D)
    __rt_entry_postli_1                      0x080001cb   Thumb Code     0  __rtentry2.o(.ARM.Collect$$rtentry$$0000000C)
    __rt_exit                                0x080001d3   Thumb Code     0  rtexit.o(.ARM.Collect$$rtexit$$00000000)
    __rt_exit_ls                             0x080001d5   Thumb Code     0  rtexit2.o(.ARM.Collect$$rtexit$$00000003)
    __rt_exit_prels_1                        0x080001d5   Thumb Code     0  rtexit2.o(.ARM.Collect$$rtexit$$00000002)
    __rt_exit_exit                           0x080001d9   Thumb Code     0  rtexit2.o(.ARM.Collect$$rtexit$$00000004)
    Reset_Handler                            0x080001e1   Thumb Code     8  startup_apm32e10x_hd.o(.text)
    ADC1_2_IRQHandler                        0x080001fb   Thumb Code     0  startup_apm32e10x_hd.o(.text)
    ADC3_IRQHandler                          0x080001fb   Thumb Code     0  startup_apm32e10x_hd.o(.text)
    CAN1_RX1_IRQHandler                      0x080001fb   Thumb Code     0  startup_apm32e10x_hd.o(.text)
    CAN1_SCE_IRQHandler                      0x080001fb   Thumb Code     0  startup_apm32e10x_hd.o(.text)
    CAN2_RX1_IRQHandler                      0x080001fb   Thumb Code     0  startup_apm32e10x_hd.o(.text)
    CAN2_SCE_IRQHandler                      0x080001fb   Thumb Code     0  startup_apm32e10x_hd.o(.text)
    DMA1_Channel1_IRQHandler                 0x080001fb   Thumb Code     0  startup_apm32e10x_hd.o(.text)
    DMA1_Channel2_IRQHandler                 0x080001fb   Thumb Code     0  startup_apm32e10x_hd.o(.text)
    DMA1_Channel3_IRQHandler                 0x080001fb   Thumb Code     0  startup_apm32e10x_hd.o(.text)
    DMA1_Channel4_IRQHandler                 0x080001fb   Thumb Code     0  startup_apm32e10x_hd.o(.text)
    DMA1_Channel5_IRQHandler                 0x080001fb   Thumb Code     0  startup_apm32e10x_hd.o(.text)
    DMA1_Channel6_IRQHandler                 0x080001fb   Thumb Code     0  startup_apm32e10x_hd.o(.text)
    DMA1_Channel7_IRQHandler                 0x080001fb   Thumb Code     0  startup_apm32e10x_hd.o(.text)
    DMA2_Channel1_IRQHandler                 0x080001fb   Thumb Code     0  startup_apm32e10x_hd.o(.text)
    DMA2_Channel2_IRQHandler                 0x080001fb   Thumb Code     0  startup_apm32e10x_hd.o(.text)
    DMA2_Channel3_IRQHandler                 0x080001fb   Thumb Code     0  startup_apm32e10x_hd.o(.text)
    DMA2_Channel4_5_IRQHandler               0x080001fb   Thumb Code     0  startup_apm32e10x_hd.o(.text)
    EINT0_IRQHandler                         0x080001fb   Thumb Code     0  startup_apm32e10x_hd.o(.text)
    EINT15_10_IRQHandler                     0x080001fb   Thumb Code     0  startup_apm32e10x_hd.o(.text)
    EINT1_IRQHandler                         0x080001fb   Thumb Code     0  startup_apm32e10x_hd.o(.text)
    EINT2_IRQHandler                         0x080001fb   Thumb Code     0  startup_apm32e10x_hd.o(.text)
    EINT3_IRQHandler                         0x080001fb   Thumb Code     0  startup_apm32e10x_hd.o(.text)
    EINT4_IRQHandler                         0x080001fb   Thumb Code     0  startup_apm32e10x_hd.o(.text)
    EINT9_5_IRQHandler                       0x080001fb   Thumb Code     0  startup_apm32e10x_hd.o(.text)
    EMMC_IRQHandler                          0x080001fb   Thumb Code     0  startup_apm32e10x_hd.o(.text)
    FMC_IRQHandler                           0x080001fb   Thumb Code     0  startup_apm32e10x_hd.o(.text)
    I2C1_ER_IRQHandler                       0x080001fb   Thumb Code     0  startup_apm32e10x_hd.o(.text)
    I2C1_EV_IRQHandler                       0x080001fb   Thumb Code     0  startup_apm32e10x_hd.o(.text)
    I2C2_ER_IRQHandler                       0x080001fb   Thumb Code     0  startup_apm32e10x_hd.o(.text)
    I2C2_EV_IRQHandler                       0x080001fb   Thumb Code     0  startup_apm32e10x_hd.o(.text)
    PVD_IRQHandler                           0x080001fb   Thumb Code     0  startup_apm32e10x_hd.o(.text)
    RCM_IRQHandler                           0x080001fb   Thumb Code     0  startup_apm32e10x_hd.o(.text)
    RTCAlarm_IRQHandler                      0x080001fb   Thumb Code     0  startup_apm32e10x_hd.o(.text)
    RTC_IRQHandler                           0x080001fb   Thumb Code     0  startup_apm32e10x_hd.o(.text)
    SDIO_IRQHandler                          0x080001fb   Thumb Code     0  startup_apm32e10x_hd.o(.text)
    SPI1_IRQHandler                          0x080001fb   Thumb Code     0  startup_apm32e10x_hd.o(.text)
    SPI2_IRQHandler                          0x080001fb   Thumb Code     0  startup_apm32e10x_hd.o(.text)
    SPI3_IRQHandler                          0x080001fb   Thumb Code     0  startup_apm32e10x_hd.o(.text)
    TAMPER_IRQHandler                        0x080001fb   Thumb Code     0  startup_apm32e10x_hd.o(.text)
    TMR1_BRK_IRQHandler                      0x080001fb   Thumb Code     0  startup_apm32e10x_hd.o(.text)
    TMR1_CC_IRQHandler                       0x080001fb   Thumb Code     0  startup_apm32e10x_hd.o(.text)
    TMR1_TRG_COM_IRQHandler                  0x080001fb   Thumb Code     0  startup_apm32e10x_hd.o(.text)
    TMR1_UP_IRQHandler                       0x080001fb   Thumb Code     0  startup_apm32e10x_hd.o(.text)
    TMR2_IRQHandler                          0x080001fb   Thumb Code     0  startup_apm32e10x_hd.o(.text)
    TMR3_IRQHandler                          0x080001fb   Thumb Code     0  startup_apm32e10x_hd.o(.text)
    TMR4_IRQHandler                          0x080001fb   Thumb Code     0  startup_apm32e10x_hd.o(.text)
    TMR5_IRQHandler                          0x080001fb   Thumb Code     0  startup_apm32e10x_hd.o(.text)
    TMR6_IRQHandler                          0x080001fb   Thumb Code     0  startup_apm32e10x_hd.o(.text)
    TMR7_IRQHandler                          0x080001fb   Thumb Code     0  startup_apm32e10x_hd.o(.text)
    TMR8_BRK_IRQHandler                      0x080001fb   Thumb Code     0  startup_apm32e10x_hd.o(.text)
    TMR8_CC_IRQHandler                       0x080001fb   Thumb Code     0  startup_apm32e10x_hd.o(.text)
    TMR8_TRG_COM_IRQHandler                  0x080001fb   Thumb Code     0  startup_apm32e10x_hd.o(.text)
    TMR8_UP_IRQHandler                       0x080001fb   Thumb Code     0  startup_apm32e10x_hd.o(.text)
    UART4_IRQHandler                         0x080001fb   Thumb Code     0  startup_apm32e10x_hd.o(.text)
    UART5_IRQHandler                         0x080001fb   Thumb Code     0  startup_apm32e10x_hd.o(.text)
    USART1_IRQHandler                        0x080001fb   Thumb Code     0  startup_apm32e10x_hd.o(.text)
    USART2_IRQHandler                        0x080001fb   Thumb Code     0  startup_apm32e10x_hd.o(.text)
    USART3_IRQHandler                        0x080001fb   Thumb Code     0  startup_apm32e10x_hd.o(.text)
    USBD1_HP_CAN1_TX_IRQHandler              0x080001fb   Thumb Code     0  startup_apm32e10x_hd.o(.text)
    USBD1_LP_CAN1_RX0_IRQHandler             0x080001fb   Thumb Code     0  startup_apm32e10x_hd.o(.text)
    USBD2_HP_CAN2_TX_IRQHandler              0x080001fb   Thumb Code     0  startup_apm32e10x_hd.o(.text)
    USBD2_LP_CAN2_RX0_IRQHandler             0x080001fb   Thumb Code     0  startup_apm32e10x_hd.o(.text)
    USBDWakeUp_IRQHandler                    0x080001fb   Thumb Code     0  startup_apm32e10x_hd.o(.text)
    WWDT_IRQHandler                          0x080001fb   Thumb Code     0  startup_apm32e10x_hd.o(.text)
    __user_initial_stackheap                 0x080001fd   Thumb Code     0  startup_apm32e10x_hd.o(.text)
    __use_two_region_memory                  0x08000221   Thumb Code     2  heapauxi.o(.text)
    __rt_heap_escrow$2region                 0x08000223   Thumb Code     2  heapauxi.o(.text)
    __rt_heap_expand$2region                 0x08000225   Thumb Code     2  heapauxi.o(.text)
    __user_setup_stackheap                   0x08000227   Thumb Code    74  sys_stackheap_outer.o(.text)
    exit                                     0x08000271   Thumb Code    18  exit.o(.text)
    __user_libspace                          0x08000285   Thumb Code     8  libspace.o(.text)
    __user_perproc_libspace                  0x08000285   Thumb Code     0  libspace.o(.text)
    __user_perthread_libspace                0x08000285   Thumb Code     0  libspace.o(.text)
    _sys_exit                                0x0800028d   Thumb Code     8  sys_exit.o(.text)
    __I$use$semihosting                      0x08000299   Thumb Code     0  use_no_semi.o(.text)
    __use_no_semihosting_swi                 0x08000299   Thumb Code     2  use_no_semi.o(.text)
    __semihosting_library_function           0x0800029b   Thumb Code     0  indicate_semi.o(.text)
    APM_MINI_LEDInit                         0x0800029d   Thumb Code    64  board.o(i.APM_MINI_LEDInit)
    APM_MINI_LEDToggle                       0x080002e9   Thumb Code    26  board.o(i.APM_MINI_LEDToggle)
    BusFault_Handler                         0x0800030d   Thumb Code     4  apm32e10x_it.o(i.BusFault_Handler)
    DebugMon_Handler                         0x08000311   Thumb Code     2  apm32e10x_it.o(i.DebugMon_Handler)
    Delay                                    0x08000315   Thumb Code    20  main.o(i.Delay)
    GPIO_Config                              0x0800032d   Thumb Code   154  apm32e10x_gpio.o(i.GPIO_Config)
    HardFault_Handler                        0x080003c7   Thumb Code     4  apm32e10x_it.o(i.HardFault_Handler)
    MemManage_Handler                        0x080003cb   Thumb Code     4  apm32e10x_it.o(i.MemManage_Handler)
    NMI_Handler                              0x080003cf   Thumb Code     2  apm32e10x_it.o(i.NMI_Handler)
    PendSV_Handler                           0x080003d1   Thumb Code     2  apm32e10x_it.o(i.PendSV_Handler)
    RCM_EnableAPB2PeriphClock                0x080003d5   Thumb Code    12  apm32e10x_rcm.o(i.RCM_EnableAPB2PeriphClock)
    SVC_Handler                              0x080003e5   Thumb Code     2  apm32e10x_it.o(i.SVC_Handler)
    SysTick_Handler                          0x080003e7   Thumb Code     2  apm32e10x_it.o(i.SysTick_Handler)
    SystemInit                               0x080004cd   Thumb Code    80  system_apm32e10x.o(i.SystemInit)
    UsageFault_Handler                       0x0800052d   Thumb Code     4  apm32e10x_it.o(i.UsageFault_Handler)
    main                                     0x08000531   Thumb Code    32  main.o(i.main)
    GPIO_PIN                                 0x08000550   Data           4  board.o(.constdata)
    GPIO_CLK                                 0x08000554   Data           8  board.o(.constdata)
    BUTTON_PIN                               0x0800055c   Data           4  board.o(.constdata)
    BUTTON_CLK                               0x08000560   Data           8  board.o(.constdata)
    BUTTON_EINT_LINE                         0x08000568   Data           4  board.o(.constdata)
    BUTTON_PORT_SOURCE                       0x0800056c   Data           2  board.o(.constdata)
    BUTTON_PIN_SOURCE                        0x0800056e   Data           2  board.o(.constdata)
    BUTTON_IRQn                              0x08000570   Data           2  board.o(.constdata)
    COM_USART_CLK                            0x08000574   Data           8  board.o(.constdata)
    COM_TX_PORT_CLK                          0x0800057c   Data           8  board.o(.constdata)
    COM_RX_PORT_CLK                          0x08000584   Data           8  board.o(.constdata)
    COM_TX_PIN                               0x0800058c   Data           4  board.o(.constdata)
    COM_RX_PIN                               0x08000590   Data           4  board.o(.constdata)
    Region$$Table$$Base                      0x08000594   Number         0  anon$$obj.o(Region$$Table)
    Region$$Table$$Limit                     0x080005b4   Number         0  anon$$obj.o(Region$$Table)
    GPIO_PORT                                0x20000000   Data           8  board.o(.data)
    BUTTON_PORT                              0x20000008   Data           8  board.o(.data)
    COM_USART                                0x20000010   Data           8  board.o(.data)
    COM_TX_PORT                              0x20000018   Data           8  board.o(.data)
    COM_RX_PORT                              0x20000020   Data           8  board.o(.data)
    __libspace_start                         0x20000028   Data          96  libspace.o(.bss)
    __temporary_stack_top$libspace           0x20000088   Data           0  libspace.o(.bss)



==============================================================================

Memory Map of the image

  Image Entry point : 0x08000145

  Load Region LR_IROM1 (Base: 0x08000000, Size: 0x000005dc, Max: 0x00080000, ABSOLUTE)

    Execution Region ER_IROM1 (Exec base: 0x08000000, Load base: 0x08000000, Size: 0x000005b4, Max: 0x00080000, ABSOLUTE)

    Exec Addr    Load Addr    Size         Type   Attr      Idx    E Section Name        Object

    0x08000000   0x08000000   0x00000144   Data   RO          204    RESET               startup_apm32e10x_hd.o
    0x08000144   0x08000144   0x00000008   Code   RO         4682  * !!!main             c_w.l(__main.o)
    0x0800014c   0x0800014c   0x00000034   Code   RO         4839    !!!scatter          c_w.l(__scatter.o)
    0x08000180   0x08000180   0x0000001a   Code   RO         4841    !!handler_copy      c_w.l(__scatter_copy.o)
    0x0800019a   0x0800019a   0x00000002   PAD
    0x0800019c   0x0800019c   0x0000001c   Code   RO         4843    !!handler_zi        c_w.l(__scatter_zi.o)
    0x080001b8   0x080001b8   0x00000002   Code   RO         4709    .ARM.Collect$$libinit$$00000000  c_w.l(libinit.o)
    0x080001ba   0x080001ba   0x00000000   Code   RO         4716    .ARM.Collect$$libinit$$00000002  c_w.l(libinit2.o)
    0x080001ba   0x080001ba   0x00000000   Code   RO         4718    .ARM.Collect$$libinit$$00000004  c_w.l(libinit2.o)
    0x080001ba   0x080001ba   0x00000000   Code   RO         4721    .ARM.Collect$$libinit$$0000000A  c_w.l(libinit2.o)
    0x080001ba   0x080001ba   0x00000000   Code   RO         4723    .ARM.Collect$$libinit$$0000000C  c_w.l(libinit2.o)
    0x080001ba   0x080001ba   0x00000000   Code   RO         4725    .ARM.Collect$$libinit$$0000000E  c_w.l(libinit2.o)
    0x080001ba   0x080001ba   0x00000000   Code   RO         4728    .ARM.Collect$$libinit$$00000011  c_w.l(libinit2.o)
    0x080001ba   0x080001ba   0x00000000   Code   RO         4730    .ARM.Collect$$libinit$$00000013  c_w.l(libinit2.o)
    0x080001ba   0x080001ba   0x00000000   Code   RO         4732    .ARM.Collect$$libinit$$00000015  c_w.l(libinit2.o)
    0x080001ba   0x080001ba   0x00000000   Code   RO         4734    .ARM.Collect$$libinit$$00000017  c_w.l(libinit2.o)
    0x080001ba   0x080001ba   0x00000000   Code   RO         4736    .ARM.Collect$$libinit$$00000019  c_w.l(libinit2.o)
    0x080001ba   0x080001ba   0x00000000   Code   RO         4738    .ARM.Collect$$libinit$$0000001B  c_w.l(libinit2.o)
    0x080001ba   0x080001ba   0x00000000   Code   RO         4740    .ARM.Collect$$libinit$$0000001D  c_w.l(libinit2.o)
    0x080001ba   0x080001ba   0x00000000   Code   RO         4742    .ARM.Collect$$libinit$$0000001F  c_w.l(libinit2.o)
    0x080001ba   0x080001ba   0x00000000   Code   RO         4744    .ARM.Collect$$libinit$$00000021  c_w.l(libinit2.o)
    0x080001ba   0x080001ba   0x00000000   Code   RO         4746    .ARM.Collect$$libinit$$00000023  c_w.l(libinit2.o)
    0x080001ba   0x080001ba   0x00000000   Code   RO         4748    .ARM.Collect$$libinit$$00000025  c_w.l(libinit2.o)
    0x080001ba   0x080001ba   0x00000000   Code   RO         4752    .ARM.Collect$$libinit$$0000002C  c_w.l(libinit2.o)
    0x080001ba   0x080001ba   0x00000000   Code   RO         4754    .ARM.Collect$$libinit$$0000002E  c_w.l(libinit2.o)
    0x080001ba   0x080001ba   0x00000000   Code   RO         4756    .ARM.Collect$$libinit$$00000030  c_w.l(libinit2.o)
    0x080001ba   0x080001ba   0x00000000   Code   RO         4758    .ARM.Collect$$libinit$$00000032  c_w.l(libinit2.o)
    0x080001ba   0x080001ba   0x00000002   Code   RO         4759    .ARM.Collect$$libinit$$00000033  c_w.l(libinit2.o)
    0x080001bc   0x080001bc   0x00000002   Code   RO         4779    .ARM.Collect$$libshutdown$$00000000  c_w.l(libshutdown.o)
    0x080001be   0x080001be   0x00000000   Code   RO         4792    .ARM.Collect$$libshutdown$$00000002  c_w.l(libshutdown2.o)
    0x080001be   0x080001be   0x00000000   Code   RO         4794    .ARM.Collect$$libshutdown$$00000004  c_w.l(libshutdown2.o)
    0x080001be   0x080001be   0x00000000   Code   RO         4797    .ARM.Collect$$libshutdown$$00000007  c_w.l(libshutdown2.o)
    0x080001be   0x080001be   0x00000000   Code   RO         4800    .ARM.Collect$$libshutdown$$0000000A  c_w.l(libshutdown2.o)
    0x080001be   0x080001be   0x00000000   Code   RO         4802    .ARM.Collect$$libshutdown$$0000000C  c_w.l(libshutdown2.o)
    0x080001be   0x080001be   0x00000000   Code   RO         4805    .ARM.Collect$$libshutdown$$0000000F  c_w.l(libshutdown2.o)
    0x080001be   0x080001be   0x00000002   Code   RO         4806    .ARM.Collect$$libshutdown$$00000010  c_w.l(libshutdown2.o)
    0x080001c0   0x080001c0   0x00000000   Code   RO         4684    .ARM.Collect$$rtentry$$00000000  c_w.l(__rtentry.o)
    0x080001c0   0x080001c0   0x00000000   Code   RO         4686    .ARM.Collect$$rtentry$$00000002  c_w.l(__rtentry2.o)
    0x080001c0   0x080001c0   0x00000006   Code   RO         4698    .ARM.Collect$$rtentry$$00000004  c_w.l(__rtentry4.o)
    0x080001c6   0x080001c6   0x00000000   Code   RO         4688    .ARM.Collect$$rtentry$$00000009  c_w.l(__rtentry2.o)
    0x080001c6   0x080001c6   0x00000004   Code   RO         4689    .ARM.Collect$$rtentry$$0000000A  c_w.l(__rtentry2.o)
    0x080001ca   0x080001ca   0x00000000   Code   RO         4691    .ARM.Collect$$rtentry$$0000000C  c_w.l(__rtentry2.o)
    0x080001ca   0x080001ca   0x00000008   Code   RO         4692    .ARM.Collect$$rtentry$$0000000D  c_w.l(__rtentry2.o)
    0x080001d2   0x080001d2   0x00000002   Code   RO         4713    .ARM.Collect$$rtexit$$00000000  c_w.l(rtexit.o)
    0x080001d4   0x080001d4   0x00000000   Code   RO         4761    .ARM.Collect$$rtexit$$00000002  c_w.l(rtexit2.o)
    0x080001d4   0x080001d4   0x00000004   Code   RO         4762    .ARM.Collect$$rtexit$$00000003  c_w.l(rtexit2.o)
    0x080001d8   0x080001d8   0x00000006   Code   RO         4763    .ARM.Collect$$rtexit$$00000004  c_w.l(rtexit2.o)
    0x080001de   0x080001de   0x00000002   PAD
    0x080001e0   0x080001e0   0x00000040   Code   RO          205    .text               startup_apm32e10x_hd.o
    0x08000220   0x08000220   0x00000006   Code   RO         4680    .text               c_w.l(heapauxi.o)
    0x08000226   0x08000226   0x0000004a   Code   RO         4700    .text               c_w.l(sys_stackheap_outer.o)
    0x08000270   0x08000270   0x00000012   Code   RO         4702    .text               c_w.l(exit.o)
    0x08000282   0x08000282   0x00000002   PAD
    0x08000284   0x08000284   0x00000008   Code   RO         4710    .text               c_w.l(libspace.o)
    0x0800028c   0x0800028c   0x0000000c   Code   RO         4771    .text               c_w.l(sys_exit.o)
    0x08000298   0x08000298   0x00000002   Code   RO         4782    .text               c_w.l(use_no_semi.o)
    0x0800029a   0x0800029a   0x00000000   Code   RO         4784    .text               c_w.l(indicate_semi.o)
    0x0800029a   0x0800029a   0x00000002   PAD
    0x0800029c   0x0800029c   0x0000004c   Code   RO         4615    i.APM_MINI_LEDInit  board.o
    0x080002e8   0x080002e8   0x00000024   Code   RO         4618    i.APM_MINI_LEDToggle  board.o
    0x0800030c   0x0800030c   0x00000004   Code   RO           84    i.BusFault_Handler  apm32e10x_it.o
    0x08000310   0x08000310   0x00000002   Code   RO           85    i.DebugMon_Handler  apm32e10x_it.o
    0x08000312   0x08000312   0x00000002   PAD
    0x08000314   0x08000314   0x00000018   Code   RO            4    i.Delay             main.o
    0x0800032c   0x0800032c   0x0000009a   Code   RO         1703    i.GPIO_Config       apm32e10x_gpio.o
    0x080003c6   0x080003c6   0x00000004   Code   RO           86    i.HardFault_Handler  apm32e10x_it.o
    0x080003ca   0x080003ca   0x00000004   Code   RO           87    i.MemManage_Handler  apm32e10x_it.o
    0x080003ce   0x080003ce   0x00000002   Code   RO           88    i.NMI_Handler       apm32e10x_it.o
    0x080003d0   0x080003d0   0x00000002   Code   RO           89    i.PendSV_Handler    apm32e10x_it.o
    0x080003d2   0x080003d2   0x00000002   PAD
    0x080003d4   0x080003d4   0x00000010   Code   RO         2376    i.RCM_EnableAPB2PeriphClock  apm32e10x_rcm.o
    0x080003e4   0x080003e4   0x00000002   Code   RO           90    i.SVC_Handler       apm32e10x_it.o
    0x080003e6   0x080003e6   0x00000002   Code   RO           91    i.SysTick_Handler   apm32e10x_it.o
    0x080003e8   0x080003e8   0x000000dc   Code   RO          159    i.SystemClock120M   system_apm32e10x.o
    0x080004c4   0x080004c4   0x00000008   Code   RO          160    i.SystemClockConfig  system_apm32e10x.o
    0x080004cc   0x080004cc   0x00000060   Code   RO          162    i.SystemInit        system_apm32e10x.o
    0x0800052c   0x0800052c   0x00000004   Code   RO           92    i.UsageFault_Handler  apm32e10x_it.o
    0x08000530   0x08000530   0x00000020   Code   RO            5    i.main              main.o
    0x08000550   0x08000550   0x00000044   Data   RO         4621    .constdata          board.o
    0x08000594   0x08000594   0x00000020   Data   RO         4837    Region$$Table       anon$$obj.o


    Execution Region RW_IRAM1 (Exec base: 0x20000000, Load base: 0x080005b4, Size: 0x00000688, Max: 0x00020000, ABSOLUTE)

    Exec Addr    Load Addr    Size         Type   Attr      Idx    E Section Name        Object

    0x20000000   0x080005b4   0x00000028   Data   RW         4622    .data               board.o
    0x20000028        -       0x00000060   Zero   RW         4711    .bss                c_w.l(libspace.o)
    0x20000088        -       0x00000200   Zero   RW          203    HEAP                startup_apm32e10x_hd.o
    0x20000288        -       0x00000400   Zero   RW          202    STACK               startup_apm32e10x_hd.o


==============================================================================

Image component sizes


      Code (inc. data)   RO Data    RW Data    ZI Data      Debug   Object Name

       154          0          0          0          0       1598   apm32e10x_gpio.o
        26          0          0          0          0       4158   apm32e10x_it.o
        16          4          0          0          0        616   apm32e10x_rcm.o
       112         22         68         40          0       2704   board.o
        56          4          0          0          0      72963   main.o
        64         26        324          0       1536        932   startup_apm32e10x_hd.o
       324         24          0          0          0       2445   system_apm32e10x.o

    ----------------------------------------------------------------------
       756         80        424         40       1536      85416   Object Totals
         0          0         32          0          0          0   (incl. Generated)
         4          0          0          0          0          0   (incl. Padding)

    ----------------------------------------------------------------------

      Code (inc. data)   RO Data    RW Data    ZI Data      Debug   Library Member Name

         8          0          0          0          0         68   __main.o
         0          0          0          0          0          0   __rtentry.o
        12          0          0          0          0          0   __rtentry2.o
         6          0          0          0          0          0   __rtentry4.o
        52          8          0          0          0          0   __scatter.o
        26          0          0          0          0          0   __scatter_copy.o
        28          0          0          0          0          0   __scatter_zi.o
        18          0          0          0          0         80   exit.o
         6          0          0          0          0        152   heapauxi.o
         0          0          0          0          0          0   indicate_semi.o
         2          0          0          0          0          0   libinit.o
         2          0          0          0          0          0   libinit2.o
         2          0          0          0          0          0   libshutdown.o
         2          0          0          0          0          0   libshutdown2.o
         8          4          0          0         96         68   libspace.o
         2          0          0          0          0          0   rtexit.o
        10          0          0          0          0          0   rtexit2.o
        12          4          0          0          0         68   sys_exit.o
        74          0          0          0          0         80   sys_stackheap_outer.o
         2          0          0          0          0         68   use_no_semi.o

    ----------------------------------------------------------------------
       280         16          0          0         96        584   Library Totals
         8          0          0          0          0          0   (incl. Padding)

    ----------------------------------------------------------------------

      Code (inc. data)   RO Data    RW Data    ZI Data      Debug   Library Name

       272         16          0          0         96        584   c_w.l

    ----------------------------------------------------------------------
       280         16          0          0         96        584   Library Totals

    ----------------------------------------------------------------------

==============================================================================


      Code (inc. data)   RO Data    RW Data    ZI Data      Debug   

      1036         96        424         40       1632      85112   Grand Totals
      1036         96        424         40       1632      85112   ELF Image Totals
      1036         96        424         40          0          0   ROM Totals

==============================================================================

    Total RO  Size (Code + RO Data)                 1460 (   1.43kB)
    Total RW  Size (RW Data + ZI Data)              1672 (   1.63kB)
    Total ROM Size (Code + RO Data + RW Data)       1500 (   1.46kB)

==============================================================================

