Component: ARM Compiler 5.06 update 6 (build 750) Tool: armlink [4d35ed]

==============================================================================

Section Cross References

    main.o(i.delay_init) refers to apm32e10x_misc.o(i.SysTick_ConfigCLKSource) for SysTick_ConfigCLKSource
    main.o(i.delay_init) refers to system_apm32e10x.o(.data) for SystemCoreClock
    main.o(i.delay_init) refers to main.o(.data) for fac_us
    main.o(i.delay_ms) refers to main.o(.data) for fac_ms
    main.o(i.delay_sec) refers to main.o(i.delay_ms) for delay_ms
    main.o(i.delay_us) refers to main.o(.data) for fac_us
    main.o(i.error_handler) refers to board.o(i.APM_MINI_LEDInit) for APM_MINI_LEDInit
    main.o(i.error_handler) refers to main.o(i.delay_ms) for delay_ms
    main.o(i.main) refers to board.o(i.APM_MINI_LEDInit) for APM_MINI_LEDInit
    main.o(i.main) refers to main.o(i.delay_init) for delay_init
    main.o(i.main) refers to soft_i2c.o(i.i2c_config) for i2c_config
    main.o(i.main) refers to soft_i2c.o(i.i2c_master_transmit) for i2c_master_transmit
    main.o(i.main) refers to main.o(i.error_handler) for error_handler
    main.o(i.main) refers to main.o(i.delay_ms) for delay_ms
    main.o(i.main) refers to soft_i2c.o(i.i2c_master_receive) for i2c_master_receive
    main.o(i.main) refers to main.o(i.buffer_compare) for buffer_compare
    main.o(i.main) refers to main.o(.data) for tx_buf
    soft_i2c.o(i.i2c_ack) refers to apm32e10x_gpio.o(i.GPIO_ResetBits) for GPIO_ResetBits
    soft_i2c.o(i.i2c_ack) refers to soft_i2c.o(i.i2c_delay) for i2c_delay
    soft_i2c.o(i.i2c_ack) refers to apm32e10x_gpio.o(i.GPIO_SetBits) for GPIO_SetBits
    soft_i2c.o(i.i2c_config) refers to apm32e10x_rcm.o(i.RCM_EnableAPB2PeriphClock) for RCM_EnableAPB2PeriphClock
    soft_i2c.o(i.i2c_config) refers to apm32e10x_gpio.o(i.GPIO_SetBits) for GPIO_SetBits
    soft_i2c.o(i.i2c_config) refers to apm32e10x_gpio.o(i.GPIO_Config) for GPIO_Config
    soft_i2c.o(i.i2c_delay) refers to main.o(i.delay_us) for delay_us
    soft_i2c.o(i.i2c_master_receive) refers to soft_i2c.o(i.i2c_start) for i2c_start
    soft_i2c.o(i.i2c_master_receive) refers to soft_i2c.o(i.i2c_send_byte) for i2c_send_byte
    soft_i2c.o(i.i2c_master_receive) refers to soft_i2c.o(i.i2c_wait_ack) for i2c_wait_ack
    soft_i2c.o(i.i2c_master_receive) refers to soft_i2c.o(i.i2c_stop) for i2c_stop
    soft_i2c.o(i.i2c_master_receive) refers to soft_i2c.o(i.i2c_receive_byte) for i2c_receive_byte
    soft_i2c.o(i.i2c_master_receive) refers to soft_i2c.o(i.i2c_ack) for i2c_ack
    soft_i2c.o(i.i2c_master_receive) refers to soft_i2c.o(i.i2c_no_ack) for i2c_no_ack
    soft_i2c.o(i.i2c_master_transmit) refers to soft_i2c.o(i.i2c_start) for i2c_start
    soft_i2c.o(i.i2c_master_transmit) refers to soft_i2c.o(i.i2c_send_byte) for i2c_send_byte
    soft_i2c.o(i.i2c_master_transmit) refers to soft_i2c.o(i.i2c_wait_ack) for i2c_wait_ack
    soft_i2c.o(i.i2c_master_transmit) refers to soft_i2c.o(i.i2c_stop) for i2c_stop
    soft_i2c.o(i.i2c_memory_read) refers to soft_i2c.o(i.i2c_start) for i2c_start
    soft_i2c.o(i.i2c_memory_read) refers to soft_i2c.o(i.i2c_send_byte) for i2c_send_byte
    soft_i2c.o(i.i2c_memory_read) refers to soft_i2c.o(i.i2c_wait_ack) for i2c_wait_ack
    soft_i2c.o(i.i2c_memory_read) refers to soft_i2c.o(i.i2c_stop) for i2c_stop
    soft_i2c.o(i.i2c_memory_read) refers to soft_i2c.o(i.i2c_receive_byte) for i2c_receive_byte
    soft_i2c.o(i.i2c_memory_read) refers to soft_i2c.o(i.i2c_ack) for i2c_ack
    soft_i2c.o(i.i2c_memory_read) refers to soft_i2c.o(i.i2c_no_ack) for i2c_no_ack
    soft_i2c.o(i.i2c_memory_write) refers to soft_i2c.o(i.i2c_start) for i2c_start
    soft_i2c.o(i.i2c_memory_write) refers to soft_i2c.o(i.i2c_send_byte) for i2c_send_byte
    soft_i2c.o(i.i2c_memory_write) refers to soft_i2c.o(i.i2c_wait_ack) for i2c_wait_ack
    soft_i2c.o(i.i2c_memory_write) refers to soft_i2c.o(i.i2c_stop) for i2c_stop
    soft_i2c.o(i.i2c_no_ack) refers to apm32e10x_gpio.o(i.GPIO_ResetBits) for GPIO_ResetBits
    soft_i2c.o(i.i2c_no_ack) refers to apm32e10x_gpio.o(i.GPIO_SetBits) for GPIO_SetBits
    soft_i2c.o(i.i2c_no_ack) refers to soft_i2c.o(i.i2c_delay) for i2c_delay
    soft_i2c.o(i.i2c_receive_byte) refers to apm32e10x_gpio.o(i.GPIO_SetBits) for GPIO_SetBits
    soft_i2c.o(i.i2c_receive_byte) refers to apm32e10x_gpio.o(i.GPIO_ResetBits) for GPIO_ResetBits
    soft_i2c.o(i.i2c_receive_byte) refers to soft_i2c.o(i.i2c_delay) for i2c_delay
    soft_i2c.o(i.i2c_receive_byte) refers to apm32e10x_gpio.o(i.GPIO_ReadInputBit) for GPIO_ReadInputBit
    soft_i2c.o(i.i2c_send_byte) refers to apm32e10x_gpio.o(i.GPIO_ResetBits) for GPIO_ResetBits
    soft_i2c.o(i.i2c_send_byte) refers to apm32e10x_gpio.o(i.GPIO_SetBits) for GPIO_SetBits
    soft_i2c.o(i.i2c_send_byte) refers to soft_i2c.o(i.i2c_delay) for i2c_delay
    soft_i2c.o(i.i2c_start) refers to soft_i2c.o(i.i2c_delay) for i2c_delay
[...]
    Removing apm32e10x_gpio.o(i.GPIO_ConfigPinRemap), (88 bytes).
    Removing apm32e10x_gpio.o(i.GPIO_DisableEventOutput), (20 bytes).
    Removing apm32e10x_gpio.o(i.GPIO_EnableEventOutput), (20 bytes).
    Removing apm32e10x_gpio.o(i.GPIO_ReadInputPort), (8 bytes).
    Removing apm32e10x_gpio.o(i.GPIO_ReadOutputBit), (18 bytes).
    Removing apm32e10x_gpio.o(i.GPIO_ReadOutputPort), (8 bytes).
    Removing apm32e10x_gpio.o(i.GPIO_Reset), (116 bytes).
    Removing apm32e10x_gpio.o(i.GPIO_StructInit), (16 bytes).
    Removing apm32e10x_gpio.o(i.GPIO_WriteBitValue), (10 bytes).
    Removing apm32e10x_gpio.o(i.GPIO_WriteOutputPort), (4 bytes).
    Removing apm32e10x_i2c.o(.rev16_text), (4 bytes).
    Removing apm32e10x_i2c.o(.revsh_text), (4 bytes).
    Removing apm32e10x_i2c.o(.rrx_text), (6 bytes).
    Removing apm32e10x_i2c.o(i.I2C_ClearIntFlag), (12 bytes).
    Removing apm32e10x_i2c.o(i.I2C_ClearStatusFlag), (94 bytes).
    Removing apm32e10x_i2c.o(i.I2C_Config), (260 bytes).
    Removing apm32e10x_i2c.o(i.I2C_ConfigFastModeDutyCycle), (30 bytes).
    Removing apm32e10x_i2c.o(i.I2C_ConfigNACKPosition), (26 bytes).
    Removing apm32e10x_i2c.o(i.I2C_ConfigOwnAddress2), (10 bytes).
    Removing apm32e10x_i2c.o(i.I2C_ConfigPECPosition), (26 bytes).
    Removing apm32e10x_i2c.o(i.I2C_ConfigSMBusAlert), (26 bytes).
    Removing apm32e10x_i2c.o(i.I2C_ConfigStructInit), (30 bytes).
    Removing apm32e10x_i2c.o(i.I2C_Disable), (10 bytes).
    Removing apm32e10x_i2c.o(i.I2C_DisableARP), (10 bytes).
    Removing apm32e10x_i2c.o(i.I2C_DisableAcknowledge), (10 bytes).
    Removing apm32e10x_i2c.o(i.I2C_DisableDMA), (10 bytes).
    Removing apm32e10x_i2c.o(i.I2C_DisableDMALastTransfer), (10 bytes).
    Removing apm32e10x_i2c.o(i.I2C_DisableDualAddress), (10 bytes).
    Removing apm32e10x_i2c.o(i.I2C_DisableGeneralCall), (10 bytes).
    Removing apm32e10x_i2c.o(i.I2C_DisableGenerateStart), (10 bytes).
    Removing apm32e10x_i2c.o(i.I2C_DisableGenerateStop), (10 bytes).
    Removing apm32e10x_i2c.o(i.I2C_DisableInterrupt), (8 bytes).
    Removing apm32e10x_i2c.o(i.I2C_DisablePEC), (10 bytes).
    Removing apm32e10x_i2c.o(i.I2C_DisablePECTransmit), (10 bytes).
    Removing apm32e10x_i2c.o(i.I2C_DisableSoftwareReset), (10 bytes).
    Removing apm32e10x_i2c.o(i.I2C_DisableStretchClock), (12 bytes).
    Removing apm32e10x_i2c.o(i.I2C_Enable), (12 bytes).
    Removing apm32e10x_i2c.o(i.I2C_EnableARP), (12 bytes).
    Removing apm32e10x_i2c.o(i.I2C_EnableAcknowledge), (14 bytes).
    Removing apm32e10x_i2c.o(i.I2C_EnableDMA), (14 bytes).
    Removing apm32e10x_i2c.o(i.I2C_EnableDMALastTransfer), (14 bytes).
    Removing apm32e10x_i2c.o(i.I2C_EnableDualAddress), (12 bytes).
    Removing apm32e10x_i2c.o(i.I2C_EnableGeneralCall), (12 bytes).
    Removing apm32e10x_i2c.o(i.I2C_EnableGenerateStart), (14 bytes).
    Removing apm32e10x_i2c.o(i.I2C_EnableGenerateStop), (14 bytes).
    Removing apm32e10x_i2c.o(i.I2C_EnableInterrupt), (8 bytes).
    Removing apm32e10x_i2c.o(i.I2C_EnablePEC), (12 bytes).
    Removing apm32e10x_i2c.o(i.I2C_EnablePECTransmit), (14 bytes).
    Removing apm32e10x_i2c.o(i.I2C_EnableSoftwareReset), (14 bytes).
    Removing apm32e10x_i2c.o(i.I2C_EnableStretchClock), (10 bytes).
    Removing apm32e10x_i2c.o(i.I2C_ReadEventStatus), (44 bytes).
    Removing apm32e10x_i2c.o(i.I2C_ReadIntFlag), (36 bytes).
    Removing apm32e10x_i2c.o(i.I2C_ReadLastEvent), (30 bytes).
    Removing apm32e10x_i2c.o(i.I2C_ReadPEC), (10 bytes).
    Removing apm32e10x_i2c.o(i.I2C_ReadRegister), (86 bytes).
    Removing apm32e10x_i2c.o(i.I2C_ReadStatusFlag), (208 bytes).
    Removing apm32e10x_i2c.o(i.I2C_Reset), (52 bytes).
    Removing apm32e10x_i2c.o(i.I2C_RxData), (8 bytes).
    Removing apm32e10x_i2c.o(i.I2C_Tx7BitAddress), (32 bytes).
    Removing apm32e10x_i2c.o(i.I2C_TxData), (10 bytes).
    Removing apm32e10x_iwdt.o(.rev16_text), (4 bytes).
    Removing apm32e10x_iwdt.o(.revsh_text), (4 bytes).
    Removing apm32e10x_iwdt.o(.rrx_text), (6 bytes).
    Removing apm32e10x_iwdt.o(i.IWDT_ConfigDivider), (12 bytes).
    Removing apm32e10x_iwdt.o(i.IWDT_ConfigReload), (12 bytes).
    Removing apm32e10x_iwdt.o(i.IWDT_DisableWriteAccess), (20 bytes).
    Removing apm32e10x_iwdt.o(i.IWDT_Enable), (16 bytes).
    Removing apm32e10x_iwdt.o(i.IWDT_EnableWriteAccess), (24 bytes).
    Removing apm32e10x_iwdt.o(i.IWDT_ReadStatusFlag), (24 bytes).
    Removing apm32e10x_iwdt.o(i.IWDT_Refresh), (16 bytes).
    Removing apm32e10x_misc.o(.rev16_text), (4 bytes).
    Removing apm32e10x_misc.o(.revsh_text), (4 bytes).
    Removing apm32e10x_misc.o(.rrx_text), (6 bytes).
    Removing apm32e10x_misc.o(i.NVIC_ConfigPriorityGroup), (20 bytes).
    Removing apm32e10x_misc.o(i.NVIC_ConfigVectorTable), (20 bytes).
    Removing apm32e10x_misc.o(i.NVIC_DisableIRQRequest), (24 bytes).
    Removing apm32e10x_misc.o(i.NVIC_EnableIRQRequest), (160 bytes).
    Removing apm32e10x_misc.o(i.NVIC_ResetystemLowPower), (16 bytes).
    Removing apm32e10x_misc.o(i.NVIC_SetSystemLowPower), (16 bytes).
    Removing apm32e10x_pmu.o(.rev16_text), (4 bytes).
    Removing apm32e10x_pmu.o(.revsh_text), (4 bytes).
    Removing apm32e10x_pmu.o(.rrx_text), (6 bytes).
    Removing apm32e10x_pmu.o(i.PMU_ClearStatusFlag), (44 bytes).
    Removing apm32e10x_pmu.o(i.PMU_ConfigPVDLevel), (28 bytes).
    Removing apm32e10x_pmu.o(i.PMU_DisableBackupAccess), (20 bytes).
    Removing apm32e10x_pmu.o(i.PMU_DisablePVD), (20 bytes).
    Removing apm32e10x_pmu.o(i.PMU_DisableWakeUpPin), (20 bytes).
    Removing apm32e10x_pmu.o(i.PMU_EnableBackupAccess), (24 bytes).
    Removing apm32e10x_pmu.o(i.PMU_EnablePVD), (20 bytes).
    Removing apm32e10x_pmu.o(i.PMU_EnableWakeUpPin), (24 bytes).
    Removing apm32e10x_pmu.o(i.PMU_EnterSTANDBYMode), (56 bytes).
    Removing apm32e10x_pmu.o(i.PMU_EnterSTOPMode), (64 bytes).
    Removing apm32e10x_pmu.o(i.PMU_ReadStatusFlag), (48 bytes).
    Removing apm32e10x_pmu.o(i.PMU_Reset), (20 bytes).
    Removing apm32e10x_rcm.o(.rev16_text), (4 bytes).
    Removing apm32e10x_rcm.o(.revsh_text), (4 bytes).
    Removing apm32e10x_rcm.o(.rrx_text), (6 bytes).
    Removing apm32e10x_rcm.o(i.RCM_ClearIntFlag), (20 bytes).
    Removing apm32e10x_rcm.o(i.RCM_ClearStatusFlag), (24 bytes).
    Removing apm32e10x_rcm.o(i.RCM_ConfigADCCLK), (20 bytes).
    Removing apm32e10x_rcm.o(i.RCM_ConfigAHB), (20 bytes).
    Removing apm32e10x_rcm.o(i.RCM_ConfigAPB1), (20 bytes).
    Removing apm32e10x_rcm.o(i.RCM_ConfigAPB2), (20 bytes).
    Removing apm32e10x_rcm.o(i.RCM_ConfigFPUCLK), (20 bytes).
    Removing apm32e10x_rcm.o(i.RCM_ConfigHSE), (84 bytes).
    Removing apm32e10x_rcm.o(i.RCM_ConfigLSE), (76 bytes).
    Removing apm32e10x_rcm.o(i.RCM_ConfigMCO), (20 bytes).
    Removing apm32e10x_rcm.o(i.RCM_ConfigPLL), (44 bytes).
    Removing apm32e10x_rcm.o(i.RCM_ConfigRTCCLK), (20 bytes).
    Removing apm32e10x_rcm.o(i.RCM_ConfigSYSCLK), (20 bytes).
    Removing apm32e10x_rcm.o(i.RCM_ConfigUSBCLK), (20 bytes).
    Removing apm32e10x_rcm.o(i.RCM_DisableAHBPeriphClock), (16 bytes).
    Removing apm32e10x_rcm.o(i.RCM_DisableAPB1PeriphClock), (16 bytes).
    Removing apm32e10x_rcm.o(i.RCM_DisableAPB1PeriphReset), (16 bytes).
    Removing apm32e10x_rcm.o(i.RCM_DisableAPB2PeriphClock), (16 bytes).
    Removing apm32e10x_rcm.o(i.RCM_DisableAPB2PeriphReset), (16 bytes).
    Removing apm32e10x_rcm.o(i.RCM_DisableBackupReset), (20 bytes).
    Removing apm32e10x_rcm.o(i.RCM_DisableCSS), (20 bytes).
    Removing apm32e10x_rcm.o(i.RCM_DisableHSI), (20 bytes).
    Removing apm32e10x_rcm.o(i.RCM_DisableInterrupt), (20 bytes).
    Removing apm32e10x_rcm.o(i.RCM_DisableLSI), (20 bytes).
    Removing apm32e10x_rcm.o(i.RCM_DisablePLL), (20 bytes).
    Removing apm32e10x_rcm.o(i.RCM_DisableRTCCLK), (20 bytes).
    Removing apm32e10x_rcm.o(i.RCM_EnableAHBPeriphClock), (16 bytes).
    Removing apm32e10x_rcm.o(i.RCM_EnableAPB1PeriphClock), (16 bytes).
    Removing apm32e10x_rcm.o(i.RCM_EnableAPB1PeriphReset), (16 bytes).
    Removing apm32e10x_rcm.o(i.RCM_EnableAPB2PeriphReset), (16 bytes).
    Removing apm32e10x_rcm.o(i.RCM_EnableBackupReset), (24 bytes).
    Removing apm32e10x_rcm.o(i.RCM_EnableCSS), (24 bytes).
    Removing apm32e10x_rcm.o(i.RCM_EnableHSI), (20 bytes).
    Removing apm32e10x_rcm.o(i.RCM_EnableInterrupt), (20 bytes).
    Removing apm32e10x_rcm.o(i.RCM_EnableLSI), (20 bytes).
    Removing apm32e10x_rcm.o(i.RCM_EnablePLL), (24 bytes).
    Removing apm32e10x_rcm.o(i.RCM_EnableRTCCLK), (24 bytes).
    Removing apm32e10x_rcm.o(i.RCM_ReadADCCLKFreq), (48 bytes).
    Removing apm32e10x_rcm.o(i.RCM_ReadHCLKFreq), (60 bytes).
    Removing apm32e10x_rcm.o(i.RCM_ReadIntFlag), (24 bytes).
    Removing apm32e10x_rcm.o(i.RCM_ReadPCLKFreq), (76 bytes).
    Removing apm32e10x_rcm.o(i.RCM_ReadSYSCLKFreq), (100 bytes).
    Removing apm32e10x_rcm.o(i.RCM_ReadSYSCLKSource), (16 bytes).
    Removing apm32e10x_rcm.o(i.RCM_ReadStatusFlag), (64 bytes).
    Removing apm32e10x_rcm.o(i.RCM_Reset), (80 bytes).
    Removing apm32e10x_rcm.o(i.RCM_SetHSITrim), (20 bytes).
    Removing apm32e10x_rcm.o(i.RCM_WaitHSEReady), (44 bytes).
    Removing apm32e10x_rtc.o(.rev16_text), (4 bytes).
    Removing apm32e10x_rtc.o(.revsh_text), (4 bytes).
    Removing apm32e10x_rtc.o(.rrx_text), (6 bytes).
    Removing apm32e10x_rtc.o(i.RTC_ClearIntFlag), (16 bytes).
    Removing apm32e10x_rtc.o(i.RTC_ClearStatusFlag), (16 bytes).
    Removing apm32e10x_rtc.o(i.RTC_ConfigAlarm), (44 bytes).
    Removing apm32e10x_rtc.o(i.RTC_ConfigCounter), (44 bytes).
    Removing apm32e10x_rtc.o(i.RTC_ConfigPrescaler), (44 bytes).
    Removing apm32e10x_rtc.o(i.RTC_DisableConfigMode), (20 bytes).
    Removing apm32e10x_rtc.o(i.RTC_DisableInterrupt), (16 bytes).
    Removing apm32e10x_rtc.o(i.RTC_EnableConfigMode), (20 bytes).
    Removing apm32e10x_rtc.o(i.RTC_EnableInterrupt), (16 bytes).
    Removing apm32e10x_rtc.o(i.RTC_ReadCounter), (20 bytes).
    Removing apm32e10x_rtc.o(i.RTC_ReadDivider), (24 bytes).
    Removing apm32e10x_rtc.o(i.RTC_ReadIntFlag), (24 bytes).
    Removing apm32e10x_rtc.o(i.RTC_ReadStatusFlag), (24 bytes).
    Removing apm32e10x_rtc.o(i.RTC_WaitForLastTask), (20 bytes).
    Removing apm32e10x_rtc.o(i.RTC_WaitForSynchor), (32 bytes).
    Removing apm32e10x_sci2c.o(.rev16_text), (4 bytes).
    Removing apm32e10x_sci2c.o(.revsh_text), (4 bytes).
    Removing apm32e10x_sci2c.o(.rrx_text), (6 bytes).
    Removing apm32e10x_sci2c.o(i.SCI2C_Abort), (12 bytes).
    Removing apm32e10x_sci2c.o(i.SCI2C_BlockTxCmd), (10 bytes).
    Removing apm32e10x_sci2c.o(i.SCI2C_ClearIntFlag), (126 bytes).
    Removing apm32e10x_sci2c.o(i.SCI2C_Config), (148 bytes).
    Removing apm32e10x_sci2c.o(i.SCI2C_ConfigClkPeriod), (30 bytes).
    Removing apm32e10x_sci2c.o(i.SCI2C_ConfigDMARxDataLevel), (6 bytes).
    Removing apm32e10x_sci2c.o(i.SCI2C_ConfigDMATxDataLevel), (6 bytes).
    Removing apm32e10x_sci2c.o(i.SCI2C_ConfigDataDir), (6 bytes).
    Removing apm32e10x_sci2c.o(i.SCI2C_ConfigDataRegister), (14 bytes).
    Removing apm32e10x_sci2c.o(i.SCI2C_ConfigMasterAddr), (18 bytes).
    Removing apm32e10x_sci2c.o(i.SCI2C_ConfigMasterCode), (4 bytes).
    Removing apm32e10x_sci2c.o(i.SCI2C_ConfigRxFifoThreshold), (4 bytes).
    Removing apm32e10x_sci2c.o(i.SCI2C_ConfigSDADelayTime), (6 bytes).
    Removing apm32e10x_sci2c.o(i.SCI2C_ConfigSDAHoldTime), (18 bytes).
    Removing apm32e10x_sci2c.o(i.SCI2C_ConfigSlaveAddr), (12 bytes).
    Removing apm32e10x_sci2c.o(i.SCI2C_ConfigSpeed), (10 bytes).
    Removing apm32e10x_sci2c.o(i.SCI2C_ConfigSpikeSuppressionLimit), (16 bytes).
    Removing apm32e10x_sci2c.o(i.SCI2C_ConfigStructInit), (36 bytes).
    Removing apm32e10x_sci2c.o(i.SCI2C_ConfigTxFifoThreshold), (4 bytes).
    Removing apm32e10x_sci2c.o(i.SCI2C_Disable), (10 bytes).
    Removing apm32e10x_sci2c.o(i.SCI2C_DisableDMA), (12 bytes).
    Removing apm32e10x_sci2c.o(i.SCI2C_DisableInterrupt), (8 bytes).
    Removing apm32e10x_sci2c.o(i.SCI2C_DisableMasterMode), (10 bytes).
    Removing apm32e10x_sci2c.o(i.SCI2C_DisableRestart), (10 bytes).
    Removing apm32e10x_sci2c.o(i.SCI2C_DisableSlaveMode), (12 bytes).
    Removing apm32e10x_sci2c.o(i.SCI2C_DisableStopDetectAddressed), (10 bytes).
    Removing apm32e10x_sci2c.o(i.SCI2C_DisableStopDetectMasterActivity), (10 bytes).
    Removing apm32e10x_sci2c.o(i.SCI2C_Enable), (12 bytes).
    Removing apm32e10x_sci2c.o(i.SCI2C_EnableDMA), (12 bytes).
    Removing apm32e10x_sci2c.o(i.SCI2C_EnableInterrupt), (8 bytes).
    Removing apm32e10x_sci2c.o(i.SCI2C_EnableMasterMode), (12 bytes).
    Removing apm32e10x_sci2c.o(i.SCI2C_EnableRestart), (12 bytes).
    Removing apm32e10x_sci2c.o(i.SCI2C_EnableSlaveMode), (10 bytes).
    Removing apm32e10x_sci2c.o(i.SCI2C_EnableStopDetectAddressed), (12 bytes).
    Removing apm32e10x_sci2c.o(i.SCI2C_EnableStopDetectMasterActivity), (14 bytes).
    Removing apm32e10x_sci2c.o(i.SCI2C_GernalCallAck), (6 bytes).
    Removing apm32e10x_sci2c.o(i.SCI2C_ReadIntFlag), (20 bytes).
    Removing apm32e10x_sci2c.o(i.SCI2C_ReadRawIntFlag), (20 bytes).
    Removing apm32e10x_sci2c.o(i.SCI2C_ReadRxFifoDataCnt), (8 bytes).
    Removing apm32e10x_sci2c.o(i.SCI2C_ReadStatusFlag), (44 bytes).
    Removing apm32e10x_sci2c.o(i.SCI2C_ReadTxAbortSource), (8 bytes).
    Removing apm32e10x_sci2c.o(i.SCI2C_ReadTxFifoDataCnt), (8 bytes).
    Removing apm32e10x_sci2c.o(i.SCI2C_Reset), (68 bytes).
    Removing apm32e10x_sci2c.o(i.SCI2C_RxData), (8 bytes).
    Removing apm32e10x_sci2c.o(i.SCI2C_SlaveDataNackOnly), (6 bytes).
    Removing apm32e10x_sci2c.o(i.SCI2C_TxData), (10 bytes).
    Removing apm32e10x_sdio.o(.rev16_text), (4 bytes).
    Removing apm32e10x_sdio.o(.revsh_text), (4 bytes).
    Removing apm32e10x_sdio.o(.rrx_text), (6 bytes).
    Removing apm32e10x_sdio.o(i.SDIO_ClearIntFlag), (12 bytes).
    Removing apm32e10x_sdio.o(i.SDIO_ClearStatusFlag), (12 bytes).
    Removing apm32e10x_sdio.o(i.SDIO_Config), (48 bytes).
    Removing apm32e10x_sdio.o(i.SDIO_ConfigData), (48 bytes).
    Removing apm32e10x_sdio.o(i.SDIO_ConfigDataStructInit), (20 bytes).
    Removing apm32e10x_sdio.o(i.SDIO_ConfigPowerState), (28 bytes).
    Removing apm32e10x_sdio.o(i.SDIO_ConfigSDIOReadWaitMode), (12 bytes).
    Removing apm32e10x_sdio.o(i.SDIO_ConfigStructInit), (16 bytes).
    Removing apm32e10x_sdio.o(i.SDIO_DisableCEATAInterrupt), (12 bytes).
    Removing apm32e10x_sdio.o(i.SDIO_DisableClock), (12 bytes).
    Removing apm32e10x_sdio.o(i.SDIO_DisableCommandCompletion), (12 bytes).
    Removing apm32e10x_sdio.o(i.SDIO_DisableDMA), (12 bytes).
    Removing apm32e10x_sdio.o(i.SDIO_DisableInterrupt), (16 bytes).
    Removing apm32e10x_sdio.o(i.SDIO_DisableSDIO), (12 bytes).
    Removing apm32e10x_sdio.o(i.SDIO_DisableStartReadWait), (12 bytes).
    Removing apm32e10x_sdio.o(i.SDIO_DisableStopReadWait), (12 bytes).
    Removing apm32e10x_sdio.o(i.SDIO_DisableTxCEATA), (12 bytes).
    Removing apm32e10x_sdio.o(i.SDIO_DisableTxSDIOSuspend), (12 bytes).
    Removing apm32e10x_sdio.o(i.SDIO_EnableCEATAInterrupt), (12 bytes).
    Removing apm32e10x_sdio.o(i.SDIO_EnableClock), (12 bytes).
    Removing apm32e10x_sdio.o(i.SDIO_EnableCommandCompletion), (12 bytes).
    Removing apm32e10x_sdio.o(i.SDIO_EnableDMA), (12 bytes).
    Removing apm32e10x_sdio.o(i.SDIO_EnableInterrupt), (16 bytes).
    Removing apm32e10x_sdio.o(i.SDIO_EnableSDIO), (12 bytes).
    Removing apm32e10x_sdio.o(i.SDIO_EnableStartReadWait), (12 bytes).
    Removing apm32e10x_sdio.o(i.SDIO_EnableStopReadWait), (12 bytes).
    Removing apm32e10x_sdio.o(i.SDIO_EnableTxCEATA), (12 bytes).
    Removing apm32e10x_sdio.o(i.SDIO_EnableTxSDIOSuspend), (12 bytes).
    Removing apm32e10x_sdio.o(i.SDIO_ReadCommandResponse), (12 bytes).
    Removing apm32e10x_sdio.o(i.SDIO_ReadData), (12 bytes).
    Removing apm32e10x_sdio.o(i.SDIO_ReadDataCounter), (12 bytes).
    Removing apm32e10x_sdio.o(i.SDIO_ReadFIFOCount), (12 bytes).
    Removing apm32e10x_sdio.o(i.SDIO_ReadIntFlag), (36 bytes).
    Removing apm32e10x_sdio.o(i.SDIO_ReadPowerState), (16 bytes).
    Removing apm32e10x_sdio.o(i.SDIO_ReadResponse), (24 bytes).
    Removing apm32e10x_sdio.o(i.SDIO_ReadStatusFlag), (24 bytes).
    Removing apm32e10x_sdio.o(i.SDIO_Reset), (36 bytes).
    Removing apm32e10x_sdio.o(i.SDIO_TxCommand), (44 bytes).
    Removing apm32e10x_sdio.o(i.SDIO_TxCommandStructInit), (14 bytes).
    Removing apm32e10x_sdio.o(i.SDIO_WriteData), (12 bytes).
    Removing apm32e10x_spi.o(.rev16_text), (4 bytes).
    Removing apm32e10x_spi.o(.revsh_text), (4 bytes).
    Removing apm32e10x_spi.o(.rrx_text), (6 bytes).
    Removing apm32e10x_spi.o(i.I2S_Config), (224 bytes).
    Removing apm32e10x_spi.o(i.I2S_ConfigStructInit), (20 bytes).
    Removing apm32e10x_spi.o(i.I2S_Disable), (10 bytes).
    Removing apm32e10x_spi.o(i.I2S_Enable), (14 bytes).
    Removing apm32e10x_spi.o(i.SPI_Config), (50 bytes).
    Removing apm32e10x_spi.o(i.SPI_ConfigBiDirectionalLine), (28 bytes).
    Removing apm32e10x_spi.o(i.SPI_ConfigDataSize), (16 bytes).
    Removing apm32e10x_spi.o(i.SPI_ConfigStructInit), (24 bytes).
    Removing apm32e10x_spi.o(i.SPI_Disable), (10 bytes).
    Removing apm32e10x_spi.o(i.SPI_DisableCRC), (10 bytes).
    Removing apm32e10x_spi.o(i.SPI_DisableSSOutput), (10 bytes).
    Removing apm32e10x_spi.o(i.SPI_Enable), (12 bytes).
    Removing apm32e10x_spi.o(i.SPI_EnableCRC), (14 bytes).
    Removing apm32e10x_spi.o(i.SPI_EnableSSOutput), (12 bytes).
    Removing apm32e10x_spi.o(i.SPI_I2S_ClearIntFlag), (10 bytes).
    Removing apm32e10x_spi.o(i.SPI_I2S_ClearStatusFlag), (10 bytes).
    Removing apm32e10x_spi.o(i.SPI_I2S_DisableDMA), (24 bytes).
    Removing apm32e10x_spi.o(i.SPI_I2S_DisableInterrupt), (10 bytes).
    Removing apm32e10x_spi.o(i.SPI_I2S_EnableDMA), (28 bytes).
    Removing apm32e10x_spi.o(i.SPI_I2S_EnableInterrupt), (10 bytes).
    Removing apm32e10x_spi.o(i.SPI_I2S_ReadIntFlag), (28 bytes).
    Removing apm32e10x_spi.o(i.SPI_I2S_ReadStatusFlag), (16 bytes).
    Removing apm32e10x_spi.o(i.SPI_I2S_Reset), (76 bytes).
    Removing apm32e10x_spi.o(i.SPI_I2S_RxData), (8 bytes).
    Removing apm32e10x_spi.o(i.SPI_I2S_TxData), (4 bytes).
    Removing apm32e10x_spi.o(i.SPI_ReadCRCPolynomial), (8 bytes).
    Removing apm32e10x_spi.o(i.SPI_ReadRxCRC), (8 bytes).
    Removing apm32e10x_spi.o(i.SPI_ReadTxCRC), (8 bytes).
    Removing apm32e10x_spi.o(i.SPI_ResetSoftwareNSS), (10 bytes).
    Removing apm32e10x_spi.o(i.SPI_SetSoftwareNSS), (14 bytes).
    Removing apm32e10x_spi.o(i.SPI_TxCRC), (14 bytes).
    Removing apm32e10x_tmr.o(.rev16_text), (4 bytes).
    Removing apm32e10x_tmr.o(.revsh_text), (4 bytes).
    Removing apm32e10x_tmr.o(.rrx_text), (6 bytes).
    Removing apm32e10x_tmr.o(i.TI1Config), (168 bytes).
    Removing apm32e10x_tmr.o(i.TI2Config), (176 bytes).
    Removing apm32e10x_tmr.o(i.TI3Config), (180 bytes).
    Removing apm32e10x_tmr.o(i.TI4Config), (78 bytes).
    Removing apm32e10x_tmr.o(i.TMR_ClearIntFlag), (6 bytes).
    Removing apm32e10x_tmr.o(i.TMR_ClearOC1Ref), (10 bytes).
    Removing apm32e10x_tmr.o(i.TMR_ClearOC2Ref), (10 bytes).
    Removing apm32e10x_tmr.o(i.TMR_ClearOC3Ref), (10 bytes).
    Removing apm32e10x_tmr.o(i.TMR_ClearOC4Ref), (10 bytes).
    Removing apm32e10x_tmr.o(i.TMR_ClearStatusFlag), (6 bytes).
    Removing apm32e10x_tmr.o(i.TMR_ConfigAutoreload), (4 bytes).
    Removing apm32e10x_tmr.o(i.TMR_ConfigBDT), (42 bytes).
    Removing apm32e10x_tmr.o(i.TMR_ConfigBDTStructInit), (18 bytes).
    Removing apm32e10x_tmr.o(i.TMR_ConfigClockDivision), (10 bytes).
    Removing apm32e10x_tmr.o(i.TMR_ConfigCompare1), (4 bytes).
    Removing apm32e10x_tmr.o(i.TMR_ConfigCompare2), (4 bytes).
    Removing apm32e10x_tmr.o(i.TMR_ConfigCompare3), (4 bytes).
    Removing apm32e10x_tmr.o(i.TMR_ConfigCompare4), (4 bytes).
    Removing apm32e10x_tmr.o(i.TMR_ConfigCounter), (4 bytes).
    Removing apm32e10x_tmr.o(i.TMR_ConfigCounterMode), (24 bytes).
    Removing apm32e10x_tmr.o(i.TMR_ConfigDMA), (8 bytes).
    Removing apm32e10x_tmr.o(i.TMR_ConfigETR), (34 bytes).
    Removing apm32e10x_tmr.o(i.TMR_ConfigETRClockMode1), (52 bytes).
    Removing apm32e10x_tmr.o(i.TMR_ConfigETRClockMode2), (36 bytes).
    Removing apm32e10x_tmr.o(i.TMR_ConfigEncodeInterface), (84 bytes).
    Removing apm32e10x_tmr.o(i.TMR_ConfigForcedOC1), (18 bytes).
    Removing apm32e10x_tmr.o(i.TMR_ConfigForcedOC2), (18 bytes).
    Removing apm32e10x_tmr.o(i.TMR_ConfigForcedOC3), (18 bytes).
    Removing apm32e10x_tmr.o(i.TMR_ConfigForcedOC4), (18 bytes).
    Removing apm32e10x_tmr.o(i.TMR_ConfigIC), (116 bytes).
    Removing apm32e10x_tmr.o(i.TMR_ConfigIC1Prescal), (18 bytes).
    Removing apm32e10x_tmr.o(i.TMR_ConfigIC2Prescal), (18 bytes).
    Removing apm32e10x_tmr.o(i.TMR_ConfigIC3Prescal), (18 bytes).
    Removing apm32e10x_tmr.o(i.TMR_ConfigIC4Prescal), (18 bytes).
    Removing apm32e10x_tmr.o(i.TMR_ConfigICStructInit), (18 bytes).
    Removing apm32e10x_tmr.o(i.TMR_ConfigIntTrigExternalClock), (26 bytes).
    Removing apm32e10x_tmr.o(i.TMR_ConfigInternalClock), (10 bytes).
    Removing apm32e10x_tmr.o(i.TMR_ConfigOC1), (128 bytes).
    Removing apm32e10x_tmr.o(i.TMR_ConfigOC1Fast), (10 bytes).
    Removing apm32e10x_tmr.o(i.TMR_ConfigOC1NPolarity), (10 bytes).
    Removing apm32e10x_tmr.o(i.TMR_ConfigOC1Polarity), (10 bytes).
    Removing apm32e10x_tmr.o(i.TMR_ConfigOC1Preload), (10 bytes).
    Removing apm32e10x_tmr.o(i.TMR_ConfigOC2), (160 bytes).
    Removing apm32e10x_tmr.o(i.TMR_ConfigOC2Fast), (10 bytes).
    Removing apm32e10x_tmr.o(i.TMR_ConfigOC2NPolarity), (10 bytes).
    Removing apm32e10x_tmr.o(i.TMR_ConfigOC2Polarity), (10 bytes).
    Removing apm32e10x_tmr.o(i.TMR_ConfigOC2Preload), (10 bytes).
    Removing apm32e10x_tmr.o(i.TMR_ConfigOC3), (160 bytes).
    Removing apm32e10x_tmr.o(i.TMR_ConfigOC3Fast), (10 bytes).
    Removing apm32e10x_tmr.o(i.TMR_ConfigOC3NPolarity), (10 bytes).
    Removing apm32e10x_tmr.o(i.TMR_ConfigOC3Polarity), (10 bytes).
    Removing apm32e10x_tmr.o(i.TMR_ConfigOC3Preload), (10 bytes).
    Removing apm32e10x_tmr.o(i.TMR_ConfigOC4), (108 bytes).
    Removing apm32e10x_tmr.o(i.TMR_ConfigOC4Fast), (10 bytes).
    Removing apm32e10x_tmr.o(i.TMR_ConfigOC4Polarity), (10 bytes).
    Removing apm32e10x_tmr.o(i.TMR_ConfigOC4Preload), (10 bytes).
    Removing apm32e10x_tmr.o(i.TMR_ConfigOCStructInit), (20 bytes).
    Removing apm32e10x_tmr.o(i.TMR_ConfigPWM), (124 bytes).
    Removing apm32e10x_tmr.o(i.TMR_ConfigPrescaler), (12 bytes).
    Removing apm32e10x_tmr.o(i.TMR_ConfigTimeBase), (140 bytes).
    Removing apm32e10x_tmr.o(i.TMR_ConfigTimeBaseStructInit), (18 bytes).
    Removing apm32e10x_tmr.o(i.TMR_ConfigTrigExternalClock), (64 bytes).
    Removing apm32e10x_tmr.o(i.TMR_ConfigUPdateRequest), (24 bytes).
    Removing apm32e10x_tmr.o(i.TMR_Disable), (10 bytes).
    Removing apm32e10x_tmr.o(i.TMR_DisableAUTOReload), (10 bytes).
    Removing apm32e10x_tmr.o(i.TMR_DisableCCDMA), (10 bytes).
    Removing apm32e10x_tmr.o(i.TMR_DisableCCPreload), (10 bytes).
    Removing apm32e10x_tmr.o(i.TMR_DisableCCxChannel), (12 bytes).
    Removing apm32e10x_tmr.o(i.TMR_DisableCCxNChannel), (12 bytes).
    Removing apm32e10x_tmr.o(i.TMR_DisableDMASoure), (8 bytes).
    Removing apm32e10x_tmr.o(i.TMR_DisableHallSensor), (10 bytes).
    Removing apm32e10x_tmr.o(i.TMR_DisableInterrupt), (8 bytes).
    Removing apm32e10x_tmr.o(i.TMR_DisableMasterSlaveMode), (10 bytes).
    Removing apm32e10x_tmr.o(i.TMR_DisableNoUpdate), (10 bytes).
    Removing apm32e10x_tmr.o(i.TMR_DisablePWMOutputs), (10 bytes).
    Removing apm32e10x_tmr.o(i.TMR_DisableSelectCOM), (10 bytes).
    Removing apm32e10x_tmr.o(i.TMR_Enable), (12 bytes).
    Removing apm32e10x_tmr.o(i.TMR_EnableAUTOReload), (12 bytes).
    Removing apm32e10x_tmr.o(i.TMR_EnableCCDMA), (12 bytes).
    Removing apm32e10x_tmr.o(i.TMR_EnableCCPreload), (12 bytes).
    Removing apm32e10x_tmr.o(i.TMR_EnableCCxChannel), (12 bytes).
    Removing apm32e10x_tmr.o(i.TMR_EnableCCxNChannel), (12 bytes).
    Removing apm32e10x_tmr.o(i.TMR_EnableDMASoure), (8 bytes).
    Removing apm32e10x_tmr.o(i.TMR_EnableHallSensor), (12 bytes).
    Removing apm32e10x_tmr.o(i.TMR_EnableInterrupt), (8 bytes).
    Removing apm32e10x_tmr.o(i.TMR_EnableMasterSlaveMode), (12 bytes).
    Removing apm32e10x_tmr.o(i.TMR_EnableNoUpdate), (12 bytes).
    Removing apm32e10x_tmr.o(i.TMR_EnablePWMOutputs), (14 bytes).
    Removing apm32e10x_tmr.o(i.TMR_EnableSelectCOM), (12 bytes).
    Removing apm32e10x_tmr.o(i.TMR_GenerateEvent), (4 bytes).
    Removing apm32e10x_tmr.o(i.TMR_ReadCaputer1), (8 bytes).
    Removing apm32e10x_tmr.o(i.TMR_ReadCaputer2), (8 bytes).
    Removing apm32e10x_tmr.o(i.TMR_ReadCaputer3), (8 bytes).
    Removing apm32e10x_tmr.o(i.TMR_ReadCaputer4), (8 bytes).
    Removing apm32e10x_tmr.o(i.TMR_ReadCounter), (8 bytes).
    Removing apm32e10x_tmr.o(i.TMR_ReadIntFlag), (22 bytes).
    Removing apm32e10x_tmr.o(i.TMR_ReadPrescaler), (8 bytes).
    Removing apm32e10x_tmr.o(i.TMR_ReadStatusFlag), (16 bytes).
    Removing apm32e10x_tmr.o(i.TMR_Reset), (192 bytes).
    Removing apm32e10x_tmr.o(i.TMR_SelectInputTrigger), (18 bytes).
    Removing apm32e10x_tmr.o(i.TMR_SelectOCxMode), (66 bytes).
    Removing apm32e10x_tmr.o(i.TMR_SelectOutputTrigger), (10 bytes).
    Removing apm32e10x_tmr.o(i.TMR_SelectSinglePulseMode), (10 bytes).
    Removing apm32e10x_tmr.o(i.TMR_SelectSlaveMode), (10 bytes).
    Removing apm32e10x_usart.o(.rev16_text), (4 bytes).
    Removing apm32e10x_usart.o(.revsh_text), (4 bytes).
    Removing apm32e10x_usart.o(.rrx_text), (6 bytes).
    Removing apm32e10x_usart.o(i.USART_Address), (10 bytes).
    Removing apm32e10x_usart.o(i.USART_ClearIntFlag), (16 bytes).
    Removing apm32e10x_usart.o(i.USART_ClearStatusFlag), (8 bytes).
    Removing apm32e10x_usart.o(i.USART_Config), (144 bytes).
    Removing apm32e10x_usart.o(i.USART_ConfigClock), (42 bytes).
    Removing apm32e10x_usart.o(i.USART_ConfigClockStructInit), (12 bytes).
    Removing apm32e10x_usart.o(i.USART_ConfigGuardTime), (10 bytes).
    Removing apm32e10x_usart.o(i.USART_ConfigIrDA), (10 bytes).
    Removing apm32e10x_usart.o(i.USART_ConfigLINBreakDetectLength), (10 bytes).
    Removing apm32e10x_usart.o(i.USART_ConfigPrescaler), (10 bytes).
    Removing apm32e10x_usart.o(i.USART_ConfigStructInit), (24 bytes).
    Removing apm32e10x_usart.o(i.USART_ConfigWakeUp), (10 bytes).
    Removing apm32e10x_usart.o(i.USART_Disable), (10 bytes).
    Removing apm32e10x_usart.o(i.USART_DisableDMA), (8 bytes).
    Removing apm32e10x_usart.o(i.USART_DisableHalfDuplex), (10 bytes).
    Removing apm32e10x_usart.o(i.USART_DisableInterrupt), (42 bytes).
    Removing apm32e10x_usart.o(i.USART_DisableIrDA), (10 bytes).
    Removing apm32e10x_usart.o(i.USART_DisableLIN), (10 bytes).
    Removing apm32e10x_usart.o(i.USART_DisableMuteMode), (10 bytes).
    Removing apm32e10x_usart.o(i.USART_DisableRx), (10 bytes).
    Removing apm32e10x_usart.o(i.USART_DisableSmartCard), (10 bytes).
    Removing apm32e10x_usart.o(i.USART_DisableSmartCardNACK), (10 bytes).
    Removing apm32e10x_usart.o(i.USART_DisableTx), (10 bytes).
    Removing apm32e10x_usart.o(i.USART_Enable), (14 bytes).
    Removing apm32e10x_usart.o(i.USART_EnableDMA), (8 bytes).
    Removing apm32e10x_usart.o(i.USART_EnableHalfDuplex), (12 bytes).
    Removing apm32e10x_usart.o(i.USART_EnableInterrupt), (40 bytes).
    Removing apm32e10x_usart.o(i.USART_EnableIrDA), (12 bytes).
    Removing apm32e10x_usart.o(i.USART_EnableLIN), (14 bytes).
    Removing apm32e10x_usart.o(i.USART_EnableMuteMode), (12 bytes).
    Removing apm32e10x_usart.o(i.USART_EnableRx), (12 bytes).
    Removing apm32e10x_usart.o(i.USART_EnableSmartCard), (12 bytes).
    Removing apm32e10x_usart.o(i.USART_EnableSmartCardNACK), (12 bytes).
    Removing apm32e10x_usart.o(i.USART_EnableTx), (12 bytes).
    Removing apm32e10x_usart.o(i.USART_ReadIntFlag), (62 bytes).
    Removing apm32e10x_usart.o(i.USART_ReadStatusFlag), (16 bytes).
    Removing apm32e10x_usart.o(i.USART_Reset), (144 bytes).
    Removing apm32e10x_usart.o(i.USART_RxData), (10 bytes).
    Removing apm32e10x_usart.o(i.USART_TxBreak), (12 bytes).
    Removing apm32e10x_usart.o(i.USART_TxData), (10 bytes).
    Removing apm32e10x_usb.o(.rev16_text), (4 bytes).
    Removing apm32e10x_usb.o(.revsh_text), (4 bytes).
    Removing apm32e10x_usb.o(.rrx_text), (6 bytes).
    Removing apm32e10x_usb.o(i.USBD_ReadDataFromEP), (64 bytes).
    Removing apm32e10x_usb.o(i.USBD_ResetEPKind), (52 bytes).
    Removing apm32e10x_usb.o(i.USBD_ResetEPRxFlag), (52 bytes).
    Removing apm32e10x_usb.o(i.USBD_ResetEPTxFlag), (52 bytes).
    Removing apm32e10x_usb.o(i.USBD_ResetRxToggle), (32 bytes).
    Removing apm32e10x_usb.o(i.USBD_ResetTxToggle), (32 bytes).
    Removing apm32e10x_usb.o(i.USBD_SetEPKind), (52 bytes).
    Removing apm32e10x_usb.o(i.USBD_SetEPRxCnt), (88 bytes).
    Removing apm32e10x_usb.o(i.USBD_SetEPRxStatus), (56 bytes).
    Removing apm32e10x_usb.o(i.USBD_SetEPRxTxStatus), (68 bytes).
    Removing apm32e10x_usb.o(i.USBD_SetEPTxStatus), (56 bytes).
    Removing apm32e10x_usb.o(i.USBD_SetEPType), (60 bytes).
    Removing apm32e10x_usb.o(i.USBD_SetEpAddr), (56 bytes).
    Removing apm32e10x_usb.o(i.USBD_ToggleRx), (52 bytes).
    Removing apm32e10x_usb.o(i.USBD_ToggleTx), (52 bytes).
    Removing apm32e10x_usb.o(i.USBD_WriteDataToEP), (64 bytes).
    Removing apm32e10x_wwdt.o(.rev16_text), (4 bytes).
    Removing apm32e10x_wwdt.o(.revsh_text), (4 bytes).
    Removing apm32e10x_wwdt.o(.rrx_text), (6 bytes).
    Removing apm32e10x_wwdt.o(i.WWDT_ClearFlag), (20 bytes).
    Removing apm32e10x_wwdt.o(i.WWDT_ConfigCounter), (16 bytes).
    Removing apm32e10x_wwdt.o(i.WWDT_ConfigTimebase), (32 bytes).
    Removing apm32e10x_wwdt.o(i.WWDT_ConfigWindowData), (36 bytes).
    Removing apm32e10x_wwdt.o(i.WWDT_Enable), (16 bytes).
    Removing apm32e10x_wwdt.o(i.WWDT_EnableEWI), (24 bytes).
    Removing apm32e10x_wwdt.o(i.WWDT_ReadFlag), (12 bytes).
    Removing apm32e10x_wwdt.o(i.WWDT_Reset), (20 bytes).
    Removing board.o(.rev16_text), (4 bytes).
    Removing board.o(.revsh_text), (4 bytes).
    Removing board.o(.rrx_text), (6 bytes).
    Removing board.o(i.APM_MINI_COMInit), (168 bytes).
    Removing board.o(i.APM_MINI_LEDOff), (24 bytes).
    Removing board.o(i.APM_MINI_LEDOn), (24 bytes).
    Removing board.o(i.APM_MINI_LEDToggle), (36 bytes).
    Removing board.o(i.APM_MINI_PBGetState), (32 bytes).
    Removing board.o(i.APM_MINI_PBInit), (140 bytes).

743 unused section(s) (total 22998 bytes) removed from the image.

==============================================================================

Image Symbol Table

    Local Symbols

    Symbol Name                              Value     Ov Type        Size  Object(Section)

    ../clib/angel/boardlib.s                 0x00000000   Number         0  boardinit2.o ABSOLUTE
    ../clib/angel/boardlib.s                 0x00000000   Number         0  boardinit1.o ABSOLUTE
    ../clib/angel/boardlib.s                 0x00000000   Number         0  boardshut.o ABSOLUTE
    ../clib/angel/boardlib.s                 0x00000000   Number         0  boardinit3.o ABSOLUTE
    ../clib/angel/handlers.s                 0x00000000   Number         0  __scatter_zi.o ABSOLUTE
    ../clib/angel/handlers.s                 0x00000000   Number         0  __scatter_copy.o ABSOLUTE
    ../clib/angel/kernel.s                   0x00000000   Number         0  rtexit2.o ABSOLUTE
    ../clib/angel/kernel.s                   0x00000000   Number         0  __rtentry4.o ABSOLUTE
    ../clib/angel/kernel.s                   0x00000000   Number         0  __rtentry.o ABSOLUTE
    ../clib/angel/kernel.s                   0x00000000   Number         0  rtexit.o ABSOLUTE
    ../clib/angel/kernel.s                   0x00000000   Number         0  __rtentry2.o ABSOLUTE
    ../clib/angel/rt.s                       0x00000000   Number         0  rt_raise.o ABSOLUTE
    ../clib/angel/scatter.s                  0x00000000   Number         0  __scatter.o ABSOLUTE
    ../clib/angel/startup.s                  0x00000000   Number         0  __main.o ABSOLUTE
    ../clib/angel/sys.s                      0x00000000   Number         0  indicate_semi.o ABSOLUTE
    ../clib/angel/sys.s                      0x00000000   Number         0  use_no_semi.o ABSOLUTE
    ../clib/angel/sys.s                      0x00000000   Number         0  sys_stackheap_outer.o ABSOLUTE
    ../clib/angel/sys.s                      0x00000000   Number         0  libspace.o ABSOLUTE
    ../clib/angel/sysapp.c                   0x00000000   Number         0  sys_wrch.o ABSOLUTE
    ../clib/angel/sysapp.c                   0x00000000   Number         0  sys_command.o ABSOLUTE
    ../clib/angel/sysapp.c                   0x00000000   Number         0  sys_exit.o ABSOLUTE
    ../clib/armsys.c                         0x00000000   Number         0  argv_veneer.o ABSOLUTE
    ../clib/armsys.c                         0x00000000   Number         0  no_argv.o ABSOLUTE
    ../clib/armsys.c                         0x00000000   Number         0  _get_argv_nomalloc.o ABSOLUTE
    ../clib/armsys.c                         0x00000000   Number         0  argv_veneer.o ABSOLUTE
    ../clib/heapalloc.c                      0x00000000   Number         0  hrguard.o ABSOLUTE
    ../clib/heapaux.c                        0x00000000   Number         0  heapauxi.o ABSOLUTE
    ../clib/libinit.s                        0x00000000   Number         0  libshutdown2.o ABSOLUTE
    ../clib/libinit.s                        0x00000000   Number         0  libshutdown.o ABSOLUTE
    ../clib/libinit.s                        0x00000000   Number         0  libinit2.o ABSOLUTE
    ../clib/libinit.s                        0x00000000   Number         0  libinit.o ABSOLUTE
    ../clib/signal.c                         0x00000000   Number         0  defsig_stak_inner.o ABSOLUTE
    ../clib/signal.c                         0x00000000   Number         0  defsig_fpe_inner.o ABSOLUTE
    ../clib/signal.c                         0x00000000   Number         0  defsig_abrt_inner.o ABSOLUTE
    ../clib/signal.c                         0x00000000   Number         0  __raise.o ABSOLUTE
    ../clib/signal.c                         0x00000000   Number         0  defsig_rtmem_inner.o ABSOLUTE
    ../clib/signal.c                         0x00000000   Number         0  defsig_exit.o ABSOLUTE
    ../clib/signal.c                         0x00000000   Number         0  defsig_rtred_inner.o ABSOLUTE
    ../clib/signal.c                         0x00000000   Number         0  defsig_general.o ABSOLUTE
    ../clib/signal.c                         0x00000000   Number         0  defsig_rtmem_outer.o ABSOLUTE
    ../clib/signal.c                         0x00000000   Number         0  defsig_other.o ABSOLUTE
    ../clib/signal.c                         0x00000000   Number         0  defsig_segv_inner.o ABSOLUTE
    ../clib/signal.c                         0x00000000   Number         0  defsig_rtmem_formal.o ABSOLUTE
    ../clib/signal.c                         0x00000000   Number         0  defsig_cppl_inner.o ABSOLUTE
    ../clib/signal.c                         0x00000000   Number         0  defsig_pvfn_inner.o ABSOLUTE
    ../clib/signal.s                         0x00000000   Number         0  defsig.o ABSOLUTE
    ../clib/stdlib.c                         0x00000000   Number         0  exit.o ABSOLUTE
    ../fplib/fpinit.s                        0x00000000   Number         0  fpinit.o ABSOLUTE
    ..\..\..\..\Board\Board.c                0x00000000   Number         0  board.o ABSOLUTE
    ..\..\..\..\Library\APM32E10x_StdPeriphDriver\src\apm32e10x_adc.c 0x00000000   Number         0  apm32e10x_adc.o ABSOLUTE
    ..\..\..\..\Library\APM32E10x_StdPeriphDriver\src\apm32e10x_bakpr.c 0x00000000   Number         0  apm32e10x_bakpr.o ABSOLUTE
    ..\..\..\..\Library\APM32E10x_StdPeriphDriver\src\apm32e10x_can.c 0x00000000   Number         0  apm32e10x_can.o ABSOLUTE
    ..\..\..\..\Library\APM32E10x_StdPeriphDriver\src\apm32e10x_crc.c 0x00000000   Number         0  apm32e10x_crc.o ABSOLUTE
    ..\..\..\..\Library\APM32E10x_StdPeriphDriver\src\apm32e10x_dac.c 0x00000000   Number         0  apm32e10x_dac.o ABSOLUTE
    ..\..\..\..\Library\APM32E10x_StdPeriphDriver\src\apm32e10x_dbgmcu.c 0x00000000   Number         0  apm32e10x_dbgmcu.o ABSOLUTE
    ..\..\..\..\Library\APM32E10x_StdPeriphDriver\src\apm32e10x_dma.c 0x00000000   Number         0  apm32e10x_dma.o ABSOLUTE
    ..\..\..\..\Library\APM32E10x_StdPeriphDriver\src\apm32e10x_dmc.c 0x00000000   Number         0  apm32e10x_dmc.o ABSOLUTE
    ..\..\..\..\Library\APM32E10x_StdPeriphDriver\src\apm32e10x_eint.c 0x00000000   Number         0  apm32e10x_eint.o ABSOLUTE
    ..\..\..\..\Library\APM32E10x_StdPeriphDriver\src\apm32e10x_emmc.c 0x00000000   Number         0  apm32e10x_emmc.o ABSOLUTE
    ..\..\..\..\Library\APM32E10x_StdPeriphDriver\src\apm32e10x_fmc.c 0x00000000   Number         0  apm32e10x_fmc.o ABSOLUTE
    ..\..\..\..\Library\APM32E10x_StdPeriphDriver\src\apm32e10x_gpio.c 0x00000000   Number         0  apm32e10x_gpio.o ABSOLUTE
    ..\..\..\..\Library\APM32E10x_StdPeriphDriver\src\apm32e10x_i2c.c 0x00000000   Number         0  apm32e10x_i2c.o ABSOLUTE
    ..\..\..\..\Library\APM32E10x_StdPeriphDriver\src\apm32e10x_iwdt.c 0x00000000   Number         0  apm32e10x_iwdt.o ABSOLUTE
    ..\..\..\..\Library\APM32E10x_StdPeriphDriver\src\apm32e10x_misc.c 0x00000000   Number         0  apm32e10x_misc.o ABSOLUTE
    ..\..\..\..\Library\APM32E10x_StdPeriphDriver\src\apm32e10x_pmu.c 0x00000000   Number         0  apm32e10x_pmu.o ABSOLUTE
    ..\..\..\..\Library\APM32E10x_StdPeriphDriver\src\apm32e10x_rcm.c 0x00000000   Number         0  apm32e10x_rcm.o ABSOLUTE
    ..\..\..\..\Library\APM32E10x_StdPeriphDriver\src\apm32e10x_rtc.c 0x00000000   Number         0  apm32e10x_rtc.o ABSOLUTE
    ..\..\..\..\Library\APM32E10x_StdPeriphDriver\src\apm32e10x_sci2c.c 0x00000000   Number         0  apm32e10x_sci2c.o ABSOLUTE
    ..\..\..\..\Library\APM32E10x_StdPeriphDriver\src\apm32e10x_sdio.c 0x00000000   Number         0  apm32e10x_sdio.o ABSOLUTE
    ..\..\..\..\Library\APM32E10x_StdPeriphDriver\src\apm32e10x_spi.c 0x00000000   Number         0  apm32e10x_spi.o ABSOLUTE
    ..\..\..\..\Library\APM32E10x_StdPeriphDriver\src\apm32e10x_tmr.c 0x00000000   Number         0  apm32e10x_tmr.o ABSOLUTE
    ..\..\..\..\Library\APM32E10x_StdPeriphDriver\src\apm32e10x_usart.c 0x00000000   Number         0  apm32e10x_usart.o ABSOLUTE
    ..\..\..\..\Library\APM32E10x_StdPeriphDriver\src\apm32e10x_usb.c 0x00000000   Number         0  apm32e10x_usb.o ABSOLUTE
    ..\..\..\..\Library\APM32E10x_StdPeriphDriver\src\apm32e10x_wwdt.c 0x00000000   Number         0  apm32e10x_wwdt.o ABSOLUTE
    ..\..\..\..\Library\Device\Geehy\APM32E10x\Source\ARM\startup_apm32e10x_hd.s 0x00000000   Number         0  startup_apm32e10x_hd.o ABSOLUTE
    ..\..\..\..\Library\Device\Geehy\APM32E10x\Source\system_apm32e10x.c 0x00000000   Number         0  system_apm32e10x.o ABSOLUTE
    ..\\..\\..\\..\\Board\\Board.c           0x00000000   Number         0  board.o ABSOLUTE
    ..\\..\\..\\..\\Library\\APM32E10x_StdPeriphDriver\\src\\apm32e10x_adc.c 0x00000000   Number         0  apm32e10x_adc.o ABSOLUTE
    ..\\..\\..\\..\\Library\\APM32E10x_StdPeriphDriver\\src\\apm32e10x_bakpr.c 0x00000000   Number         0  apm32e10x_bakpr.o ABSOLUTE
    ..\\..\\..\\..\\Library\\APM32E10x_StdPeriphDriver\\src\\apm32e10x_can.c 0x00000000   Number         0  apm32e10x_can.o ABSOLUTE
    ..\\..\\..\\..\\Library\\APM32E10x_StdPeriphDriver\\src\\apm32e10x_crc.c 0x00000000   Number         0  apm32e10x_crc.o ABSOLUTE
    ..\\..\\..\\..\\Library\\APM32E10x_StdPeriphDriver\\src\\apm32e10x_dac.c 0x00000000   Number         0  apm32e10x_dac.o ABSOLUTE
    ..\\..\\..\\..\\Library\\APM32E10x_StdPeriphDriver\\src\\apm32e10x_dbgmcu.c 0x00000000   Number         0  apm32e10x_dbgmcu.o ABSOLUTE
    ..\\..\\..\\..\\Library\\APM32E10x_StdPeriphDriver\\src\\apm32e10x_dma.c 0x00000000   Number         0  apm32e10x_dma.o ABSOLUTE
    ..\\..\\..\\..\\Library\\APM32E10x_StdPeriphDriver\\src\\apm32e10x_dmc.c 0x00000000   Number         0  apm32e10x_dmc.o ABSOLUTE
    ..\\..\\..\\..\\Library\\APM32E10x_StdPeriphDriver\\src\\apm32e10x_eint.c 0x00000000   Number         0  apm32e10x_eint.o ABSOLUTE
    ..\\..\\..\\..\\Library\\APM32E10x_StdPeriphDriver\\src\\apm32e10x_emmc.c 0x00000000   Number         0  apm32e10x_emmc.o ABSOLUTE
    ..\\..\\..\\..\\Library\\APM32E10x_StdPeriphDriver\\src\\apm32e10x_fmc.c 0x00000000   Number         0  apm32e10x_fmc.o ABSOLUTE
    ..\\..\\..\\..\\Library\\APM32E10x_StdPeriphDriver\\src\\apm32e10x_gpio.c 0x00000000   Number         0  apm32e10x_gpio.o ABSOLUTE
    ..\\..\\..\\..\\Library\\APM32E10x_StdPeriphDriver\\src\\apm32e10x_i2c.c 0x00000000   Number         0  apm32e10x_i2c.o ABSOLUTE
    ..\\..\\..\\..\\Library\\APM32E10x_StdPeriphDriver\\src\\apm32e10x_iwdt.c 0x00000000   Number         0  apm32e10x_iwdt.o ABSOLUTE
    ..\\..\\..\\..\\Library\\APM32E10x_StdPeriphDriver\\src\\apm32e10x_misc.c 0x00000000   Number         0  apm32e10x_misc.o ABSOLUTE
    ..\\..\\..\\..\\Library\\APM32E10x_StdPeriphDriver\\src\\apm32e10x_pmu.c 0x00000000   Number         0  apm32e10x_pmu.o ABSOLUTE
    ..\\..\\..\\..\\Library\\APM32E10x_StdPeriphDriver\\src\\apm32e10x_rcm.c 0x00000000   Number         0  apm32e10x_rcm.o ABSOLUTE
    ..\\..\\..\\..\\Library\\APM32E10x_StdPeriphDriver\\src\\apm32e10x_rtc.c 0x00000000   Number         0  apm32e10x_rtc.o ABSOLUTE
    ..\\..\\..\\..\\Library\\APM32E10x_StdPeriphDriver\\src\\apm32e10x_sci2c.c 0x00000000   Number         0  apm32e10x_sci2c.o ABSOLUTE
    ..\\..\\..\\..\\Library\\APM32E10x_StdPeriphDriver\\src\\apm32e10x_sdio.c 0x00000000   Number         0  apm32e10x_sdio.o ABSOLUTE
    ..\\..\\..\\..\\Library\\APM32E10x_StdPeriphDriver\\src\\apm32e10x_spi.c 0x00000000   Number         0  apm32e10x_spi.o ABSOLUTE
    ..\\..\\..\\..\\Library\\APM32E10x_StdPeriphDriver\\src\\apm32e10x_tmr.c 0x00000000   Number         0  apm32e10x_tmr.o ABSOLUTE
    ..\\..\\..\\..\\Library\\APM32E10x_StdPeriphDriver\\src\\apm32e10x_usart.c 0x00000000   Number         0  apm32e10x_usart.o ABSOLUTE
    ..\\..\\..\\..\\Library\\APM32E10x_StdPeriphDriver\\src\\apm32e10x_usb.c 0x00000000   Number         0  apm32e10x_usb.o ABSOLUTE
    ..\\..\\..\\..\\Library\\APM32E10x_StdPeriphDriver\\src\\apm32e10x_wwdt.c 0x00000000   Number         0  apm32e10x_wwdt.o ABSOLUTE
    ..\\..\\..\\..\\Library\\Device\\Geehy\\APM32E10x\\Source\\system_apm32e10x.c 0x00000000   Number         0  system_apm32e10x.o ABSOLUTE
    ..\\src\\apm32e10x_it.c                  0x00000000   Number         0  apm32e10x_it.o ABSOLUTE
    ..\\src\\main.c                          0x00000000   Number         0  main.o ABSOLUTE
    ..\\src\\soft_i2c.c                      0x00000000   Number         0  soft_i2c.o ABSOLUTE
    ..\src\apm32e10x_it.c                    0x00000000   Number         0  apm32e10x_it.o ABSOLUTE
    ..\src\main.c                            0x00000000   Number         0  main.o ABSOLUTE
    ..\src\soft_i2c.c                        0x00000000   Number         0  soft_i2c.o ABSOLUTE
    dc.s                                     0x00000000   Number         0  dc.o ABSOLUTE
    RESET                                    0x08000000   Section      324  startup_apm32e10x_hd.o(RESET)
    !!!main                                  0x08000144   Section        8  __main.o(!!!main)
    !!!scatter                               0x0800014c   Section       52  __scatter.o(!!!scatter)
    !!handler_copy                           0x08000180   Section       26  __scatter_copy.o(!!handler_copy)
    !!handler_zi                             0x0800019c   Section       28  __scatter_zi.o(!!handler_zi)
    .ARM.Collect$$libinit$$00000000          0x080001b8   Section        2  libinit.o(.ARM.Collect$$libinit$$00000000)
    .ARM.Collect$$libinit$$00000002          0x080001ba   Section        0  libinit2.o(.ARM.Collect$$libinit$$00000002)
    .ARM.Collect$$libinit$$00000004          0x080001ba   Section        0  libinit2.o(.ARM.Collect$$libinit$$00000004)
    .ARM.Collect$$libinit$$0000000A          0x080001ba   Section        0  libinit2.o(.ARM.Collect$$libinit$$0000000A)
    .ARM.Collect$$libinit$$0000000C          0x080001ba   Section        0  libinit2.o(.ARM.Collect$$libinit$$0000000C)
    .ARM.Collect$$libinit$$0000000E          0x080001ba   Section        0  libinit2.o(.ARM.Collect$$libinit$$0000000E)
    .ARM.Collect$$libinit$$00000011          0x080001ba   Section        0  libinit2.o(.ARM.Collect$$libinit$$00000011)
    .ARM.Collect$$libinit$$00000013          0x080001ba   Section        0  libinit2.o(.ARM.Collect$$libinit$$00000013)
    .ARM.Collect$$libinit$$00000015          0x080001ba   Section        0  libinit2.o(.ARM.Collect$$libinit$$00000015)
    .ARM.Collect$$libinit$$00000017          0x080001ba   Section        0  libinit2.o(.ARM.Collect$$libinit$$00000017)
    .ARM.Collect$$libinit$$00000019          0x080001ba   Section        0  libinit2.o(.ARM.Collect$$libinit$$00000019)
    .ARM.Collect$$libinit$$0000001B          0x080001ba   Section        0  libinit2.o(.ARM.Collect$$libinit$$0000001B)
    .ARM.Collect$$libinit$$0000001D          0x080001ba   Section        0  libinit2.o(.ARM.Collect$$libinit$$0000001D)
    .ARM.Collect$$libinit$$0000001F          0x080001ba   Section        0  libinit2.o(.ARM.Collect$$libinit$$0000001F)
    .ARM.Collect$$libinit$$00000021          0x080001ba   Section        0  libinit2.o(.ARM.Collect$$libinit$$00000021)
    .ARM.Collect$$libinit$$00000023          0x080001ba   Section        0  libinit2.o(.ARM.Collect$$libinit$$00000023)
    .ARM.Collect$$libinit$$00000025          0x080001ba   Section        0  libinit2.o(.ARM.Collect$$libinit$$00000025)
    .ARM.Collect$$libinit$$0000002C          0x080001ba   Section        0  libinit2.o(.ARM.Collect$$libinit$$0000002C)
    .ARM.Collect$$libinit$$0000002E          0x080001ba   Section        0  libinit2.o(.ARM.Collect$$libinit$$0000002E)
    .ARM.Collect$$libinit$$00000030          0x080001ba   Section        0  libinit2.o(.ARM.Collect$$libinit$$00000030)
    .ARM.Collect$$libinit$$00000032          0x080001ba   Section        0  libinit2.o(.ARM.Collect$$libinit$$00000032)
    .ARM.Collect$$libinit$$00000033          0x080001ba   Section        2  libinit2.o(.ARM.Collect$$libinit$$00000033)
    .ARM.Collect$$libshutdown$$00000000      0x080001bc   Section        2  libshutdown.o(.ARM.Collect$$libshutdown$$00000000)
    .ARM.Collect$$libshutdown$$00000002      0x080001be   Section        0  libshutdown2.o(.ARM.Collect$$libshutdown$$00000002)
    .ARM.Collect$$libshutdown$$00000004      0x080001be   Section        0  libshutdown2.o(.ARM.Collect$$libshutdown$$00000004)
    .ARM.Collect$$libshutdown$$00000007      0x080001be   Section        0  libshutdown2.o(.ARM.Collect$$libshutdown$$00000007)
    .ARM.Collect$$libshutdown$$0000000A      0x080001be   Section        0  libshutdown2.o(.ARM.Collect$$libshutdown$$0000000A)
    .ARM.Collect$$libshutdown$$0000000C      0x080001be   Section        0  libshutdown2.o(.ARM.Collect$$libshutdown$$0000000C)
    .ARM.Collect$$libshutdown$$0000000F      0x080001be   Section        0  libshutdown2.o(.ARM.Collect$$libshutdown$$0000000F)
    .ARM.Collect$$libshutdown$$00000010      0x080001be   Section        2  libshutdown2.o(.ARM.Collect$$libshutdown$$00000010)
    .ARM.Collect$$rtentry$$00000000          0x080001c0   Section        0  __rtentry.o(.ARM.Collect$$rtentry$$00000000)
    .ARM.Collect$$rtentry$$00000002          0x080001c0   Section        0  __rtentry2.o(.ARM.Collect$$rtentry$$00000002)
    .ARM.Collect$$rtentry$$00000004          0x080001c0   Section        6  __rtentry4.o(.ARM.Collect$$rtentry$$00000004)
    .ARM.Collect$$rtentry$$00000009          0x080001c6   Section        0  __rtentry2.o(.ARM.Collect$$rtentry$$00000009)
    .ARM.Collect$$rtentry$$0000000A          0x080001c6   Section        4  __rtentry2.o(.ARM.Collect$$rtentry$$0000000A)
    .ARM.Collect$$rtentry$$0000000C          0x080001ca   Section        0  __rtentry2.o(.ARM.Collect$$rtentry$$0000000C)
    .ARM.Collect$$rtentry$$0000000D          0x080001ca   Section        8  __rtentry2.o(.ARM.Collect$$rtentry$$0000000D)
    .ARM.Collect$$rtexit$$00000000           0x080001d2   Section        2  rtexit.o(.ARM.Collect$$rtexit$$00000000)
    .ARM.Collect$$rtexit$$00000002           0x080001d4   Section        0  rtexit2.o(.ARM.Collect$$rtexit$$00000002)
    .ARM.Collect$$rtexit$$00000003           0x080001d4   Section        4  rtexit2.o(.ARM.Collect$$rtexit$$00000003)
    .ARM.Collect$$rtexit$$00000004           0x080001d8   Section        6  rtexit2.o(.ARM.Collect$$rtexit$$00000004)
    .text                                    0x080001e0   Section       64  startup_apm32e10x_hd.o(.text)
    .text                                    0x08000220   Section        0  heapauxi.o(.text)
    .text                                    0x08000226   Section       74  sys_stackheap_outer.o(.text)
    .text                                    0x08000270   Section        0  exit.o(.text)
    .text                                    0x08000284   Section        8  libspace.o(.text)
    .text                                    0x0800028c   Section        0  sys_exit.o(.text)
    .text                                    0x08000298   Section        2  use_no_semi.o(.text)
    .text                                    0x0800029a   Section        0  indicate_semi.o(.text)
    i.APM_MINI_LEDInit                       0x0800029c   Section        0  board.o(i.APM_MINI_LEDInit)
    i.BusFault_Handler                       0x080002e8   Section        0  apm32e10x_it.o(i.BusFault_Handler)
    i.DebugMon_Handler                       0x080002ec   Section        0  apm32e10x_it.o(i.DebugMon_Handler)
    i.GPIO_Config                            0x080002ee   Section        0  apm32e10x_gpio.o(i.GPIO_Config)
    i.GPIO_ReadInputBit                      0x08000388   Section        0  apm32e10x_gpio.o(i.GPIO_ReadInputBit)
    i.GPIO_ResetBits                         0x0800039a   Section        0  apm32e10x_gpio.o(i.GPIO_ResetBits)
    i.GPIO_SetBits                           0x0800039e   Section        0  apm32e10x_gpio.o(i.GPIO_SetBits)
    i.HardFault_Handler                      0x080003a2   Section        0  apm32e10x_it.o(i.HardFault_Handler)
    i.MemManage_Handler                      0x080003a6   Section        0  apm32e10x_it.o(i.MemManage_Handler)
    i.NMI_Handler                            0x080003aa   Section        0  apm32e10x_it.o(i.NMI_Handler)
    i.PendSV_Handler                         0x080003ac   Section        0  apm32e10x_it.o(i.PendSV_Handler)
    i.RCM_EnableAPB2PeriphClock              0x080003b0   Section        0  apm32e10x_rcm.o(i.RCM_EnableAPB2PeriphClock)
    i.SVC_Handler                            0x080003c0   Section        0  apm32e10x_it.o(i.SVC_Handler)
    i.SysTick_ConfigCLKSource                0x080003c2   Section        0  apm32e10x_misc.o(i.SysTick_ConfigCLKSource)
    i.SysTick_Handler                        0x080003ea   Section        0  apm32e10x_it.o(i.SysTick_Handler)
    i.SystemClock120M                        0x080003ec   Section        0  system_apm32e10x.o(i.SystemClock120M)
    SystemClock120M                          0x080003ed   Thumb Code   212  system_apm32e10x.o(i.SystemClock120M)
    i.SystemClockConfig                      0x080004c8   Section        0  system_apm32e10x.o(i.SystemClockConfig)
    SystemClockConfig                        0x080004c9   Thumb Code     8  system_apm32e10x.o(i.SystemClockConfig)
    i.SystemInit                             0x080004d0   Section        0  system_apm32e10x.o(i.SystemInit)
    i.UsageFault_Handler                     0x08000530   Section        0  apm32e10x_it.o(i.UsageFault_Handler)
    i.buffer_compare                         0x08000534   Section        0  main.o(i.buffer_compare)
    i.delay_init                             0x08000554   Section        0  main.o(i.delay_init)
    i.delay_ms                               0x0800058c   Section        0  main.o(i.delay_ms)
    i.delay_us                               0x08000600   Section        0  main.o(i.delay_us)
    i.error_handler                          0x08000650   Section        0  main.o(i.error_handler)
    i.i2c_ack                                0x08000664   Section        0  soft_i2c.o(i.i2c_ack)
    i.i2c_config                             0x08000694   Section        0  soft_i2c.o(i.i2c_config)
    i.i2c_delay                              0x080006e0   Section        0  soft_i2c.o(i.i2c_delay)
    i.i2c_master_receive                     0x080006ea   Section        0  soft_i2c.o(i.i2c_master_receive)
    i.i2c_master_transmit                    0x08000740   Section        0  soft_i2c.o(i.i2c_master_transmit)
    i.i2c_no_ack                             0x08000794   Section        0  soft_i2c.o(i.i2c_no_ack)
    i.i2c_receive_byte                       0x080007c4   Section        0  soft_i2c.o(i.i2c_receive_byte)
    i.i2c_send_byte                          0x0800081c   Section        0  soft_i2c.o(i.i2c_send_byte)
    i.i2c_start                              0x08000878   Section        0  soft_i2c.o(i.i2c_start)
    i.i2c_stop                               0x080008ac   Section        0  soft_i2c.o(i.i2c_stop)
    i.i2c_wait_ack                           0x080008e0   Section        0  soft_i2c.o(i.i2c_wait_ack)
    i.main                                   0x08000950   Section        0  main.o(i.main)
    .constdata                               0x080009b4   Section       68  board.o(.constdata)
    .data                                    0x20000000   Section       24  main.o(.data)
    fac_us                                   0x20000000   Data           4  main.o(.data)
    fac_ms                                   0x20000004   Data           4  main.o(.data)
    .data                                    0x20000018   Section        4  system_apm32e10x.o(.data)
    .data                                    0x2000001c   Section       40  board.o(.data)
    .bss                                     0x20000044   Section       96  libspace.o(.bss)
    HEAP                                     0x200000a8   Section      512  startup_apm32e10x_hd.o(HEAP)
    Heap_Mem                                 0x200000a8   Data         512  startup_apm32e10x_hd.o(HEAP)
    STACK                                    0x200002a8   Section     1024  startup_apm32e10x_hd.o(STACK)
    Stack_Mem                                0x200002a8   Data        1024  startup_apm32e10x_hd.o(STACK)
    __initial_sp                             0x200006a8   Data           0  startup_apm32e10x_hd.o(STACK)

    Global Symbols

    Symbol Name                              Value     Ov Type        Size  Object(Section)

    BuildAttributes$$THM_ISAv4$P$D$K$B$S$PE$A:L22UL41UL21$X:L11$S22US41US21$IEEE1$IW$USESV6$~STKCKD$USESV7$~SHL$OSPACE$ROPI$EBA8$UX$STANDARDLIB$REQ8$PRES8$EABIv2 0x00000000   Number         0  anon$$obj.o ABSOLUTE
    __ARM_use_no_argv                        0x00000000   Number         0  main.o ABSOLUTE
    __ARM_exceptions_init                     - Undefined Weak Reference
    __alloca_initialize                       - Undefined Weak Reference
    __arm_preinit_                            - Undefined Weak Reference
    __cpp_initialize__aeabi_                  - Undefined Weak Reference
    __cxa_finalize                            - Undefined Weak Reference
    __rt_locale                               - Undefined Weak Reference
    __sigvec_lookup                           - Undefined Weak Reference
    _atexit_init                              - Undefined Weak Reference
    _call_atexit_fns                          - Undefined Weak Reference
    _clock_init                               - Undefined Weak Reference
    _fp_trap_init                             - Undefined Weak Reference
    _fp_trap_shutdown                         - Undefined Weak Reference
    _get_lc_collate                           - Undefined Weak Reference
    _get_lc_ctype                             - Undefined Weak Reference
    _get_lc_monetary                          - Undefined Weak Reference
    _get_lc_numeric                           - Undefined Weak Reference
    _get_lc_time                              - Undefined Weak Reference
    _getenv_init                              - Undefined Weak Reference
    _handle_redirection                       - Undefined Weak Reference
    _init_alloc                               - Undefined Weak Reference
    _init_user_alloc                          - Undefined Weak Reference
    _initio                                   - Undefined Weak Reference
    _rand_init                                - Undefined Weak Reference
    _signal_finish                            - Undefined Weak Reference
    _signal_init                              - Undefined Weak Reference
    _terminate_alloc                          - Undefined Weak Reference
    _terminate_user_alloc                     - Undefined Weak Reference
    _terminateio                              - Undefined Weak Reference
    __Vectors_Size                           0x00000144   Number         0  startup_apm32e10x_hd.o ABSOLUTE
    __Vectors                                0x08000000   Data           4  startup_apm32e10x_hd.o(RESET)
    __Vectors_End                            0x08000144   Data           0  startup_apm32e10x_hd.o(RESET)
    __main                                   0x08000145   Thumb Code     8  __main.o(!!!main)
    __scatterload                            0x0800014d   Thumb Code     0  __scatter.o(!!!scatter)
    __scatterload_rt2                        0x0800014d   Thumb Code    44  __scatter.o(!!!scatter)
    __scatterload_rt2_thumb_only             0x0800014d   Thumb Code     0  __scatter.o(!!!scatter)
    __scatterload_null                       0x0800015b   Thumb Code     0  __scatter.o(!!!scatter)
    __scatterload_copy                       0x08000181   Thumb Code    26  __scatter_copy.o(!!handler_copy)
    __scatterload_zeroinit                   0x0800019d   Thumb Code    28  __scatter_zi.o(!!handler_zi)
    __rt_lib_init                            0x080001b9   Thumb Code     0  libinit.o(.ARM.Collect$$libinit$$00000000)
    __rt_lib_init_alloca_1                   0x080001bb   Thumb Code     0  libinit2.o(.ARM.Collect$$libinit$$0000002E)
    __rt_lib_init_argv_1                     0x080001bb   Thumb Code     0  libinit2.o(.ARM.Collect$$libinit$$0000002C)
    __rt_lib_init_atexit_1                   0x080001bb   Thumb Code     0  libinit2.o(.ARM.Collect$$libinit$$0000001B)
    __rt_lib_init_clock_1                    0x080001bb   Thumb Code     0  libinit2.o(.ARM.Collect$$libinit$$00000021)
    __rt_lib_init_cpp_1                      0x080001bb   Thumb Code     0  libinit2.o(.ARM.Collect$$libinit$$00000032)
    __rt_lib_init_exceptions_1               0x080001bb   Thumb Code     0  libinit2.o(.ARM.Collect$$libinit$$00000030)
    __rt_lib_init_fp_1                       0x080001bb   Thumb Code     0  libinit2.o(.ARM.Collect$$libinit$$00000002)
    __rt_lib_init_fp_trap_1                  0x080001bb   Thumb Code     0  libinit2.o(.ARM.Collect$$libinit$$0000001F)
    __rt_lib_init_getenv_1                   0x080001bb   Thumb Code     0  libinit2.o(.ARM.Collect$$libinit$$00000023)
    __rt_lib_init_heap_1                     0x080001bb   Thumb Code     0  libinit2.o(.ARM.Collect$$libinit$$0000000A)
    __rt_lib_init_lc_collate_1               0x080001bb   Thumb Code     0  libinit2.o(.ARM.Collect$$libinit$$00000011)
    __rt_lib_init_lc_ctype_1                 0x080001bb   Thumb Code     0  libinit2.o(.ARM.Collect$$libinit$$00000013)
    __rt_lib_init_lc_monetary_1              0x080001bb   Thumb Code     0  libinit2.o(.ARM.Collect$$libinit$$00000015)
    __rt_lib_init_lc_numeric_1               0x080001bb   Thumb Code     0  libinit2.o(.ARM.Collect$$libinit$$00000017)
    __rt_lib_init_lc_time_1                  0x080001bb   Thumb Code     0  libinit2.o(.ARM.Collect$$libinit$$00000019)
    __rt_lib_init_preinit_1                  0x080001bb   Thumb Code     0  libinit2.o(.ARM.Collect$$libinit$$00000004)
    __rt_lib_init_rand_1                     0x080001bb   Thumb Code     0  libinit2.o(.ARM.Collect$$libinit$$0000000E)
    __rt_lib_init_return                     0x080001bb   Thumb Code     0  libinit2.o(.ARM.Collect$$libinit$$00000033)
    __rt_lib_init_signal_1                   0x080001bb   Thumb Code     0  libinit2.o(.ARM.Collect$$libinit$$0000001D)
    __rt_lib_init_stdio_1                    0x080001bb   Thumb Code     0  libinit2.o(.ARM.Collect$$libinit$$00000025)
    __rt_lib_init_user_alloc_1               0x080001bb   Thumb Code     0  libinit2.o(.ARM.Collect$$libinit$$0000000C)
    __rt_lib_shutdown                        0x080001bd   Thumb Code     0  libshutdown.o(.ARM.Collect$$libshutdown$$00000000)
    __rt_lib_shutdown_cpp_1                  0x080001bf   Thumb Code     0  libshutdown2.o(.ARM.Collect$$libshutdown$$00000002)
    __rt_lib_shutdown_fp_trap_1              0x080001bf   Thumb Code     0  libshutdown2.o(.ARM.Collect$$libshutdown$$00000007)
    __rt_lib_shutdown_heap_1                 0x080001bf   Thumb Code     0  libshutdown2.o(.ARM.Collect$$libshutdown$$0000000F)
    __rt_lib_shutdown_return                 0x080001bf   Thumb Code     0  libshutdown2.o(.ARM.Collect$$libshutdown$$00000010)
    __rt_lib_shutdown_signal_1               0x080001bf   Thumb Code     0  libshutdown2.o(.ARM.Collect$$libshutdown$$0000000A)
    __rt_lib_shutdown_stdio_1                0x080001bf   Thumb Code     0  libshutdown2.o(.ARM.Collect$$libshutdown$$00000004)
    __rt_lib_shutdown_user_alloc_1           0x080001bf   Thumb Code     0  libshutdown2.o(.ARM.Collect$$libshutdown$$0000000C)
    __rt_entry                               0x080001c1   Thumb Code     0  __rtentry.o(.ARM.Collect$$rtentry$$00000000)
    __rt_entry_presh_1                       0x080001c1   Thumb Code     0  __rtentry2.o(.ARM.Collect$$rtentry$$00000002)
    __rt_entry_sh                            0x080001c1   Thumb Code     0  __rtentry4.o(.ARM.Collect$$rtentry$$00000004)
    __rt_entry_li                            0x080001c7   Thumb Code     0  __rtentry2.o(.ARM.Collect$$rtentry$$0000000A)
    __rt_entry_postsh_1                      0x080001c7   Thumb Code     0  __rtentry2.o(.ARM.Collect$$rtentry$$00000009)
    __rt_entry_main                          0x080001cb   Thumb Code     0  __rtentry2.o(.ARM.Collect$$rtentry$$0000000D)
    __rt_entry_postli_1                      0x080001cb   Thumb Code     0  __rtentry2.o(.ARM.Collect$$rtentry$$0000000C)
    __rt_exit                                0x080001d3   Thumb Code     0  rtexit.o(.ARM.Collect$$rtexit$$00000000)
    __rt_exit_ls                             0x080001d5   Thumb Code     0  rtexit2.o(.ARM.Collect$$rtexit$$00000003)
    __rt_exit_prels_1                        0x080001d5   Thumb Code     0  rtexit2.o(.ARM.Collect$$rtexit$$00000002)
    __rt_exit_exit                           0x080001d9   Thumb Code     0  rtexit2.o(.ARM.Collect$$rtexit$$00000004)
    Reset_Handler                            0x080001e1   Thumb Code     8  startup_apm32e10x_hd.o(.text)
    ADC1_2_IRQHandler                        0x080001fb   Thumb Code     0  startup_apm32e10x_hd.o(.text)
    ADC3_IRQHandler                          0x080001fb   Thumb Code     0  startup_apm32e10x_hd.o(.text)
    CAN1_RX1_IRQHandler                      0x080001fb   Thumb Code     0  startup_apm32e10x_hd.o(.text)
    CAN1_SCE_IRQHandler                      0x080001fb   Thumb Code     0  startup_apm32e10x_hd.o(.text)
    CAN2_RX1_IRQHandler                      0x080001fb   Thumb Code     0  startup_apm32e10x_hd.o(.text)
    CAN2_SCE_IRQHandler                      0x080001fb   Thumb Code     0  startup_apm32e10x_hd.o(.text)
    DMA1_Channel1_IRQHandler                 0x080001fb   Thumb Code     0  startup_apm32e10x_hd.o(.text)
    DMA1_Channel2_IRQHandler                 0x080001fb   Thumb Code     0  startup_apm32e10x_hd.o(.text)
    DMA1_Channel3_IRQHandler                 0x080001fb   Thumb Code     0  startup_apm32e10x_hd.o(.text)
    DMA1_Channel4_IRQHandler                 0x080001fb   Thumb Code     0  startup_apm32e10x_hd.o(.text)
    DMA1_Channel5_IRQHandler                 0x080001fb   Thumb Code     0  startup_apm32e10x_hd.o(.text)
    DMA1_Channel6_IRQHandler                 0x080001fb   Thumb Code     0  startup_apm32e10x_hd.o(.text)
    DMA1_Channel7_IRQHandler                 0x080001fb   Thumb Code     0  startup_apm32e10x_hd.o(.text)
    DMA2_Channel1_IRQHandler                 0x080001fb   Thumb Code     0  startup_apm32e10x_hd.o(.text)
    DMA2_Channel2_IRQHandler                 0x080001fb   Thumb Code     0  startup_apm32e10x_hd.o(.text)
    DMA2_Channel3_IRQHandler                 0x080001fb   Thumb Code     0  startup_apm32e10x_hd.o(.text)
    DMA2_Channel4_5_IRQHandler               0x080001fb   Thumb Code     0  startup_apm32e10x_hd.o(.text)
    EINT0_IRQHandler                         0x080001fb   Thumb Code     0  startup_apm32e10x_hd.o(.text)
    EINT15_10_IRQHandler                     0x080001fb   Thumb Code     0  startup_apm32e10x_hd.o(.text)
    EINT1_IRQHandler                         0x080001fb   Thumb Code     0  startup_apm32e10x_hd.o(.text)
    EINT2_IRQHandler                         0x080001fb   Thumb Code     0  startup_apm32e10x_hd.o(.text)
    EINT3_IRQHandler                         0x080001fb   Thumb Code     0  startup_apm32e10x_hd.o(.text)
    EINT4_IRQHandler                         0x080001fb   Thumb Code     0  startup_apm32e10x_hd.o(.text)
    EINT9_5_IRQHandler                       0x080001fb   Thumb Code     0  startup_apm32e10x_hd.o(.text)
    EMMC_IRQHandler                          0x080001fb   Thumb Code     0  startup_apm32e10x_hd.o(.text)
    FMC_IRQHandler                           0x080001fb   Thumb Code     0  startup_apm32e10x_hd.o(.text)
    I2C1_ER_IRQHandler                       0x080001fb   Thumb Code     0  startup_apm32e10x_hd.o(.text)
    I2C1_EV_IRQHandler                       0x080001fb   Thumb Code     0  startup_apm32e10x_hd.o(.text)
    I2C2_ER_IRQHandler                       0x080001fb   Thumb Code     0  startup_apm32e10x_hd.o(.text)
    I2C2_EV_IRQHandler                       0x080001fb   Thumb Code     0  startup_apm32e10x_hd.o(.text)
    PVD_IRQHandler                           0x080001fb   Thumb Code     0  startup_apm32e10x_hd.o(.text)
    RCM_IRQHandler                           0x080001fb   Thumb Code     0  startup_apm32e10x_hd.o(.text)
    RTCAlarm_IRQHandler                      0x080001fb   Thumb Code     0  startup_apm32e10x_hd.o(.text)
    RTC_IRQHandler                           0x080001fb   Thumb Code     0  startup_apm32e10x_hd.o(.text)
    SDIO_IRQHandler                          0x080001fb   Thumb Code     0  startup_apm32e10x_hd.o(.text)
    SPI1_IRQHandler                          0x080001fb   Thumb Code     0  startup_apm32e10x_hd.o(.text)
    SPI2_IRQHandler                          0x080001fb   Thumb Code     0  startup_apm32e10x_hd.o(.text)
    SPI3_IRQHandler                          0x080001fb   Thumb Code     0  startup_apm32e10x_hd.o(.text)
    TAMPER_IRQHandler                        0x080001fb   Thumb Code     0  startup_apm32e10x_hd.o(.text)
    TMR1_BRK_IRQHandler                      0x080001fb   Thumb Code     0  startup_apm32e10x_hd.o(.text)
    TMR1_CC_IRQHandler                       0x080001fb   Thumb Code     0  startup_apm32e10x_hd.o(.text)
    TMR1_TRG_COM_IRQHandler                  0x080001fb   Thumb Code     0  startup_apm32e10x_hd.o(.text)
    TMR1_UP_IRQHandler                       0x080001fb   Thumb Code     0  startup_apm32e10x_hd.o(.text)
    TMR2_IRQHandler                          0x080001fb   Thumb Code     0  startup_apm32e10x_hd.o(.text)
    TMR3_IRQHandler                          0x080001fb   Thumb Code     0  startup_apm32e10x_hd.o(.text)
    TMR4_IRQHandler                          0x080001fb   Thumb Code     0  startup_apm32e10x_hd.o(.text)
    TMR5_IRQHandler                          0x080001fb   Thumb Code     0  startup_apm32e10x_hd.o(.text)
    TMR6_IRQHandler                          0x080001fb   Thumb Code     0  startup_apm32e10x_hd.o(.text)
    TMR7_IRQHandler                          0x080001fb   Thumb Code     0  startup_apm32e10x_hd.o(.text)
    TMR8_BRK_IRQHandler                      0x080001fb   Thumb Code     0  startup_apm32e10x_hd.o(.text)
    TMR8_CC_IRQHandler                       0x080001fb   Thumb Code     0  startup_apm32e10x_hd.o(.text)
    TMR8_TRG_COM_IRQHandler                  0x080001fb   Thumb Code     0  startup_apm32e10x_hd.o(.text)
    TMR8_UP_IRQHandler                       0x080001fb   Thumb Code     0  startup_apm32e10x_hd.o(.text)
    UART4_IRQHandler                         0x080001fb   Thumb Code     0  startup_apm32e10x_hd.o(.text)
    UART5_IRQHandler                         0x080001fb   Thumb Code     0  startup_apm32e10x_hd.o(.text)
    USART1_IRQHandler                        0x080001fb   Thumb Code     0  startup_apm32e10x_hd.o(.text)
    USART2_IRQHandler                        0x080001fb   Thumb Code     0  startup_apm32e10x_hd.o(.text)
    USART3_IRQHandler                        0x080001fb   Thumb Code     0  startup_apm32e10x_hd.o(.text)
    USBD1_HP_CAN1_TX_IRQHandler              0x080001fb   Thumb Code     0  startup_apm32e10x_hd.o(.text)
    USBD1_LP_CAN1_RX0_IRQHandler             0x080001fb   Thumb Code     0  startup_apm32e10x_hd.o(.text)
    USBD2_HP_CAN2_TX_IRQHandler              0x080001fb   Thumb Code     0  startup_apm32e10x_hd.o(.text)
    USBD2_LP_CAN2_RX0_IRQHandler             0x080001fb   Thumb Code     0  startup_apm32e10x_hd.o(.text)
    USBDWakeUp_IRQHandler                    0x080001fb   Thumb Code     0  startup_apm32e10x_hd.o(.text)
    WWDT_IRQHandler                          0x080001fb   Thumb Code     0  startup_apm32e10x_hd.o(.text)
    __user_initial_stackheap                 0x080001fd   Thumb Code     0  startup_apm32e10x_hd.o(.text)
    __use_two_region_memory                  0x08000221   Thumb Code     2  heapauxi.o(.text)
    __rt_heap_escrow$2region                 0x08000223   Thumb Code     2  heapauxi.o(.text)
    __rt_heap_expand$2region                 0x08000225   Thumb Code     2  heapauxi.o(.text)
    __user_setup_stackheap                   0x08000227   Thumb Code    74  sys_stackheap_outer.o(.text)
    exit                                     0x08000271   Thumb Code    18  exit.o(.text)
    __user_libspace                          0x08000285   Thumb Code     8  libspace.o(.text)
    __user_perproc_libspace                  0x08000285   Thumb Code     0  libspace.o(.text)
    __user_perthread_libspace                0x08000285   Thumb Code     0  libspace.o(.text)
    _sys_exit                                0x0800028d   Thumb Code     8  sys_exit.o(.text)
    __I$use$semihosting                      0x08000299   Thumb Code     0  use_no_semi.o(.text)
    __use_no_semihosting_swi                 0x08000299   Thumb Code     2  use_no_semi.o(.text)
    __semihosting_library_function           0x0800029b   Thumb Code     0  indicate_semi.o(.text)
    APM_MINI_LEDInit                         0x0800029d   Thumb Code    64  board.o(i.APM_MINI_LEDInit)
    BusFault_Handler                         0x080002e9   Thumb Code     4  apm32e10x_it.o(i.BusFault_Handler)
    DebugMon_Handler                         0x080002ed   Thumb Code     2  apm32e10x_it.o(i.DebugMon_Handler)
    GPIO_Config                              0x080002ef   Thumb Code   154  apm32e10x_gpio.o(i.GPIO_Config)
    GPIO_ReadInputBit                        0x08000389   Thumb Code    18  apm32e10x_gpio.o(i.GPIO_ReadInputBit)
    GPIO_ResetBits                           0x0800039b   Thumb Code     4  apm32e10x_gpio.o(i.GPIO_ResetBits)
    GPIO_SetBits                             0x0800039f   Thumb Code     4  apm32e10x_gpio.o(i.GPIO_SetBits)
    HardFault_Handler                        0x080003a3   Thumb Code     4  apm32e10x_it.o(i.HardFault_Handler)
    MemManage_Handler                        0x080003a7   Thumb Code     4  apm32e10x_it.o(i.MemManage_Handler)
    NMI_Handler                              0x080003ab   Thumb Code     2  apm32e10x_it.o(i.NMI_Handler)
    PendSV_Handler                           0x080003ad   Thumb Code     2  apm32e10x_it.o(i.PendSV_Handler)
    RCM_EnableAPB2PeriphClock                0x080003b1   Thumb Code    12  apm32e10x_rcm.o(i.RCM_EnableAPB2PeriphClock)
    SVC_Handler                              0x080003c1   Thumb Code     2  apm32e10x_it.o(i.SVC_Handler)
    SysTick_ConfigCLKSource                  0x080003c3   Thumb Code    40  apm32e10x_misc.o(i.SysTick_ConfigCLKSource)
    SysTick_Handler                          0x080003eb   Thumb Code     2  apm32e10x_it.o(i.SysTick_Handler)
    SystemInit                               0x080004d1   Thumb Code    80  system_apm32e10x.o(i.SystemInit)
    UsageFault_Handler                       0x08000531   Thumb Code     4  apm32e10x_it.o(i.UsageFault_Handler)
    buffer_compare                           0x08000535   Thumb Code    32  main.o(i.buffer_compare)
    delay_init                               0x08000555   Thumb Code    38  main.o(i.delay_init)
    delay_ms                                 0x0800058d   Thumb Code   110  main.o(i.delay_ms)
    delay_us                                 0x08000601   Thumb Code    74  main.o(i.delay_us)
    error_handler                            0x08000651   Thumb Code    18  main.o(i.error_handler)
    i2c_ack                                  0x08000665   Thumb Code    44  soft_i2c.o(i.i2c_ack)
    i2c_config                               0x08000695   Thumb Code    72  soft_i2c.o(i.i2c_config)
    i2c_delay                                0x080006e1   Thumb Code    10  soft_i2c.o(i.i2c_delay)
    i2c_master_receive                       0x080006eb   Thumb Code    86  soft_i2c.o(i.i2c_master_receive)
    i2c_master_transmit                      0x08000741   Thumb Code    84  soft_i2c.o(i.i2c_master_transmit)
    i2c_no_ack                               0x08000795   Thumb Code    44  soft_i2c.o(i.i2c_no_ack)
    i2c_receive_byte                         0x080007c5   Thumb Code    82  soft_i2c.o(i.i2c_receive_byte)
    i2c_send_byte                            0x0800081d   Thumb Code    88  soft_i2c.o(i.i2c_send_byte)
    i2c_start                                0x08000879   Thumb Code    48  soft_i2c.o(i.i2c_start)
    i2c_stop                                 0x080008ad   Thumb Code    48  soft_i2c.o(i.i2c_stop)
    i2c_wait_ack                             0x080008e1   Thumb Code   108  soft_i2c.o(i.i2c_wait_ack)
    main                                     0x08000951   Thumb Code    92  main.o(i.main)
    GPIO_PIN                                 0x080009b4   Data           4  board.o(.constdata)
    GPIO_CLK                                 0x080009b8   Data           8  board.o(.constdata)
    BUTTON_PIN                               0x080009c0   Data           4  board.o(.constdata)
    BUTTON_CLK                               0x080009c4   Data           8  board.o(.constdata)
    BUTTON_EINT_LINE                         0x080009cc   Data           4  board.o(.constdata)
    BUTTON_PORT_SOURCE                       0x080009d0   Data           2  board.o(.constdata)
    BUTTON_PIN_SOURCE                        0x080009d2   Data           2  board.o(.constdata)
    BUTTON_IRQn                              0x080009d4   Data           2  board.o(.constdata)
    COM_USART_CLK                            0x080009d8   Data           8  board.o(.constdata)
    COM_TX_PORT_CLK                          0x080009e0   Data           8  board.o(.constdata)
    COM_RX_PORT_CLK                          0x080009e8   Data           8  board.o(.constdata)
    COM_TX_PIN                               0x080009f0   Data           4  board.o(.constdata)
    COM_RX_PIN                               0x080009f4   Data           4  board.o(.constdata)
    Region$$Table$$Base                      0x080009f8   Number         0  anon$$obj.o(Region$$Table)
    Region$$Table$$Limit                     0x08000a18   Number         0  anon$$obj.o(Region$$Table)
    tx_buf                                   0x20000008   Data           8  main.o(.data)
    rx_buf                                   0x20000010   Data           8  main.o(.data)
    SystemCoreClock                          0x20000018   Data           4  system_apm32e10x.o(.data)
    GPIO_PORT                                0x2000001c   Data           8  board.o(.data)
    BUTTON_PORT                              0x20000024   Data           8  board.o(.data)
    COM_USART                                0x2000002c   Data           8  board.o(.data)
    COM_TX_PORT                              0x20000034   Data           8  board.o(.data)
    COM_RX_PORT                              0x2000003c   Data           8  board.o(.data)
    __libspace_start                         0x20000044   Data          96  libspace.o(.bss)
    __temporary_stack_top$libspace           0x200000a4   Data           0  libspace.o(.bss)



==============================================================================

Memory Map of the image

  Image Entry point : 0x08000145

  Load Region LR_IROM1 (Base: 0x08000000, Size: 0x00000a5c, Max: 0x00080000, ABSOLUTE)

    Execution Region ER_IROM1 (Exec base: 0x08000000, Load base: 0x08000000, Size: 0x00000a18, Max: 0x00080000, ABSOLUTE)

    Exec Addr    Load Addr    Size         Type   Attr      Idx    E Section Name        Object

    0x08000000   0x08000000   0x00000144   Data   RO          336    RESET               startup_apm32e10x_hd.o
    0x08000144   0x08000144   0x00000008   Code   RO         4814  * !!!main             c_w.l(__main.o)
    0x0800014c   0x0800014c   0x00000034   Code   RO         4971    !!!scatter          c_w.l(__scatter.o)
    0x08000180   0x08000180   0x0000001a   Code   RO         4973    !!handler_copy      c_w.l(__scatter_copy.o)
    0x0800019a   0x0800019a   0x00000002   PAD
    0x0800019c   0x0800019c   0x0000001c   Code   RO         4975    !!handler_zi        c_w.l(__scatter_zi.o)
    0x080001b8   0x080001b8   0x00000002   Code   RO         4841    .ARM.Collect$$libinit$$00000000  c_w.l(libinit.o)
    0x080001ba   0x080001ba   0x00000000   Code   RO         4848    .ARM.Collect$$libinit$$00000002  c_w.l(libinit2.o)
    0x080001ba   0x080001ba   0x00000000   Code   RO         4850    .ARM.Collect$$libinit$$00000004  c_w.l(libinit2.o)
    0x080001ba   0x080001ba   0x00000000   Code   RO         4853    .ARM.Collect$$libinit$$0000000A  c_w.l(libinit2.o)
    0x080001ba   0x080001ba   0x00000000   Code   RO         4855    .ARM.Collect$$libinit$$0000000C  c_w.l(libinit2.o)
    0x080001ba   0x080001ba   0x00000000   Code   RO         4857    .ARM.Collect$$libinit$$0000000E  c_w.l(libinit2.o)
    0x080001ba   0x080001ba   0x00000000   Code   RO         4860    .ARM.Collect$$libinit$$00000011  c_w.l(libinit2.o)
    0x080001ba   0x080001ba   0x00000000   Code   RO         4862    .ARM.Collect$$libinit$$00000013  c_w.l(libinit2.o)
    0x080001ba   0x080001ba   0x00000000   Code   RO         4864    .ARM.Collect$$libinit$$00000015  c_w.l(libinit2.o)
    0x080001ba   0x080001ba   0x00000000   Code   RO         4866    .ARM.Collect$$libinit$$00000017  c_w.l(libinit2.o)
    0x080001ba   0x080001ba   0x00000000   Code   RO         4868    .ARM.Collect$$libinit$$00000019  c_w.l(libinit2.o)
    0x080001ba   0x080001ba   0x00000000   Code   RO         4870    .ARM.Collect$$libinit$$0000001B  c_w.l(libinit2.o)
    0x080001ba   0x080001ba   0x00000000   Code   RO         4872    .ARM.Collect$$libinit$$0000001D  c_w.l(libinit2.o)
    0x080001ba   0x080001ba   0x00000000   Code   RO         4874    .ARM.Collect$$libinit$$0000001F  c_w.l(libinit2.o)
    0x080001ba   0x080001ba   0x00000000   Code   RO         4876    .ARM.Collect$$libinit$$00000021  c_w.l(libinit2.o)
    0x080001ba   0x080001ba   0x00000000   Code   RO         4878    .ARM.Collect$$libinit$$00000023  c_w.l(libinit2.o)
    0x080001ba   0x080001ba   0x00000000   Code   RO         4880    .ARM.Collect$$libinit$$00000025  c_w.l(libinit2.o)
    0x080001ba   0x080001ba   0x00000000   Code   RO         4884    .ARM.Collect$$libinit$$0000002C  c_w.l(libinit2.o)
    0x080001ba   0x080001ba   0x00000000   Code   RO         4886    .ARM.Collect$$libinit$$0000002E  c_w.l(libinit2.o)
    0x080001ba   0x080001ba   0x00000000   Code   RO         4888    .ARM.Collect$$libinit$$00000030  c_w.l(libinit2.o)
    0x080001ba   0x080001ba   0x00000000   Code   RO         4890    .ARM.Collect$$libinit$$00000032  c_w.l(libinit2.o)
    0x080001ba   0x080001ba   0x00000002   Code   RO         4891    .ARM.Collect$$libinit$$00000033  c_w.l(libinit2.o)
    0x080001bc   0x080001bc   0x00000002   Code   RO         4911    .ARM.Collect$$libshutdown$$00000000  c_w.l(libshutdown.o)
    0x080001be   0x080001be   0x00000000   Code   RO         4924    .ARM.Collect$$libshutdown$$00000002  c_w.l(libshutdown2.o)
    0x080001be   0x080001be   0x00000000   Code   RO         4926    .ARM.Collect$$libshutdown$$00000004  c_w.l(libshutdown2.o)
    0x080001be   0x080001be   0x00000000   Code   RO         4929    .ARM.Collect$$libshutdown$$00000007  c_w.l(libshutdown2.o)
    0x080001be   0x080001be   0x00000000   Code   RO         4932    .ARM.Collect$$libshutdown$$0000000A  c_w.l(libshutdown2.o)
    0x080001be   0x080001be   0x00000000   Code   RO         4934    .ARM.Collect$$libshutdown$$0000000C  c_w.l(libshutdown2.o)
    0x080001be   0x080001be   0x00000000   Code   RO         4937    .ARM.Collect$$libshutdown$$0000000F  c_w.l(libshutdown2.o)
    0x080001be   0x080001be   0x00000002   Code   RO         4938    .ARM.Collect$$libshutdown$$00000010  c_w.l(libshutdown2.o)
    0x080001c0   0x080001c0   0x00000000   Code   RO         4816    .ARM.Collect$$rtentry$$00000000  c_w.l(__rtentry.o)
    0x080001c0   0x080001c0   0x00000000   Code   RO         4818    .ARM.Collect$$rtentry$$00000002  c_w.l(__rtentry2.o)
    0x080001c0   0x080001c0   0x00000006   Code   RO         4830    .ARM.Collect$$rtentry$$00000004  c_w.l(__rtentry4.o)
    0x080001c6   0x080001c6   0x00000000   Code   RO         4820    .ARM.Collect$$rtentry$$00000009  c_w.l(__rtentry2.o)
    0x080001c6   0x080001c6   0x00000004   Code   RO         4821    .ARM.Collect$$rtentry$$0000000A  c_w.l(__rtentry2.o)
    0x080001ca   0x080001ca   0x00000000   Code   RO         4823    .ARM.Collect$$rtentry$$0000000C  c_w.l(__rtentry2.o)
    0x080001ca   0x080001ca   0x00000008   Code   RO         4824    .ARM.Collect$$rtentry$$0000000D  c_w.l(__rtentry2.o)
    0x080001d2   0x080001d2   0x00000002   Code   RO         4845    .ARM.Collect$$rtexit$$00000000  c_w.l(rtexit.o)
    0x080001d4   0x080001d4   0x00000000   Code   RO         4893    .ARM.Collect$$rtexit$$00000002  c_w.l(rtexit2.o)
    0x080001d4   0x080001d4   0x00000004   Code   RO         4894    .ARM.Collect$$rtexit$$00000003  c_w.l(rtexit2.o)
    0x080001d8   0x080001d8   0x00000006   Code   RO         4895    .ARM.Collect$$rtexit$$00000004  c_w.l(rtexit2.o)
    0x080001de   0x080001de   0x00000002   PAD
    0x080001e0   0x080001e0   0x00000040   Code   RO          337    .text               startup_apm32e10x_hd.o
    0x08000220   0x08000220   0x00000006   Code   RO         4812    .text               c_w.l(heapauxi.o)
    0x08000226   0x08000226   0x0000004a   Code   RO         4832    .text               c_w.l(sys_stackheap_outer.o)
    0x08000270   0x08000270   0x00000012   Code   RO         4834    .text               c_w.l(exit.o)
    0x08000282   0x08000282   0x00000002   PAD
    0x08000284   0x08000284   0x00000008   Code   RO         4842    .text               c_w.l(libspace.o)
    0x0800028c   0x0800028c   0x0000000c   Code   RO         4903    .text               c_w.l(sys_exit.o)
    0x08000298   0x08000298   0x00000002   Code   RO         4914    .text               c_w.l(use_no_semi.o)
    0x0800029a   0x0800029a   0x00000000   Code   RO         4916    .text               c_w.l(indicate_semi.o)
    0x0800029a   0x0800029a   0x00000002   PAD
    0x0800029c   0x0800029c   0x0000004c   Code   RO         4747    i.APM_MINI_LEDInit  board.o
    0x080002e8   0x080002e8   0x00000004   Code   RO          120    i.BusFault_Handler  apm32e10x_it.o
    0x080002ec   0x080002ec   0x00000002   Code   RO          121    i.DebugMon_Handler  apm32e10x_it.o
    0x080002ee   0x080002ee   0x0000009a   Code   RO         1835    i.GPIO_Config       apm32e10x_gpio.o
    0x08000388   0x08000388   0x00000012   Code   RO         1842    i.GPIO_ReadInputBit  apm32e10x_gpio.o
    0x0800039a   0x0800039a   0x00000004   Code   RO         1847    i.GPIO_ResetBits    apm32e10x_gpio.o
    0x0800039e   0x0800039e   0x00000004   Code   RO         1848    i.GPIO_SetBits      apm32e10x_gpio.o
    0x080003a2   0x080003a2   0x00000004   Code   RO          122    i.HardFault_Handler  apm32e10x_it.o
    0x080003a6   0x080003a6   0x00000004   Code   RO          123    i.MemManage_Handler  apm32e10x_it.o
    0x080003aa   0x080003aa   0x00000002   Code   RO          124    i.NMI_Handler       apm32e10x_it.o
    0x080003ac   0x080003ac   0x00000002   Code   RO          125    i.PendSV_Handler    apm32e10x_it.o
    0x080003ae   0x080003ae   0x00000002   PAD
    0x080003b0   0x080003b0   0x00000010   Code   RO         2508    i.RCM_EnableAPB2PeriphClock  apm32e10x_rcm.o
    0x080003c0   0x080003c0   0x00000002   Code   RO          126    i.SVC_Handler       apm32e10x_it.o
    0x080003c2   0x080003c2   0x00000028   Code   RO         2332    i.SysTick_ConfigCLKSource  apm32e10x_misc.o
    0x080003ea   0x080003ea   0x00000002   Code   RO          127    i.SysTick_Handler   apm32e10x_it.o
    0x080003ec   0x080003ec   0x000000dc   Code   RO          291    i.SystemClock120M   system_apm32e10x.o
    0x080004c8   0x080004c8   0x00000008   Code   RO          292    i.SystemClockConfig  system_apm32e10x.o
    0x080004d0   0x080004d0   0x00000060   Code   RO          294    i.SystemInit        system_apm32e10x.o
    0x08000530   0x08000530   0x00000004   Code   RO          128    i.UsageFault_Handler  apm32e10x_it.o
    0x08000534   0x08000534   0x00000020   Code   RO            4    i.buffer_compare    main.o
    0x08000554   0x08000554   0x00000038   Code   RO            5    i.delay_init        main.o
    0x0800058c   0x0800058c   0x00000074   Code   RO            6    i.delay_ms          main.o
    0x08000600   0x08000600   0x00000050   Code   RO            8    i.delay_us          main.o
    0x08000650   0x08000650   0x00000012   Code   RO            9    i.error_handler     main.o
    0x08000662   0x08000662   0x00000002   PAD
    0x08000664   0x08000664   0x00000030   Code   RO          195    i.i2c_ack           soft_i2c.o
    0x08000694   0x08000694   0x0000004c   Code   RO          196    i.i2c_config        soft_i2c.o
    0x080006e0   0x080006e0   0x0000000a   Code   RO          197    i.i2c_delay         soft_i2c.o
    0x080006ea   0x080006ea   0x00000056   Code   RO          198    i.i2c_master_receive  soft_i2c.o
    0x08000740   0x08000740   0x00000054   Code   RO          199    i.i2c_master_transmit  soft_i2c.o
    0x08000794   0x08000794   0x00000030   Code   RO          202    i.i2c_no_ack        soft_i2c.o
    0x080007c4   0x080007c4   0x00000058   Code   RO          203    i.i2c_receive_byte  soft_i2c.o
    0x0800081c   0x0800081c   0x0000005c   Code   RO          204    i.i2c_send_byte     soft_i2c.o
    0x08000878   0x08000878   0x00000034   Code   RO          205    i.i2c_start         soft_i2c.o
    0x080008ac   0x080008ac   0x00000034   Code   RO          206    i.i2c_stop          soft_i2c.o
    0x080008e0   0x080008e0   0x00000070   Code   RO          207    i.i2c_wait_ack      soft_i2c.o
    0x08000950   0x08000950   0x00000064   Code   RO           10    i.main              main.o
    0x080009b4   0x080009b4   0x00000044   Data   RO         4753    .constdata          board.o
    0x080009f8   0x080009f8   0x00000020   Data   RO         4969    Region$$Table       anon$$obj.o


    Execution Region RW_IRAM1 (Exec base: 0x20000000, Load base: 0x08000a18, Size: 0x000006a8, Max: 0x00020000, ABSOLUTE)

    Exec Addr    Load Addr    Size         Type   Attr      Idx    E Section Name        Object

    0x20000000   0x08000a18   0x00000018   Data   RW           11    .data               main.o
    0x20000018   0x08000a30   0x00000004   Data   RW          295    .data               system_apm32e10x.o
    0x2000001c   0x08000a34   0x00000028   Data   RW         4754    .data               board.o
    0x20000044        -       0x00000060   Zero   RW         4843    .bss                c_w.l(libspace.o)
    0x200000a4   0x08000a5c   0x00000004   PAD
    0x200000a8        -       0x00000200   Zero   RW          335    HEAP                startup_apm32e10x_hd.o
    0x200002a8        -       0x00000400   Zero   RW          334    STACK               startup_apm32e10x_hd.o


==============================================================================

Image component sizes


      Code (inc. data)   RO Data    RW Data    ZI Data      Debug   Object Name

       180          0          0          0          0       3538   apm32e10x_gpio.o
        26          0          0          0          0       4158   apm32e10x_it.o
        40          0          0          0          0        626   apm32e10x_misc.o
        16          4          0          0          0        616   apm32e10x_rcm.o
        76         12         68         40          0       2175   board.o
       402         38          0         24          0      76623   main.o
       748         34          0          0          0       7232   soft_i2c.o
        64         26        324          0       1536        932   startup_apm32e10x_hd.o
       324         24          0          4          0       2771   system_apm32e10x.o

    ----------------------------------------------------------------------
      1880        138        424         68       1536      98671   Object Totals
         0          0         32          0          0          0   (incl. Generated)
         4          0          0          0          0          0   (incl. Padding)

    ----------------------------------------------------------------------

      Code (inc. data)   RO Data    RW Data    ZI Data      Debug   Library Member Name

         8          0          0          0          0         68   __main.o
         0          0          0          0          0          0   __rtentry.o
        12          0          0          0          0          0   __rtentry2.o
         6          0          0          0          0          0   __rtentry4.o
        52          8          0          0          0          0   __scatter.o
        26          0          0          0          0          0   __scatter_copy.o
        28          0          0          0          0          0   __scatter_zi.o
        18          0          0          0          0         80   exit.o
         6          0          0          0          0        152   heapauxi.o
         0          0          0          0          0          0   indicate_semi.o
         2          0          0          0          0          0   libinit.o
         2          0          0          0          0          0   libinit2.o
         2          0          0          0          0          0   libshutdown.o
         2          0          0          0          0          0   libshutdown2.o
         8          4          0          0         96         68   libspace.o
         2          0          0          0          0          0   rtexit.o
        10          0          0          0          0          0   rtexit2.o
        12          4          0          0          0         68   sys_exit.o
        74          0          0          0          0         80   sys_stackheap_outer.o
         2          0          0          0          0         68   use_no_semi.o

    ----------------------------------------------------------------------
       280         16          0          0        100        584   Library Totals
         8          0          0          0          4          0   (incl. Padding)

    ----------------------------------------------------------------------

      Code (inc. data)   RO Data    RW Data    ZI Data      Debug   Library Name

       272         16          0          0         96        584   c_w.l

    ----------------------------------------------------------------------
       280         16          0          0        100        584   Library Totals

    ----------------------------------------------------------------------

==============================================================================


      Code (inc. data)   RO Data    RW Data    ZI Data      Debug   

      2160        154        424         68       1636      97431   Grand Totals
      2160        154        424         68       1636      97431   ELF Image Totals
      2160        154        424         68          0          0   ROM Totals

==============================================================================

    Total RO  Size (Code + RO Data)                 2584 (   2.52kB)
    Total RW  Size (RW Data + ZI Data)              1704 (   1.66kB)
    Total ROM Size (Code + RO Data + RW Data)       2652 (   2.59kB)

==============================================================================

