<html>
<body>
<pre>
<h1>µVision Build Log</h1>
<h2>Tool Versions:</h2>
IDE-Version: ¦ÌVision V5.25.2.0
Copyright (C) 2018 ARM Ltd and ARM Germany GmbH. All rights reserved.
License Information: Alan Chen, CCZ, LIC=BL28G-VT71D-QIQ5M-XD4N5-HPE1N-NYZAR
 
Tool Versions:
Toolchain:       MDK-ARM Professional  Version: 5.25.2.0
Toolchain Path:  C:\MySofaware\MDK5\ARM\ARMCC\Bin
C Compiler:      Armcc.exe V5.06 update 6 (build 750)
Assembler:       Armasm.exe V5.06 update 6 (build 750)
Linker/Locator:  ArmLink.exe V5.06 update 6 (build 750)
Library Manager: ArmAr.exe V5.06 update 6 (build 750)
Hex Converter:   FromElf.exe V5.06 update 6 (build 750)
CPU DLL:         SARMCM3.DLL V5.25.2.0
Dialog DLL:      DCM.DLL V1.17.1.0
Target DLL:      STLink\ST-LINKIII-KEIL_SWO.dll V3.0.1.0
Dialog DLL:      TCM.DLL V1.35.1.0
 
<h2>Project:</h2>
C:\Users\geehy\Desktop\APM32E103 IO emulates I2C\Examples\IO Emulates I2C\IO Emulates I2C\MDK_Project\IO Emulates I2C.uvprojx
Project File Date:  04/03/2023

<h2>Output:</h2>
*** Using Compiler 'V5.06 update 6 (build 750)', folder: 'C:\MySofaware\MDK5\ARM\ARMCC\Bin'
Rebuild target 'APM32E103_MINI'
assembling startup_apm32e10x_hd.s...
compiling system_apm32e10x.c...
compiling apm32e10x_bakpr.c...
compiling apm32e10x_adc.c...
compiling apm32e10x_it.c...
compiling main.c...
compiling apm32e10x_can.c...
compiling apm32e10x_crc.c...
compiling apm32e10x_dac.c...
compiling apm32e10x_dbgmcu.c...
compiling apm32e10x_dma.c...
compiling apm32e10x_eint.c...
compiling apm32e10x_dmc.c...
compiling apm32e10x_emmc.c...
compiling apm32e10x_fmc.c...
compiling apm32e10x_gpio.c...
compiling apm32e10x_i2c.c...
compiling apm32e10x_iwdt.c...
compiling apm32e10x_misc.c...
compiling apm32e10x_pmu.c...
compiling apm32e10x_rcm.c...
compiling apm32e10x_rtc.c...
compiling apm32e10x_sci2c.c...
compiling apm32e10x_sdio.c...
compiling apm32e10x_spi.c...
compiling apm32e10x_usart.c...
compiling apm32e10x_tmr.c...
compiling apm32e10x_usb.c...
compiling apm32e10x_wwdt.c...
compiling Board.c...
linking...
Program Size: Code=1036 RO-data=424 RW-data=40 ZI-data=1632  
".\Objects\GPIO_Toggle.axf" - 0 Error(s), 0 Warning(s).

<h2>Software Packages used:</h2>

Package Vendor: Geehy
                https://www.geehy.com/uploads/tool/Geehy.APM32E1xx_DFP.1.0.1.pack
                Geehy.APM32E1xx_DFP.1.0.1
                Geehy Semiconductor APM32E1 Series Device Support, Drivers and Examples

<h2>Collection of Component include folders:</h2>
  .\RTE\_APM32E103_MINI
  C:\MySofaware\MDK5\ARM\PACK\Geehy\APM32E1xx_DFP\1.0.1\Device\Include

<h2>Collection of Component Files used:</h2>
Build Time Elapsed:  00:00:16
</pre>
</body>
</html>
